Archive member included to satisfy reference by file (symbol)

/opt/st/stm32cubeide_1.10.1/plugins/com.st.stm32cube.ide.mcu.externaltools.gnu-tools-for-stm32.10.3-2021.10.linux64_1.0.0.202111181127/tools/bin/../lib/gcc/arm-none-eabi/10.3.1/../../../../arm-none-eabi/lib/thumb/v7-m/nofp/libc_nano.a(lib_a-errno.o)
                              ./Core/Src/syscalls.o (__errno)
/opt/st/stm32cubeide_1.10.1/plugins/com.st.stm32cube.ide.mcu.externaltools.gnu-tools-for-stm32.10.3-2021.10.linux64_1.0.0.202111181127/tools/bin/../lib/gcc/arm-none-eabi/10.3.1/../../../../arm-none-eabi/lib/thumb/v7-m/nofp/libc_nano.a(lib_a-exit.o)
                              /opt/st/stm32cubeide_1.10.1/plugins/com.st.stm32cube.ide.mcu.externaltools.gnu-tools-for-stm32.10.3-2021.10.linux64_1.0.0.202111181127/tools/bin/../lib/gcc/arm-none-eabi/10.3.1/../../../../arm-none-eabi/lib/thumb/v7-m/nofp/crt0.o (exit)
/opt/st/stm32cubeide_1.10.1/plugins/com.st.stm32cube.ide.mcu.externaltools.gnu-tools-for-stm32.10.3-2021.10.linux64_1.0.0.202111181127/tools/bin/../lib/gcc/arm-none-eabi/10.3.1/../../../../arm-none-eabi/lib/thumb/v7-m/nofp/libc_nano.a(lib_a-impure.o)
                              /opt/st/stm32cubeide_1.10.1/plugins/com.st.stm32cube.ide.mcu.externaltools.gnu-tools-for-stm32.10.3-2021.10.linux64_1.0.0.202111181127/tools/bin/../lib/gcc/arm-none-eabi/10.3.1/../../../../arm-none-eabi/lib/thumb/v7-m/nofp/libc_nano.a(lib_a-exit.o) (_global_impure_ptr)
/opt/st/stm32cubeide_1.10.1/plugins/com.st.stm32cube.ide.mcu.externaltools.gnu-tools-for-stm32.10.3-2021.10.linux64_1.0.0.202111181127/tools/bin/../lib/gcc/arm-none-eabi/10.3.1/../../../../arm-none-eabi/lib/thumb/v7-m/nofp/libc_nano.a(lib_a-init.o)
                              /opt/st/stm32cubeide_1.10.1/plugins/com.st.stm32cube.ide.mcu.externaltools.gnu-tools-for-stm32.10.3-2021.10.linux64_1.0.0.202111181127/tools/bin/../lib/gcc/arm-none-eabi/10.3.1/../../../../arm-none-eabi/lib/thumb/v7-m/nofp/crt0.o (__libc_init_array)
/opt/st/stm32cubeide_1.10.1/plugins/com.st.stm32cube.ide.mcu.externaltools.gnu-tools-for-stm32.10.3-2021.10.linux64_1.0.0.202111181127/tools/bin/../lib/gcc/arm-none-eabi/10.3.1/../../../../arm-none-eabi/lib/thumb/v7-m/nofp/libc_nano.a(lib_a-memcmp.o)
                              ./Core/Src/Device/rfid.o (memcmp)
/opt/st/stm32cubeide_1.10.1/plugins/com.st.stm32cube.ide.mcu.externaltools.gnu-tools-for-stm32.10.3-2021.10.linux64_1.0.0.202111181127/tools/bin/../lib/gcc/arm-none-eabi/10.3.1/../../../../arm-none-eabi/lib/thumb/v7-m/nofp/libc_nano.a(lib_a-memcpy-stub.o)
                              ./Core/Src/Device/rfid.o (memcpy)
/opt/st/stm32cubeide_1.10.1/plugins/com.st.stm32cube.ide.mcu.externaltools.gnu-tools-for-stm32.10.3-2021.10.linux64_1.0.0.202111181127/tools/bin/../lib/gcc/arm-none-eabi/10.3.1/../../../../arm-none-eabi/lib/thumb/v7-m/nofp/libc_nano.a(lib_a-memset.o)
                              /opt/st/stm32cubeide_1.10.1/plugins/com.st.stm32cube.ide.mcu.externaltools.gnu-tools-for-stm32.10.3-2021.10.linux64_1.0.0.202111181127/tools/bin/../lib/gcc/arm-none-eabi/10.3.1/../../../../arm-none-eabi/lib/thumb/v7-m/nofp/crt0.o (memset)
/opt/st/stm32cubeide_1.10.1/plugins/com.st.stm32cube.ide.mcu.externaltools.gnu-tools-for-stm32.10.3-2021.10.linux64_1.0.0.202111181127/tools/bin/../lib/gcc/arm-none-eabi/10.3.1/../../../../arm-none-eabi/lib/thumb/v7-m/nofp/libc_nano.a(lib_a-snprintf.o)
                              ./Lib/utils/utils_logger.o (snprintf)
/opt/st/stm32cubeide_1.10.1/plugins/com.st.stm32cube.ide.mcu.externaltools.gnu-tools-for-stm32.10.3-2021.10.linux64_1.0.0.202111181127/tools/bin/../lib/gcc/arm-none-eabi/10.3.1/../../../../arm-none-eabi/lib/thumb/v7-m/nofp/libc_nano.a(lib_a-strlen.o)
                              ./Lib/PN532/PN532.o (strlen)
/opt/st/stm32cubeide_1.10.1/plugins/com.st.stm32cube.ide.mcu.externaltools.gnu-tools-for-stm32.10.3-2021.10.linux64_1.0.0.202111181127/tools/bin/../lib/gcc/arm-none-eabi/10.3.1/../../../../arm-none-eabi/lib/thumb/v7-m/nofp/libc_nano.a(lib_a-vsnprintf.o)
                              ./Lib/utils/utils_logger.o (vsnprintf)
/opt/st/stm32cubeide_1.10.1/plugins/com.st.stm32cube.ide.mcu.externaltools.gnu-tools-for-stm32.10.3-2021.10.linux64_1.0.0.202111181127/tools/bin/../lib/gcc/arm-none-eabi/10.3.1/../../../../arm-none-eabi/lib/thumb/v7-m/nofp/libc_nano.a(lib_a-nano-svfprintf.o)
                              /opt/st/stm32cubeide_1.10.1/plugins/com.st.stm32cube.ide.mcu.externaltools.gnu-tools-for-stm32.10.3-2021.10.linux64_1.0.0.202111181127/tools/bin/../lib/gcc/arm-none-eabi/10.3.1/../../../../arm-none-eabi/lib/thumb/v7-m/nofp/libc_nano.a(lib_a-snprintf.o) (_svfprintf_r)
/opt/st/stm32cubeide_1.10.1/plugins/com.st.stm32cube.ide.mcu.externaltools.gnu-tools-for-stm32.10.3-2021.10.linux64_1.0.0.202111181127/tools/bin/../lib/gcc/arm-none-eabi/10.3.1/../../../../arm-none-eabi/lib/thumb/v7-m/nofp/libc_nano.a(lib_a-nano-vfprintf_i.o)
[...]
Memory Configuration

Name             Origin             Length             Attributes
RAM              0x0000000020000000 0x0000000000005000 xrw
FLASH            0x0000000008000000 0x0000000000010000 xr
*default*        0x0000000000000000 0xffffffffffffffff

Linker script and memory map

LOAD /opt/st/stm32cubeide_1.10.1/plugins/com.st.stm32cube.ide.mcu.externaltools.gnu-tools-for-stm32.10.3-2021.10.linux64_1.0.0.202111181127/tools/bin/../lib/gcc/arm-none-eabi/10.3.1/thumb/v7-m/nofp/crti.o
LOAD /opt/st/stm32cubeide_1.10.1/plugins/com.st.stm32cube.ide.mcu.externaltools.gnu-tools-for-stm32.10.3-2021.10.linux64_1.0.0.202111181127/tools/bin/../lib/gcc/arm-none-eabi/10.3.1/thumb/v7-m/nofp/crtbegin.o
LOAD /opt/st/stm32cubeide_1.10.1/plugins/com.st.stm32cube.ide.mcu.externaltools.gnu-tools-for-stm32.10.3-2021.10.linux64_1.0.0.202111181127/tools/bin/../lib/gcc/arm-none-eabi/10.3.1/../../../../arm-none-eabi/lib/thumb/v7-m/nofp/crt0.o
LOAD ./Core/Src/App/commandhandler.o
LOAD ./Core/Src/App/crc.o
LOAD ./Core/Src/Device/dipswitch.o
LOAD ./Core/Src/Device/loadcell.o
LOAD ./Core/Src/Device/rfid.o
LOAD ./Core/Src/Hal/clock.o
LOAD ./Core/Src/Hal/gpio.o
LOAD ./Core/Src/Hal/spi.o
LOAD ./Core/Src/Hal/timer.o
LOAD ./Core/Src/Hal/uart.o
LOAD ./Core/Src/Hal/watchdog.o
LOAD ./Core/Src/Tp/rs485.o
LOAD ./Core/Src/main.o
LOAD ./Core/Src/stm32f1xx_hal_msp.o
LOAD ./Core/Src/stm32f1xx_it.o
LOAD ./Core/Src/syscalls.o
LOAD ./Core/Src/sysmem.o
LOAD ./Core/Src/system_stm32f1xx.o
LOAD ./Core/Startup/startup_stm32f103c8tx.o
LOAD ./Drivers/STM32F1xx_HAL_Driver/Src/stm32f1xx_hal.o
LOAD ./Drivers/STM32F1xx_HAL_Driver/Src/stm32f1xx_hal_cortex.o
LOAD ./Drivers/STM32F1xx_HAL_Driver/Src/stm32f1xx_hal_dma.o
LOAD ./Drivers/STM32F1xx_HAL_Driver/Src/stm32f1xx_hal_exti.o
LOAD ./Drivers/STM32F1xx_HAL_Driver/Src/stm32f1xx_hal_flash.o
LOAD ./Drivers/STM32F1xx_HAL_Driver/Src/stm32f1xx_hal_flash_ex.o
LOAD ./Drivers/STM32F1xx_HAL_Driver/Src/stm32f1xx_hal_gpio.o
LOAD ./Drivers/STM32F1xx_HAL_Driver/Src/stm32f1xx_hal_gpio_ex.o
LOAD ./Drivers/STM32F1xx_HAL_Driver/Src/stm32f1xx_hal_iwdg.o
LOAD ./Drivers/STM32F1xx_HAL_Driver/Src/stm32f1xx_hal_pwr.o
LOAD ./Drivers/STM32F1xx_HAL_Driver/Src/stm32f1xx_hal_rcc.o
LOAD ./Drivers/STM32F1xx_HAL_Driver/Src/stm32f1xx_hal_rcc_ex.o
LOAD ./Drivers/STM32F1xx_HAL_Driver/Src/stm32f1xx_hal_spi.o
LOAD ./Drivers/STM32F1xx_HAL_Driver/Src/stm32f1xx_hal_tim.o
LOAD ./Drivers/STM32F1xx_HAL_Driver/Src/stm32f1xx_hal_tim_ex.o
LOAD ./Drivers/STM32F1xx_HAL_Driver/Src/stm32f1xx_hal_uart.o
LOAD ./Lib/HX711/HX711.o
LOAD ./Lib/PN532/PN532.o
LOAD ./Lib/utils/utils_buffer.o
LOAD ./Lib/utils/utils_logger.o
LOAD ./Lib/utils/utils_string.o
START GROUP
LOAD /opt/st/stm32cubeide_1.10.1/plugins/com.st.stm32cube.ide.mcu.externaltools.gnu-tools-for-stm32.10.3-2021.10.linux64_1.0.0.202111181127/tools/bin/../lib/gcc/arm-none-eabi/10.3.1/../../../../arm-none-eabi/lib/thumb/v7-m/nofp/libstdc++_nano.a
LOAD /opt/st/stm32cubeide_1.10.1/plugins/com.st.stm32cube.ide.mcu.externaltools.gnu-tools-for-stm32.10.3-2021.10.linux64_1.0.0.202111181127/tools/bin/../lib/gcc/arm-none-eabi/10.3.1/../../../../arm-none-eabi/lib/thumb/v7-m/nofp/libsupc++_nano.a
END GROUP
LOAD /opt/st/stm32cubeide_1.10.1/plugins/com.st.stm32cube.ide.mcu.externaltools.gnu-tools-for-stm32.10.3-2021.10.linux64_1.0.0.202111181127/tools/bin/../lib/gcc/arm-none-eabi/10.3.1/../../../../arm-none-eabi/lib/thumb/v7-m/nofp/libstdc++_nano.a
LOAD /opt/st/stm32cubeide_1.10.1/plugins/com.st.stm32cube.ide.mcu.externaltools.gnu-tools-for-stm32.10.3-2021.10.linux64_1.0.0.202111181127/tools/bin/../lib/gcc/arm-none-eabi/10.3.1/../../../../arm-none-eabi/lib/thumb/v7-m/nofp/libm.a
LOAD /opt/st/stm32cubeide_1.10.1/plugins/com.st.stm32cube.ide.mcu.externaltools.gnu-tools-for-stm32.10.3-2021.10.linux64_1.0.0.202111181127/tools/bin/../lib/gcc/arm-none-eabi/10.3.1/../../../../arm-none-eabi/lib/thumb/v7-m/nofp/libc_nano.a
START GROUP
LOAD /opt/st/stm32cubeide_1.10.1/plugins/com.st.stm32cube.ide.mcu.externaltools.gnu-tools-for-stm32.10.3-2021.10.linux64_1.0.0.202111181127/tools/bin/../lib/gcc/arm-none-eabi/10.3.1/thumb/v7-m/nofp/libgcc.a
LOAD /opt/st/stm32cubeide_1.10.1/plugins/com.st.stm32cube.ide.mcu.externaltools.gnu-tools-for-stm32.10.3-2021.10.linux64_1.0.0.202111181127/tools/bin/../lib/gcc/arm-none-eabi/10.3.1/../../../../arm-none-eabi/lib/thumb/v7-m/nofp/libc_nano.a
END GROUP
START GROUP
LOAD /opt/st/stm32cubeide_1.10.1/plugins/com.st.stm32cube.ide.mcu.externaltools.gnu-tools-for-stm32.10.3-2021.10.linux64_1.0.0.202111181127/tools/bin/../lib/gcc/arm-none-eabi/10.3.1/thumb/v7-m/nofp/libgcc.a
LOAD /opt/st/stm32cubeide_1.10.1/plugins/com.st.stm32cube.ide.mcu.externaltools.gnu-tools-for-stm32.10.3-2021.10.linux64_1.0.0.202111181127/tools/bin/../lib/gcc/arm-none-eabi/10.3.1/../../../../arm-none-eabi/lib/thumb/v7-m/nofp/libc_nano.a
END GROUP
LOAD /opt/st/stm32cubeide_1.10.1/plugins/com.st.stm32cube.ide.mcu.externaltools.gnu-tools-for-stm32.10.3-2021.10.linux64_1.0.0.202111181127/tools/bin/../lib/gcc/arm-none-eabi/10.3.1/thumb/v7-m/nofp/crtend.o
LOAD /opt/st/stm32cubeide_1.10.1/plugins/com.st.stm32cube.ide.mcu.externaltools.gnu-tools-for-stm32.10.3-2021.10.linux64_1.0.0.202111181127/tools/bin/../lib/gcc/arm-none-eabi/10.3.1/thumb/v7-m/nofp/crtn.o
                0x0000000020005000                _estack = (ORIGIN (RAM) + LENGTH (RAM))
                0x0000000000000200                _Min_Heap_Size = 0x200
                0x0000000000000400                _Min_Stack_Size = 0x400

.isr_vector     0x0000000008000000      0x10c
                0x0000000008000000                . = ALIGN (0x4)
 *(.isr_vector)
 .isr_vector    0x0000000008000000      0x10c ./Core/Startup/startup_stm32f103c8tx.o
                0x0000000008000000                g_pfnVectors
                0x000000000800010c                . = ALIGN (0x4)

.text           0x000000000800010c     0x5d44
                0x000000000800010c                . = ALIGN (0x4)
 *(.text)
 .text          0x000000000800010c       0x40 /opt/st/stm32cubeide_1.10.1/plugins/com.st.stm32cube.ide.mcu.externaltools.gnu-tools-for-stm32.10.3-2021.10.linux64_1.0.0.202111181127/tools/bin/../lib/gcc/arm-none-eabi/10.3.1/thumb/v7-m/nofp/crtbegin.o
 *(.text*)
 .text.COMMANDHANDLER_run
                0x000000000800014c       0x48 ./Core/Src/App/commandhandler.o
                0x000000000800014c                COMMANDHANDLER_run
 .text.COMMANDHANDLER_isRs485MessageValid
                0x0000000008000194       0x40 ./Core/Src/App/commandhandler.o
 .text.COMMANDHANDLER_handleRequestRFIDStatus
                0x00000000080001d4       0x4a ./Core/Src/App/commandhandler.o
 .text.COMMANDHANDLER_handleRequestRFIDUpdate
                0x000000000800021e       0x84 ./Core/Src/App/commandhandler.o
 .text.COMMANDHANDLER_sendRFIDStatusResponse
                0x00000000080002a2      0x1d2 ./Core/Src/App/commandhandler.o
 .text.COMMANDHANDLER_sendRFIDUpdateResponse
                0x0000000008000474       0x96 ./Core/Src/App/commandhandler.o
 *fill*         0x000000000800050a        0x2 
 .text.CRC_calculate
                0x000000000800050c       0x5c ./Core/Src/App/crc.o
                0x000000000800050c                CRC_calculate
 .text.DIPSWITCH_init
                0x0000000008000568       0x4c ./Core/Src/Device/dipswitch.o
                0x0000000008000568                DIPSWITCH_init
 .text.DIPSWITCH_get
                0x00000000080005b4       0x74 ./Core/Src/Device/dipswitch.o
                0x00000000080005b4                DIPSWITCH_get
 .text.LOADCELL_writeIo
                0x0000000008000628       0x48 ./Core/Src/Device/loadcell.o
                0x0000000008000628                LOADCELL_writeIo
 .text._Z41__static_initialization_and_destruction_0ii
                0x0000000008000670       0x44 ./Core/Src/Device/loadcell.o
 .text._GLOBAL__sub_I_LOADCELL_init
                0x00000000080006b4       0x10 ./Core/Src/Device/loadcell.o
 .text._GLOBAL__sub_D_LOADCELL_init
                0x00000000080006c4       0x10 ./Core/Src/Device/loadcell.o
 .text.RFID_init
                0x00000000080006d4       0x3c ./Core/Src/Device/rfid.o
                0x00000000080006d4                RFID_init
 .text.RFID_run
                0x0000000008000710        0xe ./Core/Src/Device/rfid.o
                0x0000000008000710                RFID_run
 *fill*         0x000000000800071e        0x2 
 .text.RFID_get
                0x0000000008000720       0x34 ./Core/Src/Device/rfid.o
                0x0000000008000720                RFID_get
 .text.RFID_isPlaced
                0x0000000008000754       0x18 ./Core/Src/Device/rfid.o
                0x0000000008000754                RFID_isPlaced
 .text.RFID_set
                0x000000000800076c       0xd4 ./Core/Src/Device/rfid.o
                0x000000000800076c                RFID_set
 .text.RFID_runById
                0x0000000008000840      0x1d0 ./Core/Src/Device/rfid.o
 .text.SPI_CS1_write
                0x0000000008000a10       0x20 ./Core/Src/Device/rfid.o
 .text.SPI_CS1_writeThenRead
                0x0000000008000a30       0x2c ./Core/Src/Device/rfid.o
 .text.SPI_CS2_write
                0x0000000008000a5c       0x20 ./Core/Src/Device/rfid.o
 .text.SPI_CS2_writeThenRead
                0x0000000008000a7c       0x2c ./Core/Src/Device/rfid.o
 .text.SPI_CS3_write
                0x0000000008000aa8       0x20 ./Core/Src/Device/rfid.o
 .text.SPI_CS3_writeThenRead
                0x0000000008000ac8       0x2c ./Core/Src/Device/rfid.o
 .text.RFID_buildToBlockData
                0x0000000008000af4       0x94 ./Core/Src/Device/rfid.o
 .text.RFID_parseFromBlockData
                0x0000000008000b88       0x84 ./Core/Src/Device/rfid.o
 .text.RFID_getBlockDataKey
                0x0000000008000c0c       0x5e ./Core/Src/Device/rfid.o
 .text.RFID_getIdKey
                0x0000000008000c6a       0x3c ./Core/Src/Device/rfid.o
 .text.CLOCK_init
                0x0000000008000ca6       0x86 ./Core/Src/Hal/clock.o
                0x0000000008000ca6                CLOCK_init
 .text.CLOCK_getTick
                0x0000000008000d2c        0xe ./Core/Src/Hal/clock.o
                0x0000000008000d2c                CLOCK_getTick
 .text.CLOCK_delayUs
                0x0000000008000d3a       0x26 ./Core/Src/Hal/clock.o
                0x0000000008000d3a                CLOCK_delayUs
 .text.GPIO_init
                0x0000000008000d60       0x78 ./Core/Src/Hal/gpio.o
                0x0000000008000d60                GPIO_init
 .text.SPI_init
                0x0000000008000dd8       0x8c ./Core/Src/Hal/spi.o
                0x0000000008000dd8                SPI_init
 .text.SPI_transmit
                0x0000000008000e64       0x40 ./Core/Src/Hal/spi.o
                0x0000000008000e64                SPI_transmit
 .text.SPI_transmitAndReceive
                0x0000000008000ea4       0x70 ./Core/Src/Hal/spi.o
                0x0000000008000ea4                SPI_transmitAndReceive
 .text.SPI_select
                0x0000000008000f14       0x44 ./Core/Src/Hal/spi.o
                0x0000000008000f14                SPI_select
 .text.SPI_deselect
                0x0000000008000f58       0x44 ./Core/Src/Hal/spi.o
                0x0000000008000f58                SPI_deselect
 .text.TIMER_init
                0x0000000008000f9c       0x84 ./Core/Src/Hal/timer.o
                0x0000000008000f9c                TIMER_init
 .text.TIMER_attach_intr_1ms
                0x0000000008001020       0x3c ./Core/Src/Hal/timer.o
                0x0000000008001020                TIMER_attach_intr_1ms
 .text.HAL_TIM_PeriodElapsedCallback
                0x000000000800105c       0x48 ./Core/Src/Hal/timer.o
                0x000000000800105c                HAL_TIM_PeriodElapsedCallback
 .text.UART_init
                0x00000000080010a4       0xd8 ./Core/Src/Hal/uart.o
                0x00000000080010a4                UART_init
 .text.UART_send
                0x000000000800117c       0x34 ./Core/Src/Hal/uart.o
                0x000000000800117c                UART_send
 .text.UART_set_receive_callback
                0x00000000080011b0       0x28 ./Core/Src/Hal/uart.o
                0x00000000080011b0                UART_set_receive_callback
 .text.HAL_UART_RxCpltCallback
                0x00000000080011d8       0xd4 ./Core/Src/Hal/uart.o
                0x00000000080011d8                HAL_UART_RxCpltCallback
 .text.RS485_init
                0x00000000080012ac       0x20 ./Core/Src/Tp/rs485.o
                0x00000000080012ac                RS485_init
 .text.RS485_run
                0x00000000080012cc       0xa0 ./Core/Src/Tp/rs485.o
                0x00000000080012cc                RS485_run
 .text.RS485_send
                0x000000000800136c       0x30 ./Core/Src/Tp/rs485.o
                0x000000000800136c                RS485_send
 .text.RS485_receive
                0x000000000800139c       0x74 ./Core/Src/Tp/rs485.o
                0x000000000800139c                RS485_receive
 .text.RS485_interrupt1ms
                0x0000000008001410       0x34 ./Core/Src/Tp/rs485.o
 .text.RS485_parse
                0x0000000008001444      0x168 ./Core/Src/Tp/rs485.o
 .text.RS485_calCheckSum
                0x00000000080015ac       0x20 ./Core/Src/Tp/rs485.o
 .text.RS485_serialize
                0x00000000080015cc      0x116 ./Core/Src/Tp/rs485.o
 .text.RS485_cutBuffer
                0x00000000080016e2       0x54 ./Core/Src/Tp/rs485.o
 *fill*         0x0000000008001736        0x2 
 .text.RS485_onUartCallback
                0x0000000008001738       0x6c ./Core/Src/Tp/rs485.o
 .text.main     0x00000000080017a4       0x36 ./Core/Src/main.o
                0x00000000080017a4                main
 .text.Error_Handler
                0x00000000080017da        0xa ./Core/Src/main.o
                0x00000000080017da                Error_Handler
 .text.HAL_MspInit
                0x00000000080017e4       0x44 ./Core/Src/stm32f1xx_hal_msp.o
                0x00000000080017e4                HAL_MspInit
 .text.HAL_SPI_MspInit
                0x0000000008001828       0x94 ./Core/Src/stm32f1xx_hal_msp.o
                0x0000000008001828                HAL_SPI_MspInit
 .text.HAL_TIM_Base_MspInit
                0x00000000080018bc       0x4c ./Core/Src/stm32f1xx_hal_msp.o
                0x00000000080018bc                HAL_TIM_Base_MspInit
 .text.HAL_UART_MspInit
                0x0000000008001908      0x1b0 ./Core/Src/stm32f1xx_hal_msp.o
                0x0000000008001908                HAL_UART_MspInit
 .text.NMI_Handler
                0x0000000008001ab8        0x6 ./Core/Src/stm32f1xx_it.o
                0x0000000008001ab8                NMI_Handler
 .text.HardFault_Handler
                0x0000000008001abe        0x6 ./Core/Src/stm32f1xx_it.o
                0x0000000008001abe                HardFault_Handler
 .text.MemManage_Handler
                0x0000000008001ac4        0x6 ./Core/Src/stm32f1xx_it.o
                0x0000000008001ac4                MemManage_Handler
 .text.BusFault_Handler
                0x0000000008001aca        0x6 ./Core/Src/stm32f1xx_it.o
                0x0000000008001aca                BusFault_Handler
 .text.UsageFault_Handler
                0x0000000008001ad0        0x6 ./Core/Src/stm32f1xx_it.o
                0x0000000008001ad0                UsageFault_Handler
 .text.SVC_Handler
                0x0000000008001ad6        0xc ./Core/Src/stm32f1xx_it.o
                0x0000000008001ad6                SVC_Handler
 .text.DebugMon_Handler
                0x0000000008001ae2        0xc ./Core/Src/stm32f1xx_it.o
                0x0000000008001ae2                DebugMon_Handler
 .text.PendSV_Handler
                0x0000000008001aee        0xc ./Core/Src/stm32f1xx_it.o
                0x0000000008001aee                PendSV_Handler
 .text.SysTick_Handler
                0x0000000008001afa        0xc ./Core/Src/stm32f1xx_it.o
                0x0000000008001afa                SysTick_Handler
 *fill*         0x0000000008001b06        0x2 
 .text.TIM3_IRQHandler
                0x0000000008001b08       0x14 ./Core/Src/stm32f1xx_it.o
                0x0000000008001b08                TIM3_IRQHandler
 .text.USART1_IRQHandler
                0x0000000008001b1c       0x14 ./Core/Src/stm32f1xx_it.o
                0x0000000008001b1c                USART1_IRQHandler
 .text.USART2_IRQHandler
                0x0000000008001b30       0x14 ./Core/Src/stm32f1xx_it.o
                0x0000000008001b30                USART2_IRQHandler
 .text.USART3_IRQHandler
                0x0000000008001b44       0x14 ./Core/Src/stm32f1xx_it.o
                0x0000000008001b44                USART3_IRQHandler
 .text._sbrk    0x0000000008001b58       0x6c ./Core/Src/sysmem.o
                0x0000000008001b58                _sbrk
 .text.SystemInit
                0x0000000008001bc4        0xc ./Core/Src/system_stm32f1xx.o
                0x0000000008001bc4                SystemInit
 .text.Reset_Handler
                0x0000000008001bd0       0x48 ./Core/Startup/startup_stm32f103c8tx.o
                0x0000000008001bd0                Reset_Handler
 .text.Default_Handler
                0x0000000008001c18        0x2 ./Core/Startup/startup_stm32f103c8tx.o
                0x0000000008001c18                RTC_Alarm_IRQHandler
                0x0000000008001c18                EXTI2_IRQHandler
                0x0000000008001c18                TIM1_CC_IRQHandler
                0x0000000008001c18                PVD_IRQHandler
                0x0000000008001c18                EXTI3_IRQHandler
                0x0000000008001c18                EXTI0_IRQHandler
                0x0000000008001c18                I2C2_EV_IRQHandler
                0x0000000008001c18                ADC1_2_IRQHandler
                0x0000000008001c18                SPI1_IRQHandler
                0x0000000008001c18                TAMPER_IRQHandler
                0x0000000008001c18                DMA1_Channel4_IRQHandler
                0x0000000008001c18                RTC_IRQHandler
                0x0000000008001c18                DMA1_Channel7_IRQHandler
                0x0000000008001c18                CAN1_RX1_IRQHandler
                0x0000000008001c18                TIM4_IRQHandler
                0x0000000008001c18                I2C1_EV_IRQHandler
                0x0000000008001c18                DMA1_Channel6_IRQHandler
                0x0000000008001c18                RCC_IRQHandler
                0x0000000008001c18                TIM1_TRG_COM_IRQHandler
                0x0000000008001c18                DMA1_Channel1_IRQHandler
                0x0000000008001c18                Default_Handler
                0x0000000008001c18                EXTI15_10_IRQHandler
                0x0000000008001c18                EXTI9_5_IRQHandler
                0x0000000008001c18                SPI2_IRQHandler
                0x0000000008001c18                DMA1_Channel5_IRQHandler
                0x0000000008001c18                EXTI4_IRQHandler
                0x0000000008001c18                USB_LP_CAN1_RX0_IRQHandler
                0x0000000008001c18                USB_HP_CAN1_TX_IRQHandler
                0x0000000008001c18                DMA1_Channel3_IRQHandler
                0x0000000008001c18                TIM1_UP_IRQHandler
                0x0000000008001c18                WWDG_IRQHandler
                0x0000000008001c18                TIM2_IRQHandler
                0x0000000008001c18                TIM1_BRK_IRQHandler
                0x0000000008001c18                EXTI1_IRQHandler
                0x0000000008001c18                I2C2_ER_IRQHandler
                0x0000000008001c18                DMA1_Channel2_IRQHandler
                0x0000000008001c18                CAN1_SCE_IRQHandler
                0x0000000008001c18                FLASH_IRQHandler
                0x0000000008001c18                I2C1_ER_IRQHandler
                0x0000000008001c18                USBWakeUp_IRQHandler
 *fill*         0x0000000008001c1a        0x2 
 .text.HAL_Init
                0x0000000008001c1c       0x2c ./Drivers/STM32F1xx_HAL_Driver/Src/stm32f1xx_hal.o
                0x0000000008001c1c                HAL_Init
 .text.HAL_InitTick
                0x0000000008001c48       0x60 ./Drivers/STM32F1xx_HAL_Driver/Src/stm32f1xx_hal.o
                0x0000000008001c48                HAL_InitTick
 .text.HAL_IncTick
                0x0000000008001ca8       0x24 ./Drivers/STM32F1xx_HAL_Driver/Src/stm32f1xx_hal.o
                0x0000000008001ca8                HAL_IncTick
 .text.HAL_GetTick
                0x0000000008001ccc       0x14 ./Drivers/STM32F1xx_HAL_Driver/Src/stm32f1xx_hal.o
                0x0000000008001ccc                HAL_GetTick
 .text.HAL_Delay
                0x0000000008001ce0       0x48 ./Drivers/STM32F1xx_HAL_Driver/Src/stm32f1xx_hal.o
                0x0000000008001ce0                HAL_Delay
 .text.__NVIC_SetPriorityGrouping
                0x0000000008001d28       0x48 ./Drivers/STM32F1xx_HAL_Driver/Src/stm32f1xx_hal_cortex.o
 .text.__NVIC_GetPriorityGrouping
                0x0000000008001d70       0x1c ./Drivers/STM32F1xx_HAL_Driver/Src/stm32f1xx_hal_cortex.o
 .text.__NVIC_EnableIRQ
                0x0000000008001d8c       0x38 ./Drivers/STM32F1xx_HAL_Driver/Src/stm32f1xx_hal_cortex.o
 .text.__NVIC_SetPriority
                0x0000000008001dc4       0x54 ./Drivers/STM32F1xx_HAL_Driver/Src/stm32f1xx_hal_cortex.o
 .text.NVIC_EncodePriority
                0x0000000008001e18       0x64 ./Drivers/STM32F1xx_HAL_Driver/Src/stm32f1xx_hal_cortex.o
 .text.SysTick_Config
                0x0000000008001e7c       0x44 ./Drivers/STM32F1xx_HAL_Driver/Src/stm32f1xx_hal_cortex.o
 .text.HAL_NVIC_SetPriorityGrouping
                0x0000000008001ec0       0x16 ./Drivers/STM32F1xx_HAL_Driver/Src/stm32f1xx_hal_cortex.o
                0x0000000008001ec0                HAL_NVIC_SetPriorityGrouping
 .text.HAL_NVIC_SetPriority
                0x0000000008001ed6       0x38 ./Drivers/STM32F1xx_HAL_Driver/Src/stm32f1xx_hal_cortex.o
                0x0000000008001ed6                HAL_NVIC_SetPriority
 .text.HAL_NVIC_EnableIRQ
                0x0000000008001f0e       0x1c ./Drivers/STM32F1xx_HAL_Driver/Src/stm32f1xx_hal_cortex.o
                0x0000000008001f0e                HAL_NVIC_EnableIRQ
 .text.HAL_SYSTICK_Config
                0x0000000008001f2a       0x18 ./Drivers/STM32F1xx_HAL_Driver/Src/stm32f1xx_hal_cortex.o
                0x0000000008001f2a                HAL_SYSTICK_Config
 .text.HAL_DMA_Abort
                0x0000000008001f42       0x76 ./Drivers/STM32F1xx_HAL_Driver/Src/stm32f1xx_hal_dma.o
                0x0000000008001f42                HAL_DMA_Abort
 .text.HAL_DMA_Abort_IT
                0x0000000008001fb8       0xf0 ./Drivers/STM32F1xx_HAL_Driver/Src/stm32f1xx_hal_dma.o
                0x0000000008001fb8                HAL_DMA_Abort_IT
 .text.HAL_GPIO_Init
                0x00000000080020a8      0x308 ./Drivers/STM32F1xx_HAL_Driver/Src/stm32f1xx_hal_gpio.o
                0x00000000080020a8                HAL_GPIO_Init
 .text.HAL_GPIO_ReadPin
                0x00000000080023b0       0x2e ./Drivers/STM32F1xx_HAL_Driver/Src/stm32f1xx_hal_gpio.o
                0x00000000080023b0                HAL_GPIO_ReadPin
 .text.HAL_GPIO_WritePin
                0x00000000080023de       0x30 ./Drivers/STM32F1xx_HAL_Driver/Src/stm32f1xx_hal_gpio.o
                0x00000000080023de                HAL_GPIO_WritePin
 *fill*         0x000000000800240e        0x2 
 .text.HAL_RCC_OscConfig
                0x0000000008002410      0x504 ./Drivers/STM32F1xx_HAL_Driver/Src/stm32f1xx_hal_rcc.o
                0x0000000008002410                HAL_RCC_OscConfig
 .text.HAL_RCC_ClockConfig
                0x0000000008002914      0x1d4 ./Drivers/STM32F1xx_HAL_Driver/Src/stm32f1xx_hal_rcc.o
                0x0000000008002914                HAL_RCC_ClockConfig
 .text.HAL_RCC_GetSysClockFreq
                0x0000000008002ae8       0xa8 ./Drivers/STM32F1xx_HAL_Driver/Src/stm32f1xx_hal_rcc.o
                0x0000000008002ae8                HAL_RCC_GetSysClockFreq
 .text.HAL_RCC_GetHCLKFreq
                0x0000000008002b90       0x14 ./Drivers/STM32F1xx_HAL_Driver/Src/stm32f1xx_hal_rcc.o
                0x0000000008002b90                HAL_RCC_GetHCLKFreq
 .text.HAL_RCC_GetPCLK1Freq
                0x0000000008002ba4       0x28 ./Drivers/STM32F1xx_HAL_Driver/Src/stm32f1xx_hal_rcc.o
                0x0000000008002ba4                HAL_RCC_GetPCLK1Freq
 .text.HAL_RCC_GetPCLK2Freq
                0x0000000008002bcc       0x28 ./Drivers/STM32F1xx_HAL_Driver/Src/stm32f1xx_hal_rcc.o
                0x0000000008002bcc                HAL_RCC_GetPCLK2Freq
 .text.RCC_Delay
                0x0000000008002bf4       0x3c ./Drivers/STM32F1xx_HAL_Driver/Src/stm32f1xx_hal_rcc.o
 .text.HAL_SPI_Init
                0x0000000008002c30      0x108 ./Drivers/STM32F1xx_HAL_Driver/Src/stm32f1xx_hal_spi.o
                0x0000000008002c30                HAL_SPI_Init
 .text.HAL_SPI_Transmit
                0x0000000008002d38      0x286 ./Drivers/STM32F1xx_HAL_Driver/Src/stm32f1xx_hal_spi.o
                0x0000000008002d38                HAL_SPI_Transmit
 .text.HAL_SPI_TransmitReceive
                0x0000000008002fbe      0x360 ./Drivers/STM32F1xx_HAL_Driver/Src/stm32f1xx_hal_spi.o
                0x0000000008002fbe                HAL_SPI_TransmitReceive
 *fill*         0x000000000800331e        0x2 
 .text.SPI_WaitFlagStateUntilTimeout
                0x0000000008003320      0x110 ./Drivers/STM32F1xx_HAL_Driver/Src/stm32f1xx_hal_spi.o
 .text.SPI_EndRxTxTransaction
                0x0000000008003430       0x3c ./Drivers/STM32F1xx_HAL_Driver/Src/stm32f1xx_hal_spi.o
 .text.HAL_TIM_Base_Init
                0x000000000800346c       0x9e ./Drivers/STM32F1xx_HAL_Driver/Src/stm32f1xx_hal_tim.o
                0x000000000800346c                HAL_TIM_Base_Init
 *fill*         0x000000000800350a        0x2 
 .text.HAL_TIM_Base_Start_IT
                0x000000000800350c       0xa4 ./Drivers/STM32F1xx_HAL_Driver/Src/stm32f1xx_hal_tim.o
                0x000000000800350c                HAL_TIM_Base_Start_IT
 .text.HAL_TIM_IRQHandler
                0x00000000080035b0      0x210 ./Drivers/STM32F1xx_HAL_Driver/Src/stm32f1xx_hal_tim.o
                0x00000000080035b0                HAL_TIM_IRQHandler
 .text.HAL_TIM_ConfigClockSource
                0x00000000080037c0      0x18e ./Drivers/STM32F1xx_HAL_Driver/Src/stm32f1xx_hal_tim.o
                0x00000000080037c0                HAL_TIM_ConfigClockSource
 .text.HAL_TIM_OC_DelayElapsedCallback
                0x000000000800394e       0x12 ./Drivers/STM32F1xx_HAL_Driver/Src/stm32f1xx_hal_tim.o
                0x000000000800394e                HAL_TIM_OC_DelayElapsedCallback
 .text.HAL_TIM_IC_CaptureCallback
                0x0000000008003960       0x12 ./Drivers/STM32F1xx_HAL_Driver/Src/stm32f1xx_hal_tim.o
                0x0000000008003960                HAL_TIM_IC_CaptureCallback
 .text.HAL_TIM_PWM_PulseFinishedCallback
                0x0000000008003972       0x12 ./Drivers/STM32F1xx_HAL_Driver/Src/stm32f1xx_hal_tim.o
                0x0000000008003972                HAL_TIM_PWM_PulseFinishedCallback
 .text.HAL_TIM_TriggerCallback
                0x0000000008003984       0x12 ./Drivers/STM32F1xx_HAL_Driver/Src/stm32f1xx_hal_tim.o
                0x0000000008003984                HAL_TIM_TriggerCallback
 *fill*         0x0000000008003996        0x2 
 .text.TIM_Base_SetConfig
                0x0000000008003998       0xc4 ./Drivers/STM32F1xx_HAL_Driver/Src/stm32f1xx_hal_tim.o
                0x0000000008003998                TIM_Base_SetConfig
 .text.TIM_TI1_ConfigInputStage
                0x0000000008003a5c       0x5c ./Drivers/STM32F1xx_HAL_Driver/Src/stm32f1xx_hal_tim.o
 .text.TIM_TI2_ConfigInputStage
                0x0000000008003ab8       0x5e ./Drivers/STM32F1xx_HAL_Driver/Src/stm32f1xx_hal_tim.o
 .text.TIM_ITRx_SetConfig
                0x0000000008003b16       0x34 ./Drivers/STM32F1xx_HAL_Driver/Src/stm32f1xx_hal_tim.o
 .text.TIM_ETR_SetConfig
                0x0000000008003b4a       0x3e ./Drivers/STM32F1xx_HAL_Driver/Src/stm32f1xx_hal_tim.o
                0x0000000008003b4a                TIM_ETR_SetConfig
 .text.HAL_TIMEx_MasterConfigSynchronization
                0x0000000008003b88       0xbc ./Drivers/STM32F1xx_HAL_Driver/Src/stm32f1xx_hal_tim_ex.o
                0x0000000008003b88                HAL_TIMEx_MasterConfigSynchronization
 .text.HAL_TIMEx_CommutCallback
                0x0000000008003c44       0x12 ./Drivers/STM32F1xx_HAL_Driver/Src/stm32f1xx_hal_tim_ex.o
                0x0000000008003c44                HAL_TIMEx_CommutCallback
 .text.HAL_TIMEx_BreakCallback
                0x0000000008003c56       0x12 ./Drivers/STM32F1xx_HAL_Driver/Src/stm32f1xx_hal_tim_ex.o
                0x0000000008003c56                HAL_TIMEx_BreakCallback
 .text.HAL_UART_Init
                0x0000000008003c68       0xa0 ./Drivers/STM32F1xx_HAL_Driver/Src/stm32f1xx_hal_uart.o
                0x0000000008003c68                HAL_UART_Init
 .text.HAL_UART_Transmit
                0x0000000008003d08      0x106 ./Drivers/STM32F1xx_HAL_Driver/Src/stm32f1xx_hal_uart.o
                0x0000000008003d08                HAL_UART_Transmit
 .text.HAL_UART_Receive_IT
                0x0000000008003e0e       0x4a ./Drivers/STM32F1xx_HAL_Driver/Src/stm32f1xx_hal_uart.o
                0x0000000008003e0e                HAL_UART_Receive_IT
 .text.HAL_UART_IRQHandler
                0x0000000008003e58      0x524 ./Drivers/STM32F1xx_HAL_Driver/Src/stm32f1xx_hal_uart.o
                0x0000000008003e58                HAL_UART_IRQHandler
 .text.HAL_UART_TxCpltCallback
                0x000000000800437c       0x12 ./Drivers/STM32F1xx_HAL_Driver/Src/stm32f1xx_hal_uart.o
                0x000000000800437c                HAL_UART_TxCpltCallback
 .text.HAL_UART_ErrorCallback
                0x000000000800438e       0x12 ./Drivers/STM32F1xx_HAL_Driver/Src/stm32f1xx_hal_uart.o
                0x000000000800438e                HAL_UART_ErrorCallback
 .text.HAL_UARTEx_RxEventCallback
                0x00000000080043a0       0x16 ./Drivers/STM32F1xx_HAL_Driver/Src/stm32f1xx_hal_uart.o
                0x00000000080043a0                HAL_UARTEx_RxEventCallback
 .text.UART_WaitOnFlagUntilTimeout
                0x00000000080043b6       0xdc ./Drivers/STM32F1xx_HAL_Driver/Src/stm32f1xx_hal_uart.o
 .text.UART_Start_Receive_IT
                0x0000000008004492       0x72 ./Drivers/STM32F1xx_HAL_Driver/Src/stm32f1xx_hal_uart.o
                0x0000000008004492                UART_Start_Receive_IT
 .text.UART_EndRxTransfer
                0x0000000008004504       0xc4 ./Drivers/STM32F1xx_HAL_Driver/Src/stm32f1xx_hal_uart.o
 .text.UART_DMAAbortOnError
                0x00000000080045c8       0x28 ./Drivers/STM32F1xx_HAL_Driver/Src/stm32f1xx_hal_uart.o
 .text.UART_Transmit_IT
                0x00000000080045f0       0x9e ./Drivers/STM32F1xx_HAL_Driver/Src/stm32f1xx_hal_uart.o
 .text.UART_EndTransmit_IT
                0x000000000800468e       0x30 ./Drivers/STM32F1xx_HAL_Driver/Src/stm32f1xx_hal_uart.o
 .text.UART_Receive_IT
                0x00000000080046be      0x17c ./Drivers/STM32F1xx_HAL_Driver/Src/stm32f1xx_hal_uart.o
 *fill*         0x000000000800483a        0x2 
 .text.UART_SetConfig
                0x000000000800483c      0x11c ./Drivers/STM32F1xx_HAL_Driver/Src/stm32f1xx_hal_uart.o
 .text._ZN5HX711C2Ev
                0x0000000008004958       0x46 ./Lib/HX711/HX711.o
                0x0000000008004958                HX711::HX711()
                0x0000000008004958                HX711::HX711()
 .text._ZN5HX711D2Ev
                0x000000000800499e       0x14 ./Lib/HX711/HX711.o
                0x000000000800499e                HX711::~HX711()
                0x000000000800499e                HX711::~HX711()
 .text._ZN5HX7115resetEv
                0x00000000080049b2       0x3c ./Lib/HX711/HX711.o
                0x00000000080049b2                HX711::reset()
 .text._ZN5HX71110power_downEv
                0x00000000080049ee       0x22 ./Lib/HX711/HX711.o
                0x00000000080049ee                HX711::power_down()
 .text._ZN5HX7118power_upEv
                0x0000000008004a10       0x1c ./Lib/HX711/HX711.o
                0x0000000008004a10                HX711::power_up()
 .text.PN532_begin
                0x0000000008004a2c       0x1e ./Lib/PN532/PN532.o
                0x0000000008004a2c                PN532_begin
 .text.PN532_reset
                0x0000000008004a4a       0x12 ./Lib/PN532/PN532.o
                0x0000000008004a4a                PN532_reset
 .text.PN532_wakeup
                0x0000000008004a5c       0x16 ./Lib/PN532/PN532.o
                0x0000000008004a5c                PN532_wakeup
 *fill*         0x0000000008004a72        0x2 
 .text.PN532_PrintHexChar
                0x0000000008004a74       0xcc ./Lib/PN532/PN532.o
                0x0000000008004a74                PN532_PrintHexChar
 .text.PN532_sendCommandCheckAck
                0x0000000008004b40       0x98 ./Lib/PN532/PN532.o
                0x0000000008004b40                PN532_sendCommandCheckAck
 .text.PN532_SAMConfig
                0x0000000008004bd8       0x70 ./Lib/PN532/PN532.o
                0x0000000008004bd8                PN532_SAMConfig
 .text.PN532_readPassiveTargetID
                0x0000000008004c48       0x68 ./Lib/PN532/PN532.o
                0x0000000008004c48                PN532_readPassiveTargetID
 .text.PN532_readDetectedPassiveTargetID
                0x0000000008004cb0       0x82 ./Lib/PN532/PN532.o
                0x0000000008004cb0                PN532_readDetectedPassiveTargetID
 *fill*         0x0000000008004d32        0x2 
 .text.PN532_mifareclassic_AuthenticateBlock
                0x0000000008004d34      0x108 ./Lib/PN532/PN532.o
                0x0000000008004d34                PN532_mifareclassic_AuthenticateBlock
 .text.PN532_mifareclassic_ReadDataBlock
                0x0000000008004e3c       0x7c ./Lib/PN532/PN532.o
                0x0000000008004e3c                PN532_mifareclassic_ReadDataBlock
 .text.PN532_mifareclassic_WriteDataBlock
                0x0000000008004eb8       0x76 ./Lib/PN532/PN532.o
                0x0000000008004eb8                PN532_mifareclassic_WriteDataBlock
 *fill*         0x0000000008004f2e        0x2 
 .text.PN532_readack
                0x0000000008004f30       0x44 ./Lib/PN532/PN532.o
 .text.PN532_isready
                0x0000000008004f74       0x32 ./Lib/PN532/PN532.o
 *fill*         0x0000000008004fa6        0x2 
 .text.PN532_waitready
                0x0000000008004fa8       0x5c ./Lib/PN532/PN532.o
 .text.PN532_readdata
                0x0000000008005004       0x7c ./Lib/PN532/PN532.o
 .text.PN532_writecommand
                0x0000000008005080      0x1a8 ./Lib/PN532/PN532.o
 .text.utils_buffer_init
                0x0000000008005228       0x40 ./Lib/utils/utils_buffer.o
                0x0000000008005228                utils_buffer_init
 .text.utils_buffer_push
                0x0000000008005268       0x64 ./Lib/utils/utils_buffer.o
                0x0000000008005268                utils_buffer_push
 .text.utils_buffer_is_full
                0x00000000080052cc       0x50 ./Lib/utils/utils_buffer.o
                0x00000000080052cc                utils_buffer_is_full
 .text.level_to_color
                0x000000000800531c       0x20 ./Lib/utils/utils_logger.o
 .text.level_to_str
                0x000000000800533c       0x20 ./Lib/utils/utils_logger.o
 .text.utils_log_log
                0x000000000800535c       0x94 ./Lib/utils/utils_logger.o
                0x000000000800535c                utils_log_log
 .text.utils_log_raw
                0x00000000080053f0       0x34 ./Lib/utils/utils_logger.o
                0x00000000080053f0                utils_log_raw
 .text.__errno  0x0000000008005424        0xc /opt/st/stm32cubeide_1.10.1/plugins/com.st.stm32cube.ide.mcu.externaltools.gnu-tools-for-stm32.10.3-2021.10.linux64_1.0.0.202111181127/tools/bin/../lib/gcc/arm-none-eabi/10.3.1/../../../../arm-none-eabi/lib/thumb/v7-m/nofp/libc_nano.a(lib_a-errno.o)
                0x0000000008005424                __errno
 .text.__libc_init_array
                0x0000000008005430       0x48 /opt/st/stm32cubeide_1.10.1/plugins/com.st.stm32cube.ide.mcu.externaltools.gnu-tools-for-stm32.10.3-2021.10.linux64_1.0.0.202111181127/tools/bin/../lib/gcc/arm-none-eabi/10.3.1/../../../../arm-none-eabi/lib/thumb/v7-m/nofp/libc_nano.a(lib_a-init.o)
                0x0000000008005430                __libc_init_array
 .text.memcmp   0x0000000008005478       0x20 /opt/st/stm32cubeide_1.10.1/plugins/com.st.stm32cube.ide.mcu.externaltools.gnu-tools-for-stm32.10.3-2021.10.linux64_1.0.0.202111181127/tools/bin/../lib/gcc/arm-none-eabi/10.3.1/../../../../arm-none-eabi/lib/thumb/v7-m/nofp/libc_nano.a(lib_a-memcmp.o)
                0x0000000008005478                memcmp
 .text.memcpy   0x0000000008005498       0x1c /opt/st/stm32cubeide_1.10.1/plugins/com.st.stm32cube.ide.mcu.externaltools.gnu-tools-for-stm32.10.3-2021.10.linux64_1.0.0.202111181127/tools/bin/../lib/gcc/arm-none-eabi/10.3.1/../../../../arm-none-eabi/lib/thumb/v7-m/nofp/libc_nano.a(lib_a-memcpy-stub.o)
                0x0000000008005498                memcpy
 .text.memset   0x00000000080054b4       0x10 /opt/st/stm32cubeide_1.10.1/plugins/com.st.stm32cube.ide.mcu.externaltools.gnu-tools-for-stm32.10.3-2021.10.linux64_1.0.0.202111181127/tools/bin/../lib/gcc/arm-none-eabi/10.3.1/../../../../arm-none-eabi/lib/thumb/v7-m/nofp/libc_nano.a(lib_a-memset.o)
                0x00000000080054b4                memset
 .text.snprintf
                0x00000000080054c4       0x68 /opt/st/stm32cubeide_1.10.1/plugins/com.st.stm32cube.ide.mcu.externaltools.gnu-tools-for-stm32.10.3-2021.10.linux64_1.0.0.202111181127/tools/bin/../lib/gcc/arm-none-eabi/10.3.1/../../../../arm-none-eabi/lib/thumb/v7-m/nofp/libc_nano.a(lib_a-snprintf.o)
                0x00000000080054c4                snprintf
                0x00000000080054c4                sniprintf
 .text._vsnprintf_r
                0x000000000800552c       0x56 /opt/st/stm32cubeide_1.10.1/plugins/com.st.stm32cube.ide.mcu.externaltools.gnu-tools-for-stm32.10.3-2021.10.linux64_1.0.0.202111181127/tools/bin/../lib/gcc/arm-none-eabi/10.3.1/../../../../arm-none-eabi/lib/thumb/v7-m/nofp/libc_nano.a(lib_a-vsnprintf.o)
                0x000000000800552c                _vsnprintf_r
                0x000000000800552c                _vsniprintf_r
 *fill*         0x0000000008005582        0x2 
 .text.vsnprintf
                0x0000000008005584       0x1c /opt/st/stm32cubeide_1.10.1/plugins/com.st.stm32cube.ide.mcu.externaltools.gnu-tools-for-stm32.10.3-2021.10.linux64_1.0.0.202111181127/tools/bin/../lib/gcc/arm-none-eabi/10.3.1/../../../../arm-none-eabi/lib/thumb/v7-m/nofp/libc_nano.a(lib_a-vsnprintf.o)
                0x0000000008005584                vsnprintf
                0x0000000008005584                vsniprintf
 .text.__ssputs_r
                0x00000000080055a0       0xb6 /opt/st/stm32cubeide_1.10.1/plugins/com.st.stm32cube.ide.mcu.externaltools.gnu-tools-for-stm32.10.3-2021.10.linux64_1.0.0.202111181127/tools/bin/../lib/gcc/arm-none-eabi/10.3.1/../../../../arm-none-eabi/lib/thumb/v7-m/nofp/libc_nano.a(lib_a-nano-svfprintf.o)
                0x00000000080055a0                __ssputs_r
 *fill*         0x0000000008005656        0x2 
 .text._svfprintf_r
                0x0000000008005658      0x200 /opt/st/stm32cubeide_1.10.1/plugins/com.st.stm32cube.ide.mcu.externaltools.gnu-tools-for-stm32.10.3-2021.10.linux64_1.0.0.202111181127/tools/bin/../lib/gcc/arm-none-eabi/10.3.1/../../../../arm-none-eabi/lib/thumb/v7-m/nofp/libc_nano.a(lib_a-nano-svfprintf.o)
                0x0000000008005658                _svfprintf_r
                0x0000000008005658                _svfiprintf_r
 .text._printf_common
                0x0000000008005858       0xde /opt/st/stm32cubeide_1.10.1/plugins/com.st.stm32cube.ide.mcu.externaltools.gnu-tools-for-stm32.10.3-2021.10.linux64_1.0.0.202111181127/tools/bin/../lib/gcc/arm-none-eabi/10.3.1/../../../../arm-none-eabi/lib/thumb/v7-m/nofp/libc_nano.a(lib_a-nano-vfprintf_i.o)
                0x0000000008005858                _printf_common
 *fill*         0x0000000008005936        0x2 
 .text._printf_i
                0x0000000008005938      0x24c /opt/st/stm32cubeide_1.10.1/plugins/com.st.stm32cube.ide.mcu.externaltools.gnu-tools-for-stm32.10.3-2021.10.linux64_1.0.0.202111181127/tools/bin/../lib/gcc/arm-none-eabi/10.3.1/../../../../arm-none-eabi/lib/thumb/v7-m/nofp/libc_nano.a(lib_a-nano-vfprintf_i.o)
                0x0000000008005938                _printf_i
 .text.memchr   0x0000000008005b84       0x1c /opt/st/stm32cubeide_1.10.1/plugins/com.st.stm32cube.ide.mcu.externaltools.gnu-tools-for-stm32.10.3-2021.10.linux64_1.0.0.202111181127/tools/bin/../lib/gcc/arm-none-eabi/10.3.1/../../../../arm-none-eabi/lib/thumb/v7-m/nofp/libc_nano.a(lib_a-memchr-stub.o)
                0x0000000008005b84                memchr
 .text.memmove  0x0000000008005ba0       0x34 /opt/st/stm32cubeide_1.10.1/plugins/com.st.stm32cube.ide.mcu.externaltools.gnu-tools-for-stm32.10.3-2021.10.linux64_1.0.0.202111181127/tools/bin/../lib/gcc/arm-none-eabi/10.3.1/../../../../arm-none-eabi/lib/thumb/v7-m/nofp/libc_nano.a(lib_a-memmove.o)
                0x0000000008005ba0                memmove
 .text._free_r  0x0000000008005bd4       0x90 /opt/st/stm32cubeide_1.10.1/plugins/com.st.stm32cube.ide.mcu.externaltools.gnu-tools-for-stm32.10.3-2021.10.linux64_1.0.0.202111181127/tools/bin/../lib/gcc/arm-none-eabi/10.3.1/../../../../arm-none-eabi/lib/thumb/v7-m/nofp/libc_nano.a(lib_a-nano-freer.o)
                0x0000000008005bd4                _free_r
 .text.sbrk_aligned
                0x0000000008005c64       0x40 /opt/st/stm32cubeide_1.10.1/plugins/com.st.stm32cube.ide.mcu.externaltools.gnu-tools-for-stm32.10.3-2021.10.linux64_1.0.0.202111181127/tools/bin/../lib/gcc/arm-none-eabi/10.3.1/../../../../arm-none-eabi/lib/thumb/v7-m/nofp/libc_nano.a(lib_a-nano-mallocr.o)
 .text._malloc_r
                0x0000000008005ca4       0xe8 /opt/st/stm32cubeide_1.10.1/plugins/com.st.stm32cube.ide.mcu.externaltools.gnu-tools-for-stm32.10.3-2021.10.linux64_1.0.0.202111181127/tools/bin/../lib/gcc/arm-none-eabi/10.3.1/../../../../arm-none-eabi/lib/thumb/v7-m/nofp/libc_nano.a(lib_a-nano-mallocr.o)
                0x0000000008005ca4                _malloc_r
 .text._realloc_r
                0x0000000008005d8c       0x5e /opt/st/stm32cubeide_1.10.1/plugins/com.st.stm32cube.ide.mcu.externaltools.gnu-tools-for-stm32.10.3-2021.10.linux64_1.0.0.202111181127/tools/bin/../lib/gcc/arm-none-eabi/10.3.1/../../../../arm-none-eabi/lib/thumb/v7-m/nofp/libc_nano.a(lib_a-nano-reallocr.o)
                0x0000000008005d8c                _realloc_r
 *fill*         0x0000000008005dea        0x2 
 .text._sbrk_r  0x0000000008005dec       0x20 /opt/st/stm32cubeide_1.10.1/plugins/com.st.stm32cube.ide.mcu.externaltools.gnu-tools-for-stm32.10.3-2021.10.linux64_1.0.0.202111181127/tools/bin/../lib/gcc/arm-none-eabi/10.3.1/../../../../arm-none-eabi/lib/thumb/v7-m/nofp/libc_nano.a(lib_a-sbrkr.o)
                0x0000000008005dec                _sbrk_r
 .text.__malloc_lock
                0x0000000008005e0c        0xc /opt/st/stm32cubeide_1.10.1/plugins/com.st.stm32cube.ide.mcu.externaltools.gnu-tools-for-stm32.10.3-2021.10.linux64_1.0.0.202111181127/tools/bin/../lib/gcc/arm-none-eabi/10.3.1/../../../../arm-none-eabi/lib/thumb/v7-m/nofp/libc_nano.a(lib_a-mlock.o)
                0x0000000008005e0c                __malloc_lock
 .text.__malloc_unlock
                0x0000000008005e18        0xc /opt/st/stm32cubeide_1.10.1/plugins/com.st.stm32cube.ide.mcu.externaltools.gnu-tools-for-stm32.10.3-2021.10.linux64_1.0.0.202111181127/tools/bin/../lib/gcc/arm-none-eabi/10.3.1/../../../../arm-none-eabi/lib/thumb/v7-m/nofp/libc_nano.a(lib_a-mlock.o)
                0x0000000008005e18                __malloc_unlock
 .text._malloc_usable_size_r
                0x0000000008005e24       0x10 /opt/st/stm32cubeide_1.10.1/plugins/com.st.stm32cube.ide.mcu.externaltools.gnu-tools-for-stm32.10.3-2021.10.linux64_1.0.0.202111181127/tools/bin/../lib/gcc/arm-none-eabi/10.3.1/../../../../arm-none-eabi/lib/thumb/v7-m/nofp/libc_nano.a(lib_a-nano-msizer.o)
                0x0000000008005e24                _malloc_usable_size_r
 .text.__retarget_lock_acquire_recursive
                0x0000000008005e34        0x2 /opt/st/stm32cubeide_1.10.1/plugins/com.st.stm32cube.ide.mcu.externaltools.gnu-tools-for-stm32.10.3-2021.10.linux64_1.0.0.202111181127/tools/bin/../lib/gcc/arm-none-eabi/10.3.1/../../../../arm-none-eabi/lib/thumb/v7-m/nofp/libc_nano.a(lib_a-lock.o)
                0x0000000008005e34                __retarget_lock_acquire_recursive
 .text.__retarget_lock_release_recursive
                0x0000000008005e36        0x2 /opt/st/stm32cubeide_1.10.1/plugins/com.st.stm32cube.ide.mcu.externaltools.gnu-tools-for-stm32.10.3-2021.10.linux64_1.0.0.202111181127/tools/bin/../lib/gcc/arm-none-eabi/10.3.1/../../../../arm-none-eabi/lib/thumb/v7-m/nofp/libc_nano.a(lib_a-lock.o)
                0x0000000008005e36                __retarget_lock_release_recursive
 *(.glue_7)
 .glue_7        0x0000000008005e38        0x0 linker stubs
 *(.glue_7t)
 .glue_7t       0x0000000008005e38        0x0 linker stubs
 *(.eh_frame)
 .eh_frame      0x0000000008005e38        0x0 /opt/st/stm32cubeide_1.10.1/plugins/com.st.stm32cube.ide.mcu.externaltools.gnu-tools-for-stm32.10.3-2021.10.linux64_1.0.0.202111181127/tools/bin/../lib/gcc/arm-none-eabi/10.3.1/thumb/v7-m/nofp/crtbegin.o
 *(.init)
 .init          0x0000000008005e38        0x4 /opt/st/stm32cubeide_1.10.1/plugins/com.st.stm32cube.ide.mcu.externaltools.gnu-tools-for-stm32.10.3-2021.10.linux64_1.0.0.202111181127/tools/bin/../lib/gcc/arm-none-eabi/10.3.1/thumb/v7-m/nofp/crti.o
                0x0000000008005e38                _init
 .init          0x0000000008005e3c        0x8 /opt/st/stm32cubeide_1.10.1/plugins/com.st.stm32cube.ide.mcu.externaltools.gnu-tools-for-stm32.10.3-2021.10.linux64_1.0.0.202111181127/tools/bin/../lib/gcc/arm-none-eabi/10.3.1/thumb/v7-m/nofp/crtn.o
 *(.fini)
 .fini          0x0000000008005e44        0x4 /opt/st/stm32cubeide_1.10.1/plugins/com.st.stm32cube.ide.mcu.externaltools.gnu-tools-for-stm32.10.3-2021.10.linux64_1.0.0.202111181127/tools/bin/../lib/gcc/arm-none-eabi/10.3.1/thumb/v7-m/nofp/crti.o
                0x0000000008005e44                _fini
 .fini          0x0000000008005e48        0x8 /opt/st/stm32cubeide_1.10.1/plugins/com.st.stm32cube.ide.mcu.externaltools.gnu-tools-for-stm32.10.3-2021.10.linux64_1.0.0.202111181127/tools/bin/../lib/gcc/arm-none-eabi/10.3.1/thumb/v7-m/nofp/crtn.o
                0x0000000008005e50                . = ALIGN (0x4)
                0x0000000008005e50                _etext = .

.vfp11_veneer   0x0000000008005e50        0x0
 .vfp11_veneer  0x0000000008005e50        0x0 linker stubs

.v4_bx          0x0000000008005e50        0x0
 .v4_bx         0x0000000008005e50        0x0 linker stubs

.iplt           0x0000000008005e50        0x0
 .iplt          0x0000000008005e50        0x0 /opt/st/stm32cubeide_1.10.1/plugins/com.st.stm32cube.ide.mcu.externaltools.gnu-tools-for-stm32.10.3-2021.10.linux64_1.0.0.202111181127/tools/bin/../lib/gcc/arm-none-eabi/10.3.1/thumb/v7-m/nofp/crtbegin.o

.rodata         0x0000000008005e50      0x6c8
                0x0000000008005e50                . = ALIGN (0x4)
 *(.rodata)
 .rodata        0x0000000008005e50       0x17 ./Core/Src/Device/rfid.o
 *fill*         0x0000000008005e67        0x1 
 .rodata        0x0000000008005e68       0x47 ./Core/Src/Tp/rs485.o
 *fill*         0x0000000008005eaf        0x1 
 .rodata        0x0000000008005eb0      0x36f ./Lib/PN532/PN532.o
 *fill*         0x000000000800621f        0x1 
 .rodata        0x0000000008006220       0x86 ./Lib/utils/utils_logger.o
 *(.rodata*)
 *fill*         0x00000000080062a6        0x2 
 .rodata.CRC_16Acorn
                0x00000000080062a8      0x200 ./Core/Src/App/crc.o
 .rodata.RFID_key
                0x00000000080064a8        0x6 ./Core/Src/Device/rfid.o
 *fill*         0x00000000080064ae        0x2 
 .rodata.AHBPrescTable
                0x00000000080064b0       0x10 ./Core/Src/system_stm32f1xx.o
                0x00000000080064b0                AHBPrescTable
 .rodata.APBPrescTable
                0x00000000080064c0        0x8 ./Core/Src/system_stm32f1xx.o
                0x00000000080064c0                APBPrescTable
 .rodata.aPLLMULFactorTable.1
                0x00000000080064c8       0x10 ./Drivers/STM32F1xx_HAL_Driver/Src/stm32f1xx_hal_rcc.o
 .rodata.aPredivFactorTable.0
                0x00000000080064d8        0x2 ./Drivers/STM32F1xx_HAL_Driver/Src/stm32f1xx_hal_rcc.o
 *fill*         0x00000000080064da        0x2 
 .rodata.pn532ack
                0x00000000080064dc        0x6 ./Lib/PN532/PN532.o
 .rodata._svfprintf_r.str1.1
                0x00000000080064e2       0x11 /opt/st/stm32cubeide_1.10.1/plugins/com.st.stm32cube.ide.mcu.externaltools.gnu-tools-for-stm32.10.3-2021.10.linux64_1.0.0.202111181127/tools/bin/../lib/gcc/arm-none-eabi/10.3.1/../../../../arm-none-eabi/lib/thumb/v7-m/nofp/libc_nano.a(lib_a-nano-svfprintf.o)
 .rodata._printf_i.str1.1
                0x00000000080064f3       0x22 /opt/st/stm32cubeide_1.10.1/plugins/com.st.stm32cube.ide.mcu.externaltools.gnu-tools-for-stm32.10.3-2021.10.linux64_1.0.0.202111181127/tools/bin/../lib/gcc/arm-none-eabi/10.3.1/../../../../arm-none-eabi/lib/thumb/v7-m/nofp/libc_nano.a(lib_a-nano-vfprintf_i.o)
                0x0000000008006518                . = ALIGN (0x4)
 *fill*         0x0000000008006515        0x3 

.rel.dyn        0x0000000008006518        0x0
 .rel.iplt      0x0000000008006518        0x0 /opt/st/stm32cubeide_1.10.1/plugins/com.st.stm32cube.ide.mcu.externaltools.gnu-tools-for-stm32.10.3-2021.10.linux64_1.0.0.202111181127/tools/bin/../lib/gcc/arm-none-eabi/10.3.1/thumb/v7-m/nofp/crtbegin.o

.ARM.extab      0x0000000008006518        0x0
                0x0000000008006518                . = ALIGN (0x4)
 *(.ARM.extab* .gnu.linkonce.armextab.*)
                0x0000000008006518                . = ALIGN (0x4)

.ARM            0x0000000008006518        0x0
                0x0000000008006518                . = ALIGN (0x4)
                0x0000000008006518                __exidx_start = .
 *(.ARM.exidx*)
                0x0000000008006518                __exidx_end = .
                0x0000000008006518                . = ALIGN (0x4)

.preinit_array  0x0000000008006518        0x0
                0x0000000008006518                . = ALIGN (0x4)
                0x0000000008006518                PROVIDE (__preinit_array_start = .)
 *(.preinit_array*)
                0x0000000008006518                PROVIDE (__preinit_array_end = .)
                0x0000000008006518                . = ALIGN (0x4)

.init_array     0x0000000008006518        0x8
                0x0000000008006518                . = ALIGN (0x4)
                0x0000000008006518                PROVIDE (__init_array_start = .)
 *(SORT_BY_NAME(.init_array.*))
 *(.init_array*)
 .init_array    0x0000000008006518        0x4 /opt/st/stm32cubeide_1.10.1/plugins/com.st.stm32cube.ide.mcu.externaltools.gnu-tools-for-stm32.10.3-2021.10.linux64_1.0.0.202111181127/tools/bin/../lib/gcc/arm-none-eabi/10.3.1/thumb/v7-m/nofp/crtbegin.o
 .init_array    0x000000000800651c        0x4 ./Core/Src/Device/loadcell.o
                0x0000000008006520                PROVIDE (__init_array_end = .)
                0x0000000008006520                . = ALIGN (0x4)

.fini_array     0x0000000008006520        0x8
                0x0000000008006520                . = ALIGN (0x4)
                [!provide]                        PROVIDE (__fini_array_start = .)
 *(SORT_BY_NAME(.fini_array.*))
 *(.fini_array*)
 .fini_array    0x0000000008006520        0x4 /opt/st/stm32cubeide_1.10.1/plugins/com.st.stm32cube.ide.mcu.externaltools.gnu-tools-for-stm32.10.3-2021.10.linux64_1.0.0.202111181127/tools/bin/../lib/gcc/arm-none-eabi/10.3.1/thumb/v7-m/nofp/crtbegin.o
 .fini_array    0x0000000008006524        0x4 ./Core/Src/Device/loadcell.o
                [!provide]                        PROVIDE (__fini_array_end = .)
                0x0000000008006528                . = ALIGN (0x4)
                0x0000000008006528                _sidata = LOADADDR (.data)

.data           0x0000000020000000      0x434 load address 0x0000000008006528
                0x0000000020000000                . = ALIGN (0x4)
                0x0000000020000000                _sdata = .
 *(.data)
 *(.data*)
 .data.DIPSWITCH_gpioTable
                0x0000000020000000       0x28 ./Core/Src/Device/dipswitch.o
 .data._ZL16LOADCELL_ioTable
                0x0000000020000028       0x28 ./Core/Src/Device/loadcell.o
 .data.RFID_handleTable
                0x0000000020000050      0x150 ./Core/Src/Device/rfid.o
 .data.SPI_csTable
                0x00000000200001a0       0x3c ./Core/Src/Hal/spi.o
 .data.hspi1    0x00000000200001dc       0x58 ./Core/Src/Hal/spi.o
 .data.htim3    0x0000000020000234       0x48 ./Core/Src/Hal/timer.o
                0x0000000020000234                htim3
 .data.huart1   0x000000002000027c       0x48 ./Core/Src/Hal/uart.o
                0x000000002000027c                huart1
 .data.huart2   0x00000000200002c4       0x48 ./Core/Src/Hal/uart.o
                0x00000000200002c4                huart2
 .data.huart3   0x000000002000030c       0x48 ./Core/Src/Hal/uart.o
                0x000000002000030c                huart3
 .data.uart_table
                0x0000000020000354       0x30 ./Core/Src/Hal/uart.o
 .data.SystemCoreClock
                0x0000000020000384        0x4 ./Core/Src/system_stm32f1xx.o
                0x0000000020000384                SystemCoreClock
 .data.uwTickPrio
                0x0000000020000388        0x4 ./Drivers/STM32F1xx_HAL_Driver/Src/stm32f1xx_hal.o
                0x0000000020000388                uwTickPrio
 .data.uwTickFreq
                0x000000002000038c        0x1 ./Drivers/STM32F1xx_HAL_Driver/Src/stm32f1xx_hal.o
                0x000000002000038c                uwTickFreq
 *fill*         0x000000002000038d        0x3 
 .data.color_str
                0x0000000020000390       0x1c ./Lib/utils/utils_logger.o
 .data.level_str
                0x00000000200003ac       0x20 ./Lib/utils/utils_logger.o
 .data.level    0x00000000200003cc        0x1 ./Lib/utils/utils_logger.o
 *fill*         0x00000000200003cd        0x3 
 .data._impure_ptr
                0x00000000200003d0        0x4 /opt/st/stm32cubeide_1.10.1/plugins/com.st.stm32cube.ide.mcu.externaltools.gnu-tools-for-stm32.10.3-2021.10.linux64_1.0.0.202111181127/tools/bin/../lib/gcc/arm-none-eabi/10.3.1/../../../../arm-none-eabi/lib/thumb/v7-m/nofp/libc_nano.a(lib_a-impure.o)
                0x00000000200003d0                _impure_ptr
 .data.impure_data
                0x00000000200003d4       0x60 /opt/st/stm32cubeide_1.10.1/plugins/com.st.stm32cube.ide.mcu.externaltools.gnu-tools-for-stm32.10.3-2021.10.linux64_1.0.0.202111181127/tools/bin/../lib/gcc/arm-none-eabi/10.3.1/../../../../arm-none-eabi/lib/thumb/v7-m/nofp/libc_nano.a(lib_a-impure.o)
 *(.RamFunc)
 *(.RamFunc*)
                0x0000000020000434                . = ALIGN (0x4)
                0x0000000020000434                _edata = .

.igot.plt       0x0000000020000434        0x0 load address 0x000000000800695c
 .igot.plt      0x0000000020000434        0x0 /opt/st/stm32cubeide_1.10.1/plugins/com.st.stm32cube.ide.mcu.externaltools.gnu-tools-for-stm32.10.3-2021.10.linux64_1.0.0.202111181127/tools/bin/../lib/gcc/arm-none-eabi/10.3.1/thumb/v7-m/nofp/crtbegin.o
                0x0000000020000434                . = ALIGN (0x4)

.bss            0x0000000020000434     0x2d5c load address 0x000000000800695c
                0x0000000020000434                _sbss = .
                0x0000000020000434                __bss_start__ = _sbss
 *(.bss)
 .bss           0x0000000020000434       0x1c /opt/st/stm32cubeide_1.10.1/plugins/com.st.stm32cube.ide.mcu.externaltools.gnu-tools-for-stm32.10.3-2021.10.linux64_1.0.0.202111181127/tools/bin/../lib/gcc/arm-none-eabi/10.3.1/thumb/v7-m/nofp/crtbegin.o
 *(.bss*)
 .bss.COMMANDHANDLER_rxRs485Message
                0x0000000020000450      0x105 ./Core/Src/App/commandhandler.o
 *fill*         0x0000000020000555        0x3 
 .bss._ZL14LOADCELL_hx711
                0x0000000020000558       0x18 ./Core/Src/Device/loadcell.o
 .bss.SPI_txBuffer
                0x0000000020000570       0x80 ./Core/Src/Hal/spi.o
 .bss.SPI_rxBuffer
                0x00000000200005f0       0x80 ./Core/Src/Hal/spi.o
 .bss.fn_table  0x0000000020000670       0x28 ./Core/Src/Hal/timer.o
 .bss.fn_table_len
                0x0000000020000698        0x4 ./Core/Src/Hal/timer.o
 .bss.uart_buffer
                0x000000002000069c     0x1830 ./Core/Src/Hal/uart.o
 .bss.RS485_message
                0x0000000020001ecc      0x105 ./Core/Src/Tp/rs485.o
 *fill*         0x0000000020001fd1        0x3 
 .bss.RS485_rxQueue
                0x0000000020001fd4      0x519 ./Core/Src/Tp/rs485.o
 .bss.RS485_rxQueueTail
                0x00000000200024ed        0x1 ./Core/Src/Tp/rs485.o
 .bss.RS485_rxQueueHead
                0x00000000200024ee        0x1 ./Core/Src/Tp/rs485.o
 *fill*         0x00000000200024ef        0x1 
 .bss.RS485_rxBuffer
                0x00000000200024f0      0x400 ./Core/Src/Tp/rs485.o
 .bss.RS485_rxBufferLen
                0x00000000200028f0        0x4 ./Core/Src/Tp/rs485.o
 .bss.RS485_MessagexBuffer
                0x00000000200028f4       0x80 ./Core/Src/Tp/rs485.o
 .bss.RS485_rxTimeCnt
                0x0000000020002974        0x4 ./Core/Src/Tp/rs485.o
 .bss.__sbrk_heap_end
                0x0000000020002978        0x4 ./Core/Src/sysmem.o
 .bss.uwTick    0x000000002000297c        0x4 ./Drivers/STM32F1xx_HAL_Driver/Src/stm32f1xx_hal.o
                0x000000002000297c                uwTick
 .bss.log_buffer
                0x0000000020002980      0x400 ./Lib/utils/utils_logger.o
 .bss.message_buffer
                0x0000000020002d80      0x400 ./Lib/utils/utils_logger.o
 .bss.__malloc_free_list
                0x0000000020003180        0x4 /opt/st/stm32cubeide_1.10.1/plugins/com.st.stm32cube.ide.mcu.externaltools.gnu-tools-for-stm32.10.3-2021.10.linux64_1.0.0.202111181127/tools/bin/../lib/gcc/arm-none-eabi/10.3.1/../../../../arm-none-eabi/lib/thumb/v7-m/nofp/libc_nano.a(lib_a-nano-mallocr.o)
                0x0000000020003180                __malloc_free_list
 .bss.__malloc_sbrk_start
                0x0000000020003184        0x4 /opt/st/stm32cubeide_1.10.1/plugins/com.st.stm32cube.ide.mcu.externaltools.gnu-tools-for-stm32.10.3-2021.10.linux64_1.0.0.202111181127/tools/bin/../lib/gcc/arm-none-eabi/10.3.1/../../../../arm-none-eabi/lib/thumb/v7-m/nofp/libc_nano.a(lib_a-nano-mallocr.o)
                0x0000000020003184                __malloc_sbrk_start
 .bss.errno     0x0000000020003188        0x4 /opt/st/stm32cubeide_1.10.1/plugins/com.st.stm32cube.ide.mcu.externaltools.gnu-tools-for-stm32.10.3-2021.10.linux64_1.0.0.202111181127/tools/bin/../lib/gcc/arm-none-eabi/10.3.1/../../../../arm-none-eabi/lib/thumb/v7-m/nofp/libc_nano.a(lib_a-reent.o)
                0x0000000020003188                errno
 .bss.__lock___malloc_recursive_mutex
                0x000000002000318c        0x1 /opt/st/stm32cubeide_1.10.1/plugins/com.st.stm32cube.ide.mcu.externaltools.gnu-tools-for-stm32.10.3-2021.10.linux64_1.0.0.202111181127/tools/bin/../lib/gcc/arm-none-eabi/10.3.1/../../../../arm-none-eabi/lib/thumb/v7-m/nofp/libc_nano.a(lib_a-lock.o)
                0x000000002000318c                __lock___malloc_recursive_mutex
 *(COMMON)
                0x0000000020003190                . = ALIGN (0x4)
 *fill*         0x000000002000318d        0x3 
                0x0000000020003190                _ebss = .
                0x0000000020003190                __bss_end__ = _ebss

._user_heap_stack
                0x0000000020003190      0x600 load address 0x000000000800695c
                0x0000000020003190                . = ALIGN (0x8)
                [!provide]                        PROVIDE (end = .)
                0x0000000020003190                PROVIDE (_end = .)
                0x0000000020003390                . = (. + _Min_Heap_Size)
 *fill*         0x0000000020003190      0x200 
                0x0000000020003790                . = (. + _Min_Stack_Size)
 *fill*         0x0000000020003390      0x400 
                0x0000000020003790                . = ALIGN (0x8)

/DISCARD/
 libc.a(*)
 libm.a(*)
 libgcc.a(*)

.ARM.attributes
                0x0000000000000000       0x29
 *(.ARM.attributes)
 .ARM.attributes
                0x0000000000000000       0x1d /opt/st/stm32cubeide_1.10.1/plugins/com.st.stm32cube.ide.mcu.externaltools.gnu-tools-for-stm32.10.3-2021.10.linux64_1.0.0.202111181127/tools/bin/../lib/gcc/arm-none-eabi/10.3.1/thumb/v7-m/nofp/crti.o
 .ARM.attributes
                0x000000000000001d       0x2d /opt/st/stm32cubeide_1.10.1/plugins/com.st.stm32cube.ide.mcu.externaltools.gnu-tools-for-stm32.10.3-2021.10.linux64_1.0.0.202111181127/tools/bin/../lib/gcc/arm-none-eabi/10.3.1/thumb/v7-m/nofp/crtbegin.o
 .ARM.attributes
                0x000000000000004a       0x2d ./Core/Src/App/commandhandler.o
 .ARM.attributes
                0x0000000000000077       0x2d ./Core/Src/App/crc.o
 .ARM.attributes
                0x00000000000000a4       0x2d ./Core/Src/Device/dipswitch.o
 .ARM.attributes
                0x00000000000000d1       0x2d ./Core/Src/Device/loadcell.o
 .ARM.attributes
                0x00000000000000fe       0x2d ./Core/Src/Device/rfid.o
 .ARM.attributes
                0x000000000000012b       0x2d ./Core/Src/Hal/clock.o
 .ARM.attributes
                0x0000000000000158       0x2d ./Core/Src/Hal/gpio.o
 .ARM.attributes
                0x0000000000000185       0x2d ./Core/Src/Hal/spi.o
 .ARM.attributes
                0x00000000000001b2       0x2d ./Core/Src/Hal/timer.o
 .ARM.attributes
                0x00000000000001df       0x2d ./Core/Src/Hal/uart.o
 .ARM.attributes
                0x000000000000020c       0x2d ./Core/Src/Tp/rs485.o
 .ARM.attributes
                0x0000000000000239       0x2d ./Core/Src/main.o
 .ARM.attributes
                0x0000000000000266       0x2d ./Core/Src/stm32f1xx_hal_msp.o
 .ARM.attributes
                0x0000000000000293       0x2d ./Core/Src/stm32f1xx_it.o
 .ARM.attributes
                0x00000000000002c0       0x2d ./Core/Src/sysmem.o
 .ARM.attributes
                0x00000000000002ed       0x2d ./Core/Src/system_stm32f1xx.o
 .ARM.attributes
                0x000000000000031a       0x21 ./Core/Startup/startup_stm32f103c8tx.o
 .ARM.attributes
                0x000000000000033b       0x2d ./Drivers/STM32F1xx_HAL_Driver/Src/stm32f1xx_hal.o
 .ARM.attributes
                0x0000000000000368       0x2d ./Drivers/STM32F1xx_HAL_Driver/Src/stm32f1xx_hal_cortex.o
 .ARM.attributes
                0x0000000000000395       0x2d ./Drivers/STM32F1xx_HAL_Driver/Src/stm32f1xx_hal_dma.o
 .ARM.attributes
                0x00000000000003c2       0x2d ./Drivers/STM32F1xx_HAL_Driver/Src/stm32f1xx_hal_gpio.o
 .ARM.attributes
                0x00000000000003ef       0x2d ./Drivers/STM32F1xx_HAL_Driver/Src/stm32f1xx_hal_rcc.o
 .ARM.attributes
                0x000000000000041c       0x2d ./Drivers/STM32F1xx_HAL_Driver/Src/stm32f1xx_hal_spi.o
 .ARM.attributes
                0x0000000000000449       0x2d ./Drivers/STM32F1xx_HAL_Driver/Src/stm32f1xx_hal_tim.o
 .ARM.attributes
                0x0000000000000476       0x2d ./Drivers/STM32F1xx_HAL_Driver/Src/stm32f1xx_hal_tim_ex.o
 .ARM.attributes
                0x00000000000004a3       0x2d ./Drivers/STM32F1xx_HAL_Driver/Src/stm32f1xx_hal_uart.o
 .ARM.attributes
                0x00000000000004d0       0x2d ./Lib/HX711/HX711.o
 .ARM.attributes
                0x00000000000004fd       0x2d ./Lib/PN532/PN532.o
 .ARM.attributes
                0x000000000000052a       0x2d ./Lib/utils/utils_buffer.o
 .ARM.attributes
                0x0000000000000557       0x2d ./Lib/utils/utils_logger.o
 .ARM.attributes
                0x0000000000000584       0x2d /opt/st/stm32cubeide_1.10.1/plugins/com.st.stm32cube.ide.mcu.externaltools.gnu-tools-for-stm32.10.3-2021.10.linux64_1.0.0.202111181127/tools/bin/../lib/gcc/arm-none-eabi/10.3.1/../../../../arm-none-eabi/lib/thumb/v7-m/nofp/libc_nano.a(lib_a-errno.o)
 .ARM.attributes
                0x00000000000005b1       0x2d /opt/st/stm32cubeide_1.10.1/plugins/com.st.stm32cube.ide.mcu.externaltools.gnu-tools-for-stm32.10.3-2021.10.linux64_1.0.0.202111181127/tools/bin/../lib/gcc/arm-none-eabi/10.3.1/../../../../arm-none-eabi/lib/thumb/v7-m/nofp/libc_nano.a(lib_a-impure.o)
 .ARM.attributes
                0x00000000000005de       0x2d /opt/st/stm32cubeide_1.10.1/plugins/com.st.stm32cube.ide.mcu.externaltools.gnu-tools-for-stm32.10.3-2021.10.linux64_1.0.0.202111181127/tools/bin/../lib/gcc/arm-none-eabi/10.3.1/../../../../arm-none-eabi/lib/thumb/v7-m/nofp/libc_nano.a(lib_a-init.o)
 .ARM.attributes
                0x000000000000060b       0x2d /opt/st/stm32cubeide_1.10.1/plugins/com.st.stm32cube.ide.mcu.externaltools.gnu-tools-for-stm32.10.3-2021.10.linux64_1.0.0.202111181127/tools/bin/../lib/gcc/arm-none-eabi/10.3.1/../../../../arm-none-eabi/lib/thumb/v7-m/nofp/libc_nano.a(lib_a-memcmp.o)
 .ARM.attributes
                0x0000000000000638       0x2d /opt/st/stm32cubeide_1.10.1/plugins/com.st.stm32cube.ide.mcu.externaltools.gnu-tools-for-stm32.10.3-2021.10.linux64_1.0.0.202111181127/tools/bin/../lib/gcc/arm-none-eabi/10.3.1/../../../../arm-none-eabi/lib/thumb/v7-m/nofp/libc_nano.a(lib_a-memcpy-stub.o)
 .ARM.attributes
                0x0000000000000665       0x2d /opt/st/stm32cubeide_1.10.1/plugins/com.st.stm32cube.ide.mcu.externaltools.gnu-tools-for-stm32.10.3-2021.10.linux64_1.0.0.202111181127/tools/bin/../lib/gcc/arm-none-eabi/10.3.1/../../../../arm-none-eabi/lib/thumb/v7-m/nofp/libc_nano.a(lib_a-memset.o)
 .ARM.attributes
                0x0000000000000692       0x2d /opt/st/stm32cubeide_1.10.1/plugins/com.st.stm32cube.ide.mcu.externaltools.gnu-tools-for-stm32.10.3-2021.10.linux64_1.0.0.202111181127/tools/bin/../lib/gcc/arm-none-eabi/10.3.1/../../../../arm-none-eabi/lib/thumb/v7-m/nofp/libc_nano.a(lib_a-snprintf.o)
 .ARM.attributes
                0x00000000000006bf       0x2d /opt/st/stm32cubeide_1.10.1/plugins/com.st.stm32cube.ide.mcu.externaltools.gnu-tools-for-stm32.10.3-2021.10.linux64_1.0.0.202111181127/tools/bin/../lib/gcc/arm-none-eabi/10.3.1/../../../../arm-none-eabi/lib/thumb/v7-m/nofp/libc_nano.a(lib_a-vsnprintf.o)
 .ARM.attributes
                0x00000000000006ec       0x2d /opt/st/stm32cubeide_1.10.1/plugins/com.st.stm32cube.ide.mcu.externaltools.gnu-tools-for-stm32.10.3-2021.10.linux64_1.0.0.202111181127/tools/bin/../lib/gcc/arm-none-eabi/10.3.1/../../../../arm-none-eabi/lib/thumb/v7-m/nofp/libc_nano.a(lib_a-nano-svfprintf.o)
 .ARM.attributes
                0x0000000000000719       0x2d /opt/st/stm32cubeide_1.10.1/plugins/com.st.stm32cube.ide.mcu.externaltools.gnu-tools-for-stm32.10.3-2021.10.linux64_1.0.0.202111181127/tools/bin/../lib/gcc/arm-none-eabi/10.3.1/../../../../arm-none-eabi/lib/thumb/v7-m/nofp/libc_nano.a(lib_a-nano-vfprintf_i.o)
 .ARM.attributes
                0x0000000000000746       0x2d /opt/st/stm32cubeide_1.10.1/plugins/com.st.stm32cube.ide.mcu.externaltools.gnu-tools-for-stm32.10.3-2021.10.linux64_1.0.0.202111181127/tools/bin/../lib/gcc/arm-none-eabi/10.3.1/../../../../arm-none-eabi/lib/thumb/v7-m/nofp/libc_nano.a(lib_a-memchr-stub.o)
 .ARM.attributes
                0x0000000000000773       0x2d /opt/st/stm32cubeide_1.10.1/plugins/com.st.stm32cube.ide.mcu.externaltools.gnu-tools-for-stm32.10.3-2021.10.linux64_1.0.0.202111181127/tools/bin/../lib/gcc/arm-none-eabi/10.3.1/../../../../arm-none-eabi/lib/thumb/v7-m/nofp/libc_nano.a(lib_a-memmove.o)
 .ARM.attributes
                0x00000000000007a0       0x2d /opt/st/stm32cubeide_1.10.1/plugins/com.st.stm32cube.ide.mcu.externaltools.gnu-tools-for-stm32.10.3-2021.10.linux64_1.0.0.202111181127/tools/bin/../lib/gcc/arm-none-eabi/10.3.1/../../../../arm-none-eabi/lib/thumb/v7-m/nofp/libc_nano.a(lib_a-nano-freer.o)
 .ARM.attributes
                0x00000000000007cd       0x2d /opt/st/stm32cubeide_1.10.1/plugins/com.st.stm32cube.ide.mcu.externaltools.gnu-tools-for-stm32.10.3-2021.10.linux64_1.0.0.202111181127/tools/bin/../lib/gcc/arm-none-eabi/10.3.1/../../../../arm-none-eabi/lib/thumb/v7-m/nofp/libc_nano.a(lib_a-nano-mallocr.o)
 .ARM.attributes
                0x00000000000007fa       0x2d /opt/st/stm32cubeide_1.10.1/plugins/com.st.stm32cube.ide.mcu.externaltools.gnu-tools-for-stm32.10.3-2021.10.linux64_1.0.0.202111181127/tools/bin/../lib/gcc/arm-none-eabi/10.3.1/../../../../arm-none-eabi/lib/thumb/v7-m/nofp/libc_nano.a(lib_a-nano-reallocr.o)
 .ARM.attributes
                0x0000000000000827       0x2d /opt/st/stm32cubeide_1.10.1/plugins/com.st.stm32cube.ide.mcu.externaltools.gnu-tools-for-stm32.10.3-2021.10.linux64_1.0.0.202111181127/tools/bin/../lib/gcc/arm-none-eabi/10.3.1/../../../../arm-none-eabi/lib/thumb/v7-m/nofp/libc_nano.a(lib_a-sbrkr.o)
 .ARM.attributes
                0x0000000000000854       0x2d /opt/st/stm32cubeide_1.10.1/plugins/com.st.stm32cube.ide.mcu.externaltools.gnu-tools-for-stm32.10.3-2021.10.linux64_1.0.0.202111181127/tools/bin/../lib/gcc/arm-none-eabi/10.3.1/../../../../arm-none-eabi/lib/thumb/v7-m/nofp/libc_nano.a(lib_a-mlock.o)
 .ARM.attributes
                0x0000000000000881       0x2d /opt/st/stm32cubeide_1.10.1/plugins/com.st.stm32cube.ide.mcu.externaltools.gnu-tools-for-stm32.10.3-2021.10.linux64_1.0.0.202111181127/tools/bin/../lib/gcc/arm-none-eabi/10.3.1/../../../../arm-none-eabi/lib/thumb/v7-m/nofp/libc_nano.a(lib_a-nano-msizer.o)
 .ARM.attributes
                0x00000000000008ae       0x2d /opt/st/stm32cubeide_1.10.1/plugins/com.st.stm32cube.ide.mcu.externaltools.gnu-tools-for-stm32.10.3-2021.10.linux64_1.0.0.202111181127/tools/bin/../lib/gcc/arm-none-eabi/10.3.1/../../../../arm-none-eabi/lib/thumb/v7-m/nofp/libc_nano.a(lib_a-reent.o)
 .ARM.attributes
                0x00000000000008db       0x2d /opt/st/stm32cubeide_1.10.1/plugins/com.st.stm32cube.ide.mcu.externaltools.gnu-tools-for-stm32.10.3-2021.10.linux64_1.0.0.202111181127/tools/bin/../lib/gcc/arm-none-eabi/10.3.1/../../../../arm-none-eabi/lib/thumb/v7-m/nofp/libc_nano.a(lib_a-lock.o)
 .ARM.attributes
                0x0000000000000908       0x1d /opt/st/stm32cubeide_1.10.1/plugins/com.st.stm32cube.ide.mcu.externaltools.gnu-tools-for-stm32.10.3-2021.10.linux64_1.0.0.202111181127/tools/bin/../lib/gcc/arm-none-eabi/10.3.1/thumb/v7-m/nofp/crtn.o
OUTPUT(rs485-slave-103c8t6-spi.elf elf32-littlearm)
LOAD linker stubs
LOAD /opt/st/stm32cubeide_1.10.1/plugins/com.st.stm32cube.ide.mcu.externaltools.gnu-tools-for-stm32.10.3-2021.10.linux64_1.0.0.202111181127/tools/bin/../lib/gcc/arm-none-eabi/10.3.1/../../../../arm-none-eabi/lib/thumb/v7-m/nofp/libc.a
LOAD /opt/st/stm32cubeide_1.10.1/plugins/com.st.stm32cube.ide.mcu.externaltools.gnu-tools-for-stm32.10.3-2021.10.linux64_1.0.0.202111181127/tools/bin/../lib/gcc/arm-none-eabi/10.3.1/../../../../arm-none-eabi/lib/thumb/v7-m/nofp/libm.a
LOAD /opt/st/stm32cubeide_1.10.1/plugins/com.st.stm32cube.ide.mcu.externaltools.gnu-tools-for-stm32.10.3-2021.10.linux64_1.0.0.202111181127/tools/bin/../lib/gcc/arm-none-eabi/10.3.1/thumb/v7-m/nofp/libgcc.a

.debug_info     0x0000000000000000    0x14053
 .debug_info    0x0000000000000000      0x44c ./Core/Src/App/commandhandler.o
 .debug_info    0x000000000000044c      0x141 ./Core/Src/App/crc.o
 .debug_info    0x000000000000058d      0x2c7 ./Core/Src/Device/dipswitch.o
 .debug_info    0x0000000000000854      0xb19 ./Core/Src/Device/loadcell.o
 .debug_info    0x000000000000136d      0xa48 ./Core/Src/Device/rfid.o
 .debug_info    0x0000000000001db5      0x305 ./Core/Src/Hal/clock.o
 .debug_info    0x00000000000020ba      0x1d0 ./Core/Src/Hal/gpio.o
 .debug_info    0x000000000000228a      0xa10 ./Core/Src/Hal/spi.o
 .debug_info    0x0000000000002c9a      0x8f4 ./Core/Src/Hal/timer.o
 .debug_info    0x000000000000358e      0x99b ./Core/Src/Hal/uart.o
 .debug_info    0x0000000000003f29      0x6d0 ./Core/Src/Tp/rs485.o
 .debug_info    0x00000000000045f9      0x1a8 ./Core/Src/main.o
 .debug_info    0x00000000000047a1     0x10a4 ./Core/Src/stm32f1xx_hal_msp.o
 .debug_info    0x0000000000005845      0x9f3 ./Core/Src/stm32f1xx_it.o
 .debug_info    0x0000000000006238      0x171 ./Core/Src/sysmem.o
 .debug_info    0x00000000000063a9      0x23d ./Core/Src/system_stm32f1xx.o
 .debug_info    0x00000000000065e6       0x22 ./Core/Startup/startup_stm32f103c8tx.o
 .debug_info    0x0000000000006608      0x734 ./Drivers/STM32F1xx_HAL_Driver/Src/stm32f1xx_hal.o
 .debug_info    0x0000000000006d3c      0xb20 ./Drivers/STM32F1xx_HAL_Driver/Src/stm32f1xx_hal_cortex.o
 .debug_info    0x000000000000785c      0x744 ./Drivers/STM32F1xx_HAL_Driver/Src/stm32f1xx_hal_dma.o
 .debug_info    0x0000000000007fa0      0x615 ./Drivers/STM32F1xx_HAL_Driver/Src/stm32f1xx_hal_gpio.o
 .debug_info    0x00000000000085b5      0x865 ./Drivers/STM32F1xx_HAL_Driver/Src/stm32f1xx_hal_rcc.o
 .debug_info    0x0000000000008e1a     0x165d ./Drivers/STM32F1xx_HAL_Driver/Src/stm32f1xx_hal_spi.o
 .debug_info    0x000000000000a477     0x2bab ./Drivers/STM32F1xx_HAL_Driver/Src/stm32f1xx_hal_tim.o
 .debug_info    0x000000000000d022     0x15c7 ./Drivers/STM32F1xx_HAL_Driver/Src/stm32f1xx_hal_tim_ex.o
 .debug_info    0x000000000000e5e9     0x31b2 ./Drivers/STM32F1xx_HAL_Driver/Src/stm32f1xx_hal_uart.o
 .debug_info    0x000000000001179b     0x1226 ./Lib/HX711/HX711.o
 .debug_info    0x00000000000129c1      0xfd0 ./Lib/PN532/PN532.o
 .debug_info    0x0000000000013991      0x348 ./Lib/utils/utils_buffer.o
 .debug_info    0x0000000000013cd9      0x37a ./Lib/utils/utils_logger.o

.debug_abbrev   0x0000000000000000     0x3953
 .debug_abbrev  0x0000000000000000      0x1bb ./Core/Src/App/commandhandler.o
 .debug_abbrev  0x00000000000001bb       0x9e ./Core/Src/App/crc.o
 .debug_abbrev  0x0000000000000259      0x19b ./Core/Src/Device/dipswitch.o
 .debug_abbrev  0x00000000000003f4      0x2cc ./Core/Src/Device/loadcell.o
 .debug_abbrev  0x00000000000006c0      0x2ff ./Core/Src/Device/rfid.o
 .debug_abbrev  0x00000000000009bf      0x1aa ./Core/Src/Hal/clock.o
 .debug_abbrev  0x0000000000000b69       0xc4 ./Core/Src/Hal/gpio.o
 .debug_abbrev  0x0000000000000c2d      0x233 ./Core/Src/Hal/spi.o
 .debug_abbrev  0x0000000000000e60      0x23b ./Core/Src/Hal/timer.o
 .debug_abbrev  0x000000000000109b      0x239 ./Core/Src/Hal/uart.o
 .debug_abbrev  0x00000000000012d4      0x1ef ./Core/Src/Tp/rs485.o
 .debug_abbrev  0x00000000000014c3      0x109 ./Core/Src/main.o
 .debug_abbrev  0x00000000000015cc      0x20a ./Core/Src/stm32f1xx_hal_msp.o
 .debug_abbrev  0x00000000000017d6      0x18b ./Core/Src/stm32f1xx_it.o
 .debug_abbrev  0x0000000000001961       0xbb ./Core/Src/sysmem.o
 .debug_abbrev  0x0000000000001a1c      0x13b ./Core/Src/system_stm32f1xx.o
 .debug_abbrev  0x0000000000001b57       0x12 ./Core/Startup/startup_stm32f103c8tx.o
 .debug_abbrev  0x0000000000001b69      0x1fb ./Drivers/STM32F1xx_HAL_Driver/Src/stm32f1xx_hal.o
 .debug_abbrev  0x0000000000001d64      0x2ed ./Drivers/STM32F1xx_HAL_Driver/Src/stm32f1xx_hal_cortex.o
 .debug_abbrev  0x0000000000002051      0x1fe ./Drivers/STM32F1xx_HAL_Driver/Src/stm32f1xx_hal_dma.o
 .debug_abbrev  0x000000000000224f      0x1bb ./Drivers/STM32F1xx_HAL_Driver/Src/stm32f1xx_hal_gpio.o
 .debug_abbrev  0x000000000000240a      0x2a8 ./Drivers/STM32F1xx_HAL_Driver/Src/stm32f1xx_hal_rcc.o
 .debug_abbrev  0x00000000000026b2      0x26e ./Drivers/STM32F1xx_HAL_Driver/Src/stm32f1xx_hal_spi.o
 .debug_abbrev  0x0000000000002920      0x264 ./Drivers/STM32F1xx_HAL_Driver/Src/stm32f1xx_hal_tim.o
 .debug_abbrev  0x0000000000002b84      0x26c ./Drivers/STM32F1xx_HAL_Driver/Src/stm32f1xx_hal_tim_ex.o
 .debug_abbrev  0x0000000000002df0      0x2df ./Drivers/STM32F1xx_HAL_Driver/Src/stm32f1xx_hal_uart.o
 .debug_abbrev  0x00000000000030cf      0x345 ./Lib/HX711/HX711.o
 .debug_abbrev  0x0000000000003414      0x258 ./Lib/PN532/PN532.o
 .debug_abbrev  0x000000000000366c      0x157 ./Lib/utils/utils_buffer.o
 .debug_abbrev  0x00000000000037c3      0x190 ./Lib/utils/utils_logger.o

.debug_aranges  0x0000000000000000     0x1420
 .debug_aranges
                0x0000000000000000       0x58 ./Core/Src/App/commandhandler.o
 .debug_aranges
                0x0000000000000058       0x20 ./Core/Src/App/crc.o
 .debug_aranges
                0x0000000000000078       0x30 ./Core/Src/Device/dipswitch.o
 .debug_aranges
                0x00000000000000a8       0x58 ./Core/Src/Device/loadcell.o
 .debug_aranges
                0x0000000000000100       0xc0 ./Core/Src/Device/rfid.o
 .debug_aranges
                0x00000000000001c0       0x40 ./Core/Src/Hal/clock.o
 .debug_aranges
                0x0000000000000200       0x20 ./Core/Src/Hal/gpio.o
 .debug_aranges
                0x0000000000000220       0x48 ./Core/Src/Hal/spi.o
 .debug_aranges
                0x0000000000000268       0x38 ./Core/Src/Hal/timer.o
 .debug_aranges
                0x00000000000002a0       0x58 ./Core/Src/Hal/uart.o
 .debug_aranges
                0x00000000000002f8       0x68 ./Core/Src/Tp/rs485.o
 .debug_aranges
                0x0000000000000360       0x28 ./Core/Src/main.o
 .debug_aranges
                0x0000000000000388       0x50 ./Core/Src/stm32f1xx_hal_msp.o
 .debug_aranges
                0x00000000000003d8       0x80 ./Core/Src/stm32f1xx_it.o
 .debug_aranges
                0x0000000000000458       0x20 ./Core/Src/sysmem.o
 .debug_aranges
                0x0000000000000478       0x28 ./Core/Src/system_stm32f1xx.o
 .debug_aranges
                0x00000000000004a0       0x28 ./Core/Startup/startup_stm32f103c8tx.o
 .debug_aranges
                0x00000000000004c8       0xe0 ./Drivers/STM32F1xx_HAL_Driver/Src/stm32f1xx_hal.o
 .debug_aranges
                0x00000000000005a8      0x100 ./Drivers/STM32F1xx_HAL_Driver/Src/stm32f1xx_hal_cortex.o
 .debug_aranges
                0x00000000000006a8       0x80 ./Drivers/STM32F1xx_HAL_Driver/Src/stm32f1xx_hal_dma.o
 .debug_aranges
                0x0000000000000728       0x58 ./Drivers/STM32F1xx_HAL_Driver/Src/stm32f1xx_hal_gpio.o
 .debug_aranges
                0x0000000000000780       0x90 ./Drivers/STM32F1xx_HAL_Driver/Src/stm32f1xx_hal_rcc.o
 .debug_aranges
                0x0000000000000810      0x1d0 ./Drivers/STM32F1xx_HAL_Driver/Src/stm32f1xx_hal_spi.o
 .debug_aranges
                0x00000000000009e0      0x3d0 ./Drivers/STM32F1xx_HAL_Driver/Src/stm32f1xx_hal_tim.o
 .debug_aranges
                0x0000000000000db0      0x168 ./Drivers/STM32F1xx_HAL_Driver/Src/stm32f1xx_hal_tim_ex.o
 .debug_aranges
                0x0000000000000f18      0x208 ./Drivers/STM32F1xx_HAL_Driver/Src/stm32f1xx_hal_uart.o
 .debug_aranges
                0x0000000000001120      0x138 ./Lib/HX711/HX711.o
 .debug_aranges
                0x0000000000001258      0x138 ./Lib/PN532/PN532.o
 .debug_aranges
                0x0000000000001390       0x50 ./Lib/utils/utils_buffer.o
 .debug_aranges
                0x00000000000013e0       0x40 ./Lib/utils/utils_logger.o

.debug_ranges   0x0000000000000000     0x1278
 .debug_ranges  0x0000000000000000       0x48 ./Core/Src/App/commandhandler.o
 .debug_ranges  0x0000000000000048       0x10 ./Core/Src/App/crc.o
 .debug_ranges  0x0000000000000058       0x20 ./Core/Src/Device/dipswitch.o
 .debug_ranges  0x0000000000000078       0x48 ./Core/Src/Device/loadcell.o
 .debug_ranges  0x00000000000000c0       0xb0 ./Core/Src/Device/rfid.o
 .debug_ranges  0x0000000000000170       0x30 ./Core/Src/Hal/clock.o
 .debug_ranges  0x00000000000001a0       0x10 ./Core/Src/Hal/gpio.o
 .debug_ranges  0x00000000000001b0       0x38 ./Core/Src/Hal/spi.o
 .debug_ranges  0x00000000000001e8       0x28 ./Core/Src/Hal/timer.o
 .debug_ranges  0x0000000000000210       0x48 ./Core/Src/Hal/uart.o
 .debug_ranges  0x0000000000000258       0x58 ./Core/Src/Tp/rs485.o
 .debug_ranges  0x00000000000002b0       0x18 ./Core/Src/main.o
 .debug_ranges  0x00000000000002c8       0x40 ./Core/Src/stm32f1xx_hal_msp.o
 .debug_ranges  0x0000000000000308       0x70 ./Core/Src/stm32f1xx_it.o
 .debug_ranges  0x0000000000000378       0x10 ./Core/Src/sysmem.o
 .debug_ranges  0x0000000000000388       0x18 ./Core/Src/system_stm32f1xx.o
 .debug_ranges  0x00000000000003a0       0x20 ./Core/Startup/startup_stm32f103c8tx.o
 .debug_ranges  0x00000000000003c0       0xd0 ./Drivers/STM32F1xx_HAL_Driver/Src/stm32f1xx_hal.o
 .debug_ranges  0x0000000000000490       0xf0 ./Drivers/STM32F1xx_HAL_Driver/Src/stm32f1xx_hal_cortex.o
 .debug_ranges  0x0000000000000580       0x70 ./Drivers/STM32F1xx_HAL_Driver/Src/stm32f1xx_hal_dma.o
 .debug_ranges  0x00000000000005f0       0x48 ./Drivers/STM32F1xx_HAL_Driver/Src/stm32f1xx_hal_gpio.o
 .debug_ranges  0x0000000000000638       0x80 ./Drivers/STM32F1xx_HAL_Driver/Src/stm32f1xx_hal_rcc.o
 .debug_ranges  0x00000000000006b8      0x1c0 ./Drivers/STM32F1xx_HAL_Driver/Src/stm32f1xx_hal_spi.o
 .debug_ranges  0x0000000000000878      0x3c0 ./Drivers/STM32F1xx_HAL_Driver/Src/stm32f1xx_hal_tim.o
 .debug_ranges  0x0000000000000c38      0x158 ./Drivers/STM32F1xx_HAL_Driver/Src/stm32f1xx_hal_tim_ex.o
 .debug_ranges  0x0000000000000d90      0x228 ./Drivers/STM32F1xx_HAL_Driver/Src/stm32f1xx_hal_uart.o
 .debug_ranges  0x0000000000000fb8      0x128 ./Lib/HX711/HX711.o
 .debug_ranges  0x00000000000010e0      0x128 ./Lib/PN532/PN532.o
 .debug_ranges  0x0000000000001208       0x40 ./Lib/utils/utils_buffer.o
 .debug_ranges  0x0000000000001248       0x30 ./Lib/utils/utils_logger.o

.debug_macro    0x0000000000000000    0x1d217
 .debug_macro   0x0000000000000000      0x221 ./Core/Src/App/commandhandler.o
 .debug_macro   0x0000000000000221      0xa6c ./Core/Src/App/commandhandler.o
 .debug_macro   0x0000000000000c8d       0x22 ./Core/Src/App/commandhandler.o
 .debug_macro   0x0000000000000caf       0x22 ./Core/Src/App/commandhandler.o
 .debug_macro   0x0000000000000cd1       0x8e ./Core/Src/App/commandhandler.o
 .debug_macro   0x0000000000000d5f       0x51 ./Core/Src/App/commandhandler.o
 .debug_macro   0x0000000000000db0      0x103 ./Core/Src/App/commandhandler.o
 .debug_macro   0x0000000000000eb3       0x6a ./Core/Src/App/commandhandler.o
 .debug_macro   0x0000000000000f1d      0x1df ./Core/Src/App/commandhandler.o
 .debug_macro   0x00000000000010fc       0x52 ./Core/Src/App/commandhandler.o
 .debug_macro   0x000000000000114e       0x18 ./Core/Src/App/commandhandler.o
 .debug_macro   0x0000000000001166       0x3c ./Core/Src/App/commandhandler.o
 .debug_macro   0x00000000000011a2       0x34 ./Core/Src/App/commandhandler.o
 .debug_macro   0x00000000000011d6       0x16 ./Core/Src/App/commandhandler.o
 .debug_macro   0x00000000000011ec       0x97 ./Core/Src/App/commandhandler.o
 .debug_macro   0x0000000000001283      0x341 ./Core/Src/App/commandhandler.o
 .debug_macro   0x00000000000015c4       0xfd ./Core/Src/App/commandhandler.o
 .debug_macro   0x00000000000016c1       0x10 ./Core/Src/App/commandhandler.o
 .debug_macro   0x00000000000016d1       0x16 ./Core/Src/App/commandhandler.o
 .debug_macro   0x00000000000016e7       0x43 ./Core/Src/App/commandhandler.o
 .debug_macro   0x000000000000172a       0x34 ./Core/Src/App/commandhandler.o
 .debug_macro   0x000000000000175e       0x10 ./Core/Src/App/commandhandler.o
 .debug_macro   0x000000000000176e       0x58 ./Core/Src/App/commandhandler.o
 .debug_macro   0x00000000000017c6       0x71 ./Core/Src/App/commandhandler.o
 .debug_macro   0x0000000000001837       0x1c ./Core/Src/App/commandhandler.o
 .debug_macro   0x0000000000001853      0x12a ./Core/Src/App/commandhandler.o
 .debug_macro   0x000000000000197d       0x10 ./Core/Src/App/commandhandler.o
 .debug_macro   0x000000000000198d       0x1c ./Core/Src/App/commandhandler.o
 .debug_macro   0x00000000000019a9       0x52 ./Core/Src/App/commandhandler.o
 .debug_macro   0x00000000000019fb       0x22 ./Core/Src/App/commandhandler.o
 .debug_macro   0x0000000000001a1d       0x10 ./Core/Src/App/commandhandler.o
 .debug_macro   0x0000000000001a2d       0x52 ./Core/Src/App/commandhandler.o
 .debug_macro   0x0000000000001a7f       0xd5 ./Core/Src/App/commandhandler.o
 .debug_macro   0x0000000000001b54       0x1c ./Core/Src/App/commandhandler.o
 .debug_macro   0x0000000000001b70       0x3d ./Core/Src/App/commandhandler.o
 .debug_macro   0x0000000000001bad       0x16 ./Core/Src/App/commandhandler.o
 .debug_macro   0x0000000000001bc3      0x145 ./Core/Src/App/commandhandler.o
 .debug_macro   0x0000000000001d08       0x2e ./Core/Src/App/commandhandler.o
 .debug_macro   0x0000000000001d36       0x6d ./Core/Src/App/crc.o
 .debug_macro   0x0000000000001da3      0x343 ./Core/Src/Device/dipswitch.o
 .debug_macro   0x00000000000020e6      0x227 ./Core/Src/Device/dipswitch.o
 .debug_macro   0x000000000000230d       0x2e ./Core/Src/Device/dipswitch.o
 .debug_macro   0x000000000000233b       0x22 ./Core/Src/Device/dipswitch.o
 .debug_macro   0x000000000000235d       0x1c ./Core/Src/Device/dipswitch.o
 .debug_macro   0x0000000000002379       0x22 ./Core/Src/Device/dipswitch.o
 .debug_macro   0x000000000000239b       0xbd ./Core/Src/Device/dipswitch.o
 .debug_macro   0x0000000000002458      0xd23 ./Core/Src/Device/dipswitch.o
 .debug_macro   0x000000000000317b     0xe09e ./Core/Src/Device/dipswitch.o
 .debug_macro   0x0000000000011219       0x6d ./Core/Src/Device/dipswitch.o
 .debug_macro   0x0000000000011286     0x348d ./Core/Src/Device/dipswitch.o
 .debug_macro   0x0000000000014713      0x174 ./Core/Src/Device/dipswitch.o
 .debug_macro   0x0000000000014887       0x5c ./Core/Src/Device/dipswitch.o
 .debug_macro   0x00000000000148e3      0x5bc ./Core/Src/Device/dipswitch.o
 .debug_macro   0x0000000000014e9f      0x289 ./Core/Src/Device/dipswitch.o
 .debug_macro   0x0000000000015128      0x1cb ./Core/Src/Device/dipswitch.o
 .debug_macro   0x00000000000152f3      0x114 ./Core/Src/Device/dipswitch.o
 .debug_macro   0x0000000000015407      0x1b2 ./Core/Src/Device/dipswitch.o
 .debug_macro   0x00000000000155b9       0x27 ./Core/Src/Device/dipswitch.o
 .debug_macro   0x00000000000155e0      0x136 ./Core/Src/Device/dipswitch.o
 .debug_macro   0x0000000000015716      0x1bc ./Core/Src/Device/dipswitch.o
 .debug_macro   0x00000000000158d2       0x34 ./Core/Src/Device/dipswitch.o
 .debug_macro   0x0000000000015906       0x3c ./Core/Src/Device/dipswitch.o
 .debug_macro   0x0000000000015942       0x57 ./Core/Src/Device/dipswitch.o
 .debug_macro   0x0000000000015999       0x87 ./Core/Src/Device/dipswitch.o
 .debug_macro   0x0000000000015a20      0x240 ./Core/Src/Device/dipswitch.o
 .debug_macro   0x0000000000015c60       0x78 ./Core/Src/Device/dipswitch.o
 .debug_macro   0x0000000000015cd8      0x140 ./Core/Src/Device/dipswitch.o
 .debug_macro   0x0000000000015e18      0x217 ./Core/Src/Device/dipswitch.o
 .debug_macro   0x000000000001602f      0x8ed ./Core/Src/Device/dipswitch.o
 .debug_macro   0x000000000001691c      0x28e ./Core/Src/Device/dipswitch.o
 .debug_macro   0x0000000000016baa       0x83 ./Core/Src/Device/dipswitch.o
 .debug_macro   0x0000000000016c2d       0x35 ./Core/Src/Device/dipswitch.o
 .debug_macro   0x0000000000016c62      0x36b ./Core/Src/Device/loadcell.o
 .debug_macro   0x0000000000016fcd      0xb44 ./Core/Src/Device/loadcell.o
 .debug_macro   0x0000000000017b11       0x1c ./Core/Src/Device/loadcell.o
 .debug_macro   0x0000000000017b2d      0xd23 ./Core/Src/Device/loadcell.o
 .debug_macro   0x0000000000018850      0x17b ./Core/Src/Device/loadcell.o
 .debug_macro   0x00000000000189cb       0x34 ./Core/Src/Device/loadcell.o
 .debug_macro   0x00000000000189ff       0x35 ./Core/Src/Device/loadcell.o
 .debug_macro   0x0000000000018a34      0x364 ./Core/Src/Device/loadcell.o
 .debug_macro   0x0000000000018d98       0x43 ./Core/Src/Device/loadcell.o
 .debug_macro   0x0000000000018ddb       0x16 ./Core/Src/Device/loadcell.o
 .debug_macro   0x0000000000018df1      0x137 ./Core/Src/Device/loadcell.o
 .debug_macro   0x0000000000018f28       0x16 ./Core/Src/Device/loadcell.o
 .debug_macro   0x0000000000018f3e       0x52 ./Core/Src/Device/loadcell.o
 .debug_macro   0x0000000000018f90      0x23f ./Core/Src/Device/rfid.o
 .debug_macro   0x00000000000191cf       0x3a ./Core/Src/Device/rfid.o
 .debug_macro   0x0000000000019209       0x22 ./Core/Src/Device/rfid.o
 .debug_macro   0x000000000001922b       0x52 ./Core/Src/Device/rfid.o
 .debug_macro   0x000000000001927d      0x27f ./Core/Src/Device/rfid.o
 .debug_macro   0x00000000000194fc       0x10 ./Core/Src/Device/rfid.o
 .debug_macro   0x000000000001950c      0x333 ./Core/Src/Hal/clock.o
 .debug_macro   0x000000000001983f      0x339 ./Core/Src/Hal/gpio.o
 .debug_macro   0x0000000000019b78      0x373 ./Core/Src/Hal/spi.o
 .debug_macro   0x0000000000019eeb       0x10 ./Core/Src/Hal/spi.o
 .debug_macro   0x0000000000019efb       0x20 ./Core/Src/Hal/spi.o
 .debug_macro   0x0000000000019f1b       0x1c ./Core/Src/Hal/spi.o
 .debug_macro   0x0000000000019f37      0x362 ./Core/Src/Hal/timer.o
 .debug_macro   0x000000000001a299      0x35b ./Core/Src/Hal/uart.o
 .debug_macro   0x000000000001a5f4       0x10 ./Core/Src/Hal/uart.o
 .debug_macro   0x000000000001a604      0x264 ./Core/Src/Tp/rs485.o
 .debug_macro   0x000000000001a868       0x28 ./Core/Src/Tp/rs485.o
 .debug_macro   0x000000000001a890      0x38b ./Core/Src/main.o
 .debug_macro   0x000000000001ac1b       0x10 ./Core/Src/main.o
 .debug_macro   0x000000000001ac2b      0x1c1 ./Core/Src/stm32f1xx_hal_msp.o
 .debug_macro   0x000000000001adec      0x1cb ./Core/Src/stm32f1xx_it.o
 .debug_macro   0x000000000001afb7       0xff ./Core/Src/sysmem.o
 .debug_macro   0x000000000001b0b6      0x23b ./Core/Src/sysmem.o
 .debug_macro   0x000000000001b2f1      0x1b7 ./Core/Src/system_stm32f1xx.o
 .debug_macro   0x000000000001b4a8      0x1db ./Drivers/STM32F1xx_HAL_Driver/Src/stm32f1xx_hal.o
 .debug_macro   0x000000000001b683      0x1b7 ./Drivers/STM32F1xx_HAL_Driver/Src/stm32f1xx_hal_cortex.o
 .debug_macro   0x000000000001b83a      0x1b7 ./Drivers/STM32F1xx_HAL_Driver/Src/stm32f1xx_hal_dma.o
 .debug_macro   0x000000000001b9f1      0x222 ./Drivers/STM32F1xx_HAL_Driver/Src/stm32f1xx_hal_gpio.o
 .debug_macro   0x000000000001bc13      0x1c9 ./Drivers/STM32F1xx_HAL_Driver/Src/stm32f1xx_hal_rcc.o
 .debug_macro   0x000000000001bddc      0x1bf ./Drivers/STM32F1xx_HAL_Driver/Src/stm32f1xx_hal_spi.o
 .debug_macro   0x000000000001bf9b      0x1b8 ./Drivers/STM32F1xx_HAL_Driver/Src/stm32f1xx_hal_tim.o
 .debug_macro   0x000000000001c153      0x1b7 ./Drivers/STM32F1xx_HAL_Driver/Src/stm32f1xx_hal_tim_ex.o
 .debug_macro   0x000000000001c30a      0x1b8 ./Drivers/STM32F1xx_HAL_Driver/Src/stm32f1xx_hal_uart.o
 .debug_macro   0x000000000001c4c2      0x35f ./Lib/HX711/HX711.o
 .debug_macro   0x000000000001c821       0x97 ./Lib/HX711/HX711.o
 .debug_macro   0x000000000001c8b8      0x104 ./Lib/HX711/HX711.o
 .debug_macro   0x000000000001c9bc       0x56 ./Lib/HX711/HX711.o
 .debug_macro   0x000000000001ca12      0x3a3 ./Lib/PN532/PN532.o
 .debug_macro   0x000000000001cdb5       0x16 ./Lib/PN532/PN532.o
 .debug_macro   0x000000000001cdcb      0x20a ./Lib/utils/utils_buffer.o
 .debug_macro   0x000000000001cfd5      0x1f6 ./Lib/utils/utils_logger.o
 .debug_macro   0x000000000001d1cb       0x4c ./Lib/utils/utils_logger.o

.debug_line     0x0000000000000000    0x180c5
 .debug_line    0x0000000000000000      0x7a8 ./Core/Src/App/commandhandler.o
 .debug_line    0x00000000000007a8      0x3da ./Core/Src/App/crc.o
 .debug_line    0x0000000000000b82      0x92c ./Core/Src/Device/dipswitch.o
 .debug_line    0x00000000000014ae      0x9d7 ./Core/Src/Device/loadcell.o
 .debug_line    0x0000000000001e85      0x9d9 ./Core/Src/Device/rfid.o
 .debug_line    0x000000000000285e      0x91d ./Core/Src/Hal/clock.o
 .debug_line    0x000000000000317b      0x871 ./Core/Src/Hal/gpio.o
 .debug_line    0x00000000000039ec      0x979 ./Core/Src/Hal/spi.o
 .debug_line    0x0000000000004365      0x968 ./Core/Src/Hal/timer.o
 .debug_line    0x0000000000004ccd      0xa99 ./Core/Src/Hal/uart.o
 .debug_line    0x0000000000005766      0x8f1 ./Core/Src/Tp/rs485.o
 .debug_line    0x0000000000006057      0x956 ./Core/Src/main.o
 .debug_line    0x00000000000069ad      0x7d7 ./Core/Src/stm32f1xx_hal_msp.o
 .debug_line    0x0000000000007184      0x79f ./Core/Src/stm32f1xx_it.o
 .debug_line    0x0000000000007923      0x4bd ./Core/Src/sysmem.o
 .debug_line    0x0000000000007de0      0x6fb ./Core/Src/system_stm32f1xx.o
 .debug_line    0x00000000000084db       0x86 ./Core/Startup/startup_stm32f103c8tx.o
 .debug_line    0x0000000000008561      0x928 ./Drivers/STM32F1xx_HAL_Driver/Src/stm32f1xx_hal.o
 .debug_line    0x0000000000008e89      0xb10 ./Drivers/STM32F1xx_HAL_Driver/Src/stm32f1xx_hal_cortex.o
 .debug_line    0x0000000000009999      0xd81 ./Drivers/STM32F1xx_HAL_Driver/Src/stm32f1xx_hal_dma.o
 .debug_line    0x000000000000a71a      0x9c1 ./Drivers/STM32F1xx_HAL_Driver/Src/stm32f1xx_hal_gpio.o
 .debug_line    0x000000000000b0db      0xd34 ./Drivers/STM32F1xx_HAL_Driver/Src/stm32f1xx_hal_rcc.o
 .debug_line    0x000000000000be0f     0x1ba9 ./Drivers/STM32F1xx_HAL_Driver/Src/stm32f1xx_hal_spi.o
 .debug_line    0x000000000000d9b8     0x33b3 ./Drivers/STM32F1xx_HAL_Driver/Src/stm32f1xx_hal_tim.o
 .debug_line    0x0000000000010d6b     0x187e ./Drivers/STM32F1xx_HAL_Driver/Src/stm32f1xx_hal_tim_ex.o
 .debug_line    0x00000000000125e9     0x2859 ./Drivers/STM32F1xx_HAL_Driver/Src/stm32f1xx_hal_uart.o
 .debug_line    0x0000000000014e42      0xf79 ./Lib/HX711/HX711.o
 .debug_line    0x0000000000015dbb     0x15b2 ./Lib/PN532/PN532.o
 .debug_line    0x000000000001736d      0x751 ./Lib/utils/utils_buffer.o
 .debug_line    0x0000000000017abe      0x607 ./Lib/utils/utils_logger.o

.debug_str      0x0000000000000000    0x900bf
 .debug_str     0x0000000000000000     0x7fc5 ./Core/Src/App/commandhandler.o
                                       0x81cf (size before relaxing)
 .debug_str     0x0000000000007fc5       0x64 ./Core/Src/App/crc.o
                                       0x3c3e (size before relaxing)
 .debug_str     0x0000000000008029    0x80e0e ./Core/Src/Device/dipswitch.o
                                      0x88c84 (size before relaxing)
 .debug_str     0x0000000000088e37     0x11e2 ./Core/Src/Device/loadcell.o
                                      0x89b5a (size before relaxing)
 .debug_str     0x000000000008a019     0x143e ./Core/Src/Device/rfid.o
                                       0x925a (size before relaxing)