Archive member included to satisfy reference by file (symbol)

/opt/st/stm32cubeide_1.10.1/plugins/com.st.stm32cube.ide.mcu.externaltools.gnu-tools-for-stm32.10.3-2021.10.linux64_1.0.0.202111181127/tools/bin/../lib/gcc/arm-none-eabi/10.3.1/../../../../arm-none-eabi/lib/thumb/v7-m/nofp/libc_nano.a(lib_a-errno.o)
                              ./Core/Src/syscalls.o (__errno)
/opt/st/stm32cubeide_1.10.1/plugins/com.st.stm32cube.ide.mcu.externaltools.gnu-tools-for-stm32.10.3-2021.10.linux64_1.0.0.202111181127/tools/bin/../lib/gcc/arm-none-eabi/10.3.1/../../../../arm-none-eabi/lib/thumb/v7-m/nofp/libc_nano.a(lib_a-exit.o)
                              /opt/st/stm32cubeide_1.10.1/plugins/com.st.stm32cube.ide.mcu.externaltools.gnu-tools-for-stm32.10.3-2021.10.linux64_1.0.0.202111181127/tools/bin/../lib/gcc/arm-none-eabi/10.3.1/../../../../arm-none-eabi/lib/thumb/v7-m/nofp/crt0.o (exit)
/opt/st/stm32cubeide_1.10.1/plugins/com.st.stm32cube.ide.mcu.externaltools.gnu-tools-for-stm32.10.3-2021.10.linux64_1.0.0.202111181127/tools/bin/../lib/gcc/arm-none-eabi/10.3.1/../../../../arm-none-eabi/lib/thumb/v7-m/nofp/libc_nano.a(lib_a-impure.o)
                              /opt/st/stm32cubeide_1.10.1/plugins/com.st.stm32cube.ide.mcu.externaltools.gnu-tools-for-stm32.10.3-2021.10.linux64_1.0.0.202111181127/tools/bin/../lib/gcc/arm-none-eabi/10.3.1/../../../../arm-none-eabi/lib/thumb/v7-m/nofp/libc_nano.a(lib_a-exit.o) (_global_impure_ptr)
/opt/st/stm32cubeide_1.10.1/plugins/com.st.stm32cube.ide.mcu.externaltools.gnu-tools-for-stm32.10.3-2021.10.linux64_1.0.0.202111181127/tools/bin/../lib/gcc/arm-none-eabi/10.3.1/../../../../arm-none-eabi/lib/thumb/v7-m/nofp/libc_nano.a(lib_a-init.o)
                              /opt/st/stm32cubeide_1.10.1/plugins/com.st.stm32cube.ide.mcu.externaltools.gnu-tools-for-stm32.10.3-2021.10.linux64_1.0.0.202111181127/tools/bin/../lib/gcc/arm-none-eabi/10.3.1/../../../../arm-none-eabi/lib/thumb/v7-m/nofp/crt0.o (__libc_init_array)
/opt/st/stm32cubeide_1.10.1/plugins/com.st.stm32cube.ide.mcu.externaltools.gnu-tools-for-stm32.10.3-2021.10.linux64_1.0.0.202111181127/tools/bin/../lib/gcc/arm-none-eabi/10.3.1/../../../../arm-none-eabi/lib/thumb/v7-m/nofp/libc_nano.a(lib_a-memcmp.o)
                              ./Core/Src/Device/rfid.o (memcmp)
/opt/st/stm32cubeide_1.10.1/plugins/com.st.stm32cube.ide.mcu.externaltools.gnu-tools-for-stm32.10.3-2021.10.linux64_1.0.0.202111181127/tools/bin/../lib/gcc/arm-none-eabi/10.3.1/../../../../arm-none-eabi/lib/thumb/v7-m/nofp/libc_nano.a(lib_a-memcpy-stub.o)
                              ./Core/Src/Device/rfid.o (memcpy)
/opt/st/stm32cubeide_1.10.1/plugins/com.st.stm32cube.ide.mcu.externaltools.gnu-tools-for-stm32.10.3-2021.10.linux64_1.0.0.202111181127/tools/bin/../lib/gcc/arm-none-eabi/10.3.1/../../../../arm-none-eabi/lib/thumb/v7-m/nofp/libc_nano.a(lib_a-memset.o)
                              /opt/st/stm32cubeide_1.10.1/plugins/com.st.stm32cube.ide.mcu.externaltools.gnu-tools-for-stm32.10.3-2021.10.linux64_1.0.0.202111181127/tools/bin/../lib/gcc/arm-none-eabi/10.3.1/../../../../arm-none-eabi/lib/thumb/v7-m/nofp/crt0.o (memset)
/opt/st/stm32cubeide_1.10.1/plugins/com.st.stm32cube.ide.mcu.externaltools.gnu-tools-for-stm32.10.3-2021.10.linux64_1.0.0.202111181127/tools/bin/../lib/gcc/arm-none-eabi/10.3.1/../../../../arm-none-eabi/lib/thumb/v7-m/nofp/libc_nano.a(lib_a-snprintf.o)
                              ./Lib/utils/utils_logger.o (snprintf)
/opt/st/stm32cubeide_1.10.1/plugins/com.st.stm32cube.ide.mcu.externaltools.gnu-tools-for-stm32.10.3-2021.10.linux64_1.0.0.202111181127/tools/bin/../lib/gcc/arm-none-eabi/10.3.1/../../../../arm-none-eabi/lib/thumb/v7-m/nofp/libc_nano.a(lib_a-strlen.o)
                              ./Lib/PN532/PN532.o (strlen)
/opt/st/stm32cubeide_1.10.1/plugins/com.st.stm32cube.ide.mcu.externaltools.gnu-tools-for-stm32.10.3-2021.10.linux64_1.0.0.202111181127/tools/bin/../lib/gcc/arm-none-eabi/10.3.1/../../../../arm-none-eabi/lib/thumb/v7-m/nofp/libc_nano.a(lib_a-vsnprintf.o)
                              ./Lib/utils/utils_logger.o (vsnprintf)
/opt/st/stm32cubeide_1.10.1/plugins/com.st.stm32cube.ide.mcu.externaltools.gnu-tools-for-stm32.10.3-2021.10.linux64_1.0.0.202111181127/tools/bin/../lib/gcc/arm-none-eabi/10.3.1/../../../../arm-none-eabi/lib/thumb/v7-m/nofp/libc_nano.a(lib_a-nano-svfprintf.o)
                              /opt/st/stm32cubeide_1.10.1/plugins/com.st.stm32cube.ide.mcu.externaltools.gnu-tools-for-stm32.10.3-2021.10.linux64_1.0.0.202111181127/tools/bin/../lib/gcc/arm-none-eabi/10.3.1/../../../../arm-none-eabi/lib/thumb/v7-m/nofp/libc_nano.a(lib_a-snprintf.o) (_svfprintf_r)
/opt/st/stm32cubeide_1.10.1/plugins/com.st.stm32cube.ide.mcu.externaltools.gnu-tools-for-stm32.10.3-2021.10.linux64_1.0.0.202111181127/tools/bin/../lib/gcc/arm-none-eabi/10.3.1/../../../../arm-none-eabi/lib/thumb/v7-m/nofp/libc_nano.a(lib_a-nano-vfprintf_i.o)
[...]
Memory Configuration

Name             Origin             Length             Attributes
RAM              0x0000000020000000 0x0000000000005000 xrw
FLASH            0x0000000008000000 0x0000000000010000 xr
*default*        0x0000000000000000 0xffffffffffffffff

Linker script and memory map

LOAD /opt/st/stm32cubeide_1.10.1/plugins/com.st.stm32cube.ide.mcu.externaltools.gnu-tools-for-stm32.10.3-2021.10.linux64_1.0.0.202111181127/tools/bin/../lib/gcc/arm-none-eabi/10.3.1/thumb/v7-m/nofp/crti.o
LOAD /opt/st/stm32cubeide_1.10.1/plugins/com.st.stm32cube.ide.mcu.externaltools.gnu-tools-for-stm32.10.3-2021.10.linux64_1.0.0.202111181127/tools/bin/../lib/gcc/arm-none-eabi/10.3.1/thumb/v7-m/nofp/crtbegin.o
LOAD /opt/st/stm32cubeide_1.10.1/plugins/com.st.stm32cube.ide.mcu.externaltools.gnu-tools-for-stm32.10.3-2021.10.linux64_1.0.0.202111181127/tools/bin/../lib/gcc/arm-none-eabi/10.3.1/../../../../arm-none-eabi/lib/thumb/v7-m/nofp/crt0.o
LOAD ./Core/Src/App/commandhandler.o
LOAD ./Core/Src/App/crc.o
LOAD ./Core/Src/Device/dipswitch.o
LOAD ./Core/Src/Device/loadcell.o
LOAD ./Core/Src/Device/rfid.o
LOAD ./Core/Src/Hal/clock.o
LOAD ./Core/Src/Hal/gpio.o
LOAD ./Core/Src/Hal/spi.o
LOAD ./Core/Src/Hal/timer.o
LOAD ./Core/Src/Hal/uart.o
LOAD ./Core/Src/Hal/watchdog.o
LOAD ./Core/Src/Tp/rs485.o
LOAD ./Core/Src/main.o
LOAD ./Core/Src/stm32f1xx_hal_msp.o
LOAD ./Core/Src/stm32f1xx_it.o
LOAD ./Core/Src/syscalls.o
LOAD ./Core/Src/sysmem.o
LOAD ./Core/Src/system_stm32f1xx.o
LOAD ./Core/Startup/startup_stm32f103c8tx.o
LOAD ./Drivers/STM32F1xx_HAL_Driver/Src/stm32f1xx_hal.o
LOAD ./Drivers/STM32F1xx_HAL_Driver/Src/stm32f1xx_hal_cortex.o
LOAD ./Drivers/STM32F1xx_HAL_Driver/Src/stm32f1xx_hal_dma.o
LOAD ./Drivers/STM32F1xx_HAL_Driver/Src/stm32f1xx_hal_exti.o
LOAD ./Drivers/STM32F1xx_HAL_Driver/Src/stm32f1xx_hal_flash.o
LOAD ./Drivers/STM32F1xx_HAL_Driver/Src/stm32f1xx_hal_flash_ex.o
LOAD ./Drivers/STM32F1xx_HAL_Driver/Src/stm32f1xx_hal_gpio.o
LOAD ./Drivers/STM32F1xx_HAL_Driver/Src/stm32f1xx_hal_gpio_ex.o
LOAD ./Drivers/STM32F1xx_HAL_Driver/Src/stm32f1xx_hal_iwdg.o
LOAD ./Drivers/STM32F1xx_HAL_Driver/Src/stm32f1xx_hal_pwr.o
LOAD ./Drivers/STM32F1xx_HAL_Driver/Src/stm32f1xx_hal_rcc.o
LOAD ./Drivers/STM32F1xx_HAL_Driver/Src/stm32f1xx_hal_rcc_ex.o
LOAD ./Drivers/STM32F1xx_HAL_Driver/Src/stm32f1xx_hal_spi.o
LOAD ./Drivers/STM32F1xx_HAL_Driver/Src/stm32f1xx_hal_tim.o
LOAD ./Drivers/STM32F1xx_HAL_Driver/Src/stm32f1xx_hal_tim_ex.o
LOAD ./Drivers/STM32F1xx_HAL_Driver/Src/stm32f1xx_hal_uart.o
LOAD ./Lib/HX711/HX711.o
LOAD ./Lib/PN532/PN532.o
LOAD ./Lib/utils/utils_buffer.o
LOAD ./Lib/utils/utils_logger.o
LOAD ./Lib/utils/utils_string.o
START GROUP
LOAD /opt/st/stm32cubeide_1.10.1/plugins/com.st.stm32cube.ide.mcu.externaltools.gnu-tools-for-stm32.10.3-2021.10.linux64_1.0.0.202111181127/tools/bin/../lib/gcc/arm-none-eabi/10.3.1/../../../../arm-none-eabi/lib/thumb/v7-m/nofp/libstdc++_nano.a
LOAD /opt/st/stm32cubeide_1.10.1/plugins/com.st.stm32cube.ide.mcu.externaltools.gnu-tools-for-stm32.10.3-2021.10.linux64_1.0.0.202111181127/tools/bin/../lib/gcc/arm-none-eabi/10.3.1/../../../../arm-none-eabi/lib/thumb/v7-m/nofp/libsupc++_nano.a
END GROUP
LOAD /opt/st/stm32cubeide_1.10.1/plugins/com.st.stm32cube.ide.mcu.externaltools.gnu-tools-for-stm32.10.3-2021.10.linux64_1.0.0.202111181127/tools/bin/../lib/gcc/arm-none-eabi/10.3.1/../../../../arm-none-eabi/lib/thumb/v7-m/nofp/libstdc++_nano.a
LOAD /opt/st/stm32cubeide_1.10.1/plugins/com.st.stm32cube.ide.mcu.externaltools.gnu-tools-for-stm32.10.3-2021.10.linux64_1.0.0.202111181127/tools/bin/../lib/gcc/arm-none-eabi/10.3.1/../../../../arm-none-eabi/lib/thumb/v7-m/nofp/libm.a
LOAD /opt/st/stm32cubeide_1.10.1/plugins/com.st.stm32cube.ide.mcu.externaltools.gnu-tools-for-stm32.10.3-2021.10.linux64_1.0.0.202111181127/tools/bin/../lib/gcc/arm-none-eabi/10.3.1/../../../../arm-none-eabi/lib/thumb/v7-m/nofp/libc_nano.a
START GROUP
LOAD /opt/st/stm32cubeide_1.10.1/plugins/com.st.stm32cube.ide.mcu.externaltools.gnu-tools-for-stm32.10.3-2021.10.linux64_1.0.0.202111181127/tools/bin/../lib/gcc/arm-none-eabi/10.3.1/thumb/v7-m/nofp/libgcc.a
LOAD /opt/st/stm32cubeide_1.10.1/plugins/com.st.stm32cube.ide.mcu.externaltools.gnu-tools-for-stm32.10.3-2021.10.linux64_1.0.0.202111181127/tools/bin/../lib/gcc/arm-none-eabi/10.3.1/../../../../arm-none-eabi/lib/thumb/v7-m/nofp/libc_nano.a
END GROUP
START GROUP
LOAD /opt/st/stm32cubeide_1.10.1/plugins/com.st.stm32cube.ide.mcu.externaltools.gnu-tools-for-stm32.10.3-2021.10.linux64_1.0.0.202111181127/tools/bin/../lib/gcc/arm-none-eabi/10.3.1/thumb/v7-m/nofp/libgcc.a
LOAD /opt/st/stm32cubeide_1.10.1/plugins/com.st.stm32cube.ide.mcu.externaltools.gnu-tools-for-stm32.10.3-2021.10.linux64_1.0.0.202111181127/tools/bin/../lib/gcc/arm-none-eabi/10.3.1/../../../../arm-none-eabi/lib/thumb/v7-m/nofp/libc_nano.a
END GROUP
LOAD /opt/st/stm32cubeide_1.10.1/plugins/com.st.stm32cube.ide.mcu.externaltools.gnu-tools-for-stm32.10.3-2021.10.linux64_1.0.0.202111181127/tools/bin/../lib/gcc/arm-none-eabi/10.3.1/thumb/v7-m/nofp/crtend.o
LOAD /opt/st/stm32cubeide_1.10.1/plugins/com.st.stm32cube.ide.mcu.externaltools.gnu-tools-for-stm32.10.3-2021.10.linux64_1.0.0.202111181127/tools/bin/../lib/gcc/arm-none-eabi/10.3.1/thumb/v7-m/nofp/crtn.o
                0x0000000020005000                _estack = (ORIGIN (RAM) + LENGTH (RAM))
                0x0000000000000200                _Min_Heap_Size = 0x200
                0x0000000000000400                _Min_Stack_Size = 0x400

.isr_vector     0x0000000008000000      0x10c
                0x0000000008000000                . = ALIGN (0x4)
 *(.isr_vector)
 .isr_vector    0x0000000008000000      0x10c ./Core/Startup/startup_stm32f103c8tx.o
                0x0000000008000000                g_pfnVectors
                0x000000000800010c                . = ALIGN (0x4)

.text           0x000000000800010c     0x5324
                0x000000000800010c                . = ALIGN (0x4)
 *(.text)
 .text          0x000000000800010c       0x40 /opt/st/stm32cubeide_1.10.1/plugins/com.st.stm32cube.ide.mcu.externaltools.gnu-tools-for-stm32.10.3-2021.10.linux64_1.0.0.202111181127/tools/bin/../lib/gcc/arm-none-eabi/10.3.1/thumb/v7-m/nofp/crtbegin.o
 *(.text*)
 .text.COMMANDHANDLER_run
                0x000000000800014c       0x48 ./Core/Src/App/commandhandler.o
                0x000000000800014c                COMMANDHANDLER_run
 .text.COMMANDHANDLER_isRs485MessageValid
                0x0000000008000194       0x40 ./Core/Src/App/commandhandler.o
 .text.COMMANDHANDLER_handleRequestRFIDStatus
                0x00000000080001d4       0x4a ./Core/Src/App/commandhandler.o
 .text.COMMANDHANDLER_handleRequestRFIDUpdate
                0x000000000800021e       0x84 ./Core/Src/App/commandhandler.o
 .text.COMMANDHANDLER_sendRFIDStatusResponse
                0x00000000080002a2      0x1d2 ./Core/Src/App/commandhandler.o
 .text.COMMANDHANDLER_sendRFIDUpdateResponse
                0x0000000008000474       0x96 ./Core/Src/App/commandhandler.o
 *fill*         0x000000000800050a        0x2 
 .text.CRC_calculate
                0x000000000800050c       0x5c ./Core/Src/App/crc.o
                0x000000000800050c                CRC_calculate
 .text.DIPSWITCH_init
                0x0000000008000568       0x4c ./Core/Src/Device/dipswitch.o
                0x0000000008000568                DIPSWITCH_init
 .text.DIPSWITCH_get
                0x00000000080005b4       0x74 ./Core/Src/Device/dipswitch.o
                0x00000000080005b4                DIPSWITCH_get
 .text.LOADCELL_writeIo
                0x0000000008000628       0x48 ./Core/Src/Device/loadcell.o
                0x0000000008000628                LOADCELL_writeIo
 .text._Z41__static_initialization_and_destruction_0ii
                0x0000000008000670       0x44 ./Core/Src/Device/loadcell.o
 .text._GLOBAL__sub_I_LOADCELL_init
                0x00000000080006b4       0x10 ./Core/Src/Device/loadcell.o
 .text._GLOBAL__sub_D_LOADCELL_init
                0x00000000080006c4       0x10 ./Core/Src/Device/loadcell.o
 .text.RFID_init
                0x00000000080006d4       0x2c ./Core/Src/Device/rfid.o
                0x00000000080006d4                RFID_init
 .text.RFID_run
                0x0000000008000700        0xc ./Core/Src/Device/rfid.o
                0x0000000008000700                RFID_run
 .text.RFID_get
                0x000000000800070c       0x34 ./Core/Src/Device/rfid.o
                0x000000000800070c                RFID_get
 .text.RFID_isPlaced
                0x0000000008000740       0x18 ./Core/Src/Device/rfid.o
                0x0000000008000740                RFID_isPlaced
 .text.RFID_set
                0x0000000008000758       0xd4 ./Core/Src/Device/rfid.o
                0x0000000008000758                RFID_set
 .text.RFID_runById
                0x000000000800082c      0x144 ./Core/Src/Device/rfid.o
 .text.RFID_portInterfaceWrite
                0x0000000008000970       0x1c ./Core/Src/Device/rfid.o
 .text.RFID_portInterfaceRead
                0x000000000800098c       0x62 ./Core/Src/Device/rfid.o
 .text.RFID_portInterfaceIsAvailable
                0x00000000080009ee       0x10 ./Core/Src/Device/rfid.o
 .text.RFID_portInterfaceCleanup
                0x00000000080009fe       0x42 ./Core/Src/Device/rfid.o
 .text.RFID_portInterfaceReset
                0x0000000008000a40       0x28 ./Core/Src/Device/rfid.o
 .text.RFID_buildToBlockData
                0x0000000008000a68       0x94 ./Core/Src/Device/rfid.o
 .text.RFID_parseFromBlockData
                0x0000000008000afc       0x84 ./Core/Src/Device/rfid.o
 .text.RFID_getBlockDataKey
                0x0000000008000b80       0x5e ./Core/Src/Device/rfid.o
 .text.RFID_getIdKey
                0x0000000008000bde       0x3c ./Core/Src/Device/rfid.o
 .text.CLOCK_init
                0x0000000008000c1a       0x86 ./Core/Src/Hal/clock.o
                0x0000000008000c1a                CLOCK_init
 .text.CLOCK_getTick
                0x0000000008000ca0        0xe ./Core/Src/Hal/clock.o
                0x0000000008000ca0                CLOCK_getTick
 .text.CLOCK_delayUs
                0x0000000008000cae       0x26 ./Core/Src/Hal/clock.o
                0x0000000008000cae                CLOCK_delayUs
 .text.GPIO_init
                0x0000000008000cd4       0x78 ./Core/Src/Hal/gpio.o
                0x0000000008000cd4                GPIO_init
 .text.TIMER_init
                0x0000000008000d4c       0x84 ./Core/Src/Hal/timer.o
                0x0000000008000d4c                TIMER_init
 .text.TIMER_attach_intr_1ms
                0x0000000008000dd0       0x3c ./Core/Src/Hal/timer.o
                0x0000000008000dd0                TIMER_attach_intr_1ms
 .text.HAL_TIM_PeriodElapsedCallback
                0x0000000008000e0c       0x48 ./Core/Src/Hal/timer.o
                0x0000000008000e0c                HAL_TIM_PeriodElapsedCallback
 .text.UART_init
                0x0000000008000e54       0xd8 ./Core/Src/Hal/uart.o
                0x0000000008000e54                UART_init
 .text.UART_send
                0x0000000008000f2c       0x34 ./Core/Src/Hal/uart.o
                0x0000000008000f2c                UART_send
 .text.UART_receive_available
                0x0000000008000f60       0x2c ./Core/Src/Hal/uart.o
                0x0000000008000f60                UART_receive_available
 .text.UART_receive_data
                0x0000000008000f8c       0x30 ./Core/Src/Hal/uart.o
                0x0000000008000f8c                UART_receive_data
 .text.UART_set_receive_callback
                0x0000000008000fbc       0x28 ./Core/Src/Hal/uart.o
                0x0000000008000fbc                UART_set_receive_callback
 .text.HAL_UART_RxCpltCallback
                0x0000000008000fe4       0xd4 ./Core/Src/Hal/uart.o
                0x0000000008000fe4                HAL_UART_RxCpltCallback
 .text.RS485_init
                0x00000000080010b8       0x20 ./Core/Src/Tp/rs485.o
                0x00000000080010b8                RS485_init
 .text.RS485_run
                0x00000000080010d8       0xa0 ./Core/Src/Tp/rs485.o
                0x00000000080010d8                RS485_run
 .text.RS485_send
                0x0000000008001178       0x30 ./Core/Src/Tp/rs485.o
                0x0000000008001178                RS485_send
 .text.RS485_receive
                0x00000000080011a8       0x74 ./Core/Src/Tp/rs485.o
                0x00000000080011a8                RS485_receive
 .text.RS485_interrupt1ms
                0x000000000800121c       0x34 ./Core/Src/Tp/rs485.o
 .text.RS485_parse
                0x0000000008001250      0x168 ./Core/Src/Tp/rs485.o
 .text.RS485_calCheckSum
                0x00000000080013b8       0x20 ./Core/Src/Tp/rs485.o
 .text.RS485_serialize
                0x00000000080013d8      0x116 ./Core/Src/Tp/rs485.o
 .text.RS485_cutBuffer
                0x00000000080014ee       0x54 ./Core/Src/Tp/rs485.o
 *fill*         0x0000000008001542        0x2 
 .text.RS485_onUartCallback
                0x0000000008001544       0x6c ./Core/Src/Tp/rs485.o
 .text.main     0x00000000080015b0       0x32 ./Core/Src/main.o
                0x00000000080015b0                main
 .text.Error_Handler
                0x00000000080015e2        0xa ./Core/Src/main.o
                0x00000000080015e2                Error_Handler
 .text.HAL_MspInit
                0x00000000080015ec       0x44 ./Core/Src/stm32f1xx_hal_msp.o
                0x00000000080015ec                HAL_MspInit
 .text.HAL_TIM_Base_MspInit
                0x0000000008001630       0x4c ./Core/Src/stm32f1xx_hal_msp.o
                0x0000000008001630                HAL_TIM_Base_MspInit
 .text.HAL_UART_MspInit
                0x000000000800167c      0x1b0 ./Core/Src/stm32f1xx_hal_msp.o
                0x000000000800167c                HAL_UART_MspInit
 .text.NMI_Handler
                0x000000000800182c        0x6 ./Core/Src/stm32f1xx_it.o
                0x000000000800182c                NMI_Handler
 .text.HardFault_Handler
                0x0000000008001832        0x6 ./Core/Src/stm32f1xx_it.o
                0x0000000008001832                HardFault_Handler
 .text.MemManage_Handler
                0x0000000008001838        0x6 ./Core/Src/stm32f1xx_it.o
                0x0000000008001838                MemManage_Handler
 .text.BusFault_Handler
                0x000000000800183e        0x6 ./Core/Src/stm32f1xx_it.o
                0x000000000800183e                BusFault_Handler
 .text.UsageFault_Handler
                0x0000000008001844        0x6 ./Core/Src/stm32f1xx_it.o
                0x0000000008001844                UsageFault_Handler
 .text.SVC_Handler
                0x000000000800184a        0xc ./Core/Src/stm32f1xx_it.o
                0x000000000800184a                SVC_Handler
 .text.DebugMon_Handler
                0x0000000008001856        0xc ./Core/Src/stm32f1xx_it.o
                0x0000000008001856                DebugMon_Handler
 .text.PendSV_Handler
                0x0000000008001862        0xc ./Core/Src/stm32f1xx_it.o
                0x0000000008001862                PendSV_Handler
 .text.SysTick_Handler
                0x000000000800186e        0xc ./Core/Src/stm32f1xx_it.o
                0x000000000800186e                SysTick_Handler
 *fill*         0x000000000800187a        0x2 
 .text.TIM3_IRQHandler
                0x000000000800187c       0x14 ./Core/Src/stm32f1xx_it.o
                0x000000000800187c                TIM3_IRQHandler
 .text.USART1_IRQHandler
                0x0000000008001890       0x14 ./Core/Src/stm32f1xx_it.o
                0x0000000008001890                USART1_IRQHandler
 .text.USART2_IRQHandler
                0x00000000080018a4       0x14 ./Core/Src/stm32f1xx_it.o
                0x00000000080018a4                USART2_IRQHandler
 .text.USART3_IRQHandler
                0x00000000080018b8       0x14 ./Core/Src/stm32f1xx_it.o
                0x00000000080018b8                USART3_IRQHandler
 .text._sbrk    0x00000000080018cc       0x6c ./Core/Src/sysmem.o
                0x00000000080018cc                _sbrk
 .text.SystemInit
                0x0000000008001938        0xc ./Core/Src/system_stm32f1xx.o
                0x0000000008001938                SystemInit
 .text.Reset_Handler
                0x0000000008001944       0x48 ./Core/Startup/startup_stm32f103c8tx.o
                0x0000000008001944                Reset_Handler
 .text.Default_Handler
                0x000000000800198c        0x2 ./Core/Startup/startup_stm32f103c8tx.o
                0x000000000800198c                RTC_Alarm_IRQHandler
                0x000000000800198c                EXTI2_IRQHandler
                0x000000000800198c                TIM1_CC_IRQHandler
                0x000000000800198c                PVD_IRQHandler
                0x000000000800198c                EXTI3_IRQHandler
                0x000000000800198c                EXTI0_IRQHandler
                0x000000000800198c                I2C2_EV_IRQHandler
                0x000000000800198c                ADC1_2_IRQHandler
                0x000000000800198c                SPI1_IRQHandler
                0x000000000800198c                TAMPER_IRQHandler
                0x000000000800198c                DMA1_Channel4_IRQHandler
                0x000000000800198c                RTC_IRQHandler
                0x000000000800198c                DMA1_Channel7_IRQHandler
                0x000000000800198c                CAN1_RX1_IRQHandler
                0x000000000800198c                TIM4_IRQHandler
                0x000000000800198c                I2C1_EV_IRQHandler
                0x000000000800198c                DMA1_Channel6_IRQHandler
                0x000000000800198c                RCC_IRQHandler
                0x000000000800198c                TIM1_TRG_COM_IRQHandler
                0x000000000800198c                DMA1_Channel1_IRQHandler
                0x000000000800198c                Default_Handler
                0x000000000800198c                EXTI15_10_IRQHandler
                0x000000000800198c                EXTI9_5_IRQHandler
                0x000000000800198c                SPI2_IRQHandler
                0x000000000800198c                DMA1_Channel5_IRQHandler
                0x000000000800198c                EXTI4_IRQHandler
                0x000000000800198c                USB_LP_CAN1_RX0_IRQHandler
                0x000000000800198c                USB_HP_CAN1_TX_IRQHandler
                0x000000000800198c                DMA1_Channel3_IRQHandler
                0x000000000800198c                TIM1_UP_IRQHandler
                0x000000000800198c                WWDG_IRQHandler
                0x000000000800198c                TIM2_IRQHandler
                0x000000000800198c                TIM1_BRK_IRQHandler
                0x000000000800198c                EXTI1_IRQHandler
                0x000000000800198c                I2C2_ER_IRQHandler
                0x000000000800198c                DMA1_Channel2_IRQHandler
                0x000000000800198c                CAN1_SCE_IRQHandler
                0x000000000800198c                FLASH_IRQHandler
                0x000000000800198c                I2C1_ER_IRQHandler
                0x000000000800198c                USBWakeUp_IRQHandler
 *fill*         0x000000000800198e        0x2 
 .text.HAL_Init
                0x0000000008001990       0x2c ./Drivers/STM32F1xx_HAL_Driver/Src/stm32f1xx_hal.o
                0x0000000008001990                HAL_Init
 .text.HAL_InitTick
                0x00000000080019bc       0x60 ./Drivers/STM32F1xx_HAL_Driver/Src/stm32f1xx_hal.o
                0x00000000080019bc                HAL_InitTick
 .text.HAL_IncTick
                0x0000000008001a1c       0x24 ./Drivers/STM32F1xx_HAL_Driver/Src/stm32f1xx_hal.o
                0x0000000008001a1c                HAL_IncTick
 .text.HAL_GetTick
                0x0000000008001a40       0x14 ./Drivers/STM32F1xx_HAL_Driver/Src/stm32f1xx_hal.o
                0x0000000008001a40                HAL_GetTick
 .text.HAL_Delay
                0x0000000008001a54       0x48 ./Drivers/STM32F1xx_HAL_Driver/Src/stm32f1xx_hal.o
                0x0000000008001a54                HAL_Delay
 .text.__NVIC_SetPriorityGrouping
                0x0000000008001a9c       0x48 ./Drivers/STM32F1xx_HAL_Driver/Src/stm32f1xx_hal_cortex.o
 .text.__NVIC_GetPriorityGrouping
                0x0000000008001ae4       0x1c ./Drivers/STM32F1xx_HAL_Driver/Src/stm32f1xx_hal_cortex.o
 .text.__NVIC_EnableIRQ
                0x0000000008001b00       0x38 ./Drivers/STM32F1xx_HAL_Driver/Src/stm32f1xx_hal_cortex.o
 .text.__NVIC_SetPriority
                0x0000000008001b38       0x54 ./Drivers/STM32F1xx_HAL_Driver/Src/stm32f1xx_hal_cortex.o
 .text.NVIC_EncodePriority
                0x0000000008001b8c       0x64 ./Drivers/STM32F1xx_HAL_Driver/Src/stm32f1xx_hal_cortex.o
 .text.SysTick_Config
                0x0000000008001bf0       0x44 ./Drivers/STM32F1xx_HAL_Driver/Src/stm32f1xx_hal_cortex.o
 .text.HAL_NVIC_SetPriorityGrouping
                0x0000000008001c34       0x16 ./Drivers/STM32F1xx_HAL_Driver/Src/stm32f1xx_hal_cortex.o
                0x0000000008001c34                HAL_NVIC_SetPriorityGrouping
 .text.HAL_NVIC_SetPriority
                0x0000000008001c4a       0x38 ./Drivers/STM32F1xx_HAL_Driver/Src/stm32f1xx_hal_cortex.o
                0x0000000008001c4a                HAL_NVIC_SetPriority
 .text.HAL_NVIC_EnableIRQ
                0x0000000008001c82       0x1c ./Drivers/STM32F1xx_HAL_Driver/Src/stm32f1xx_hal_cortex.o
                0x0000000008001c82                HAL_NVIC_EnableIRQ
 .text.HAL_SYSTICK_Config
                0x0000000008001c9e       0x18 ./Drivers/STM32F1xx_HAL_Driver/Src/stm32f1xx_hal_cortex.o
                0x0000000008001c9e                HAL_SYSTICK_Config
 .text.HAL_DMA_Abort
                0x0000000008001cb6       0x76 ./Drivers/STM32F1xx_HAL_Driver/Src/stm32f1xx_hal_dma.o
                0x0000000008001cb6                HAL_DMA_Abort
 .text.HAL_DMA_Abort_IT
                0x0000000008001d2c       0xf0 ./Drivers/STM32F1xx_HAL_Driver/Src/stm32f1xx_hal_dma.o
                0x0000000008001d2c                HAL_DMA_Abort_IT
 .text.HAL_GPIO_Init
                0x0000000008001e1c      0x308 ./Drivers/STM32F1xx_HAL_Driver/Src/stm32f1xx_hal_gpio.o
                0x0000000008001e1c                HAL_GPIO_Init
 .text.HAL_GPIO_ReadPin
                0x0000000008002124       0x2e ./Drivers/STM32F1xx_HAL_Driver/Src/stm32f1xx_hal_gpio.o
                0x0000000008002124                HAL_GPIO_ReadPin
 .text.HAL_GPIO_WritePin
                0x0000000008002152       0x30 ./Drivers/STM32F1xx_HAL_Driver/Src/stm32f1xx_hal_gpio.o
                0x0000000008002152                HAL_GPIO_WritePin
 *fill*         0x0000000008002182        0x2 
 .text.HAL_RCC_OscConfig
                0x0000000008002184      0x504 ./Drivers/STM32F1xx_HAL_Driver/Src/stm32f1xx_hal_rcc.o
                0x0000000008002184                HAL_RCC_OscConfig
 .text.HAL_RCC_ClockConfig
                0x0000000008002688      0x1d4 ./Drivers/STM32F1xx_HAL_Driver/Src/stm32f1xx_hal_rcc.o
                0x0000000008002688                HAL_RCC_ClockConfig
 .text.HAL_RCC_GetSysClockFreq
                0x000000000800285c       0xa8 ./Drivers/STM32F1xx_HAL_Driver/Src/stm32f1xx_hal_rcc.o
                0x000000000800285c                HAL_RCC_GetSysClockFreq
 .text.HAL_RCC_GetHCLKFreq
                0x0000000008002904       0x14 ./Drivers/STM32F1xx_HAL_Driver/Src/stm32f1xx_hal_rcc.o
                0x0000000008002904                HAL_RCC_GetHCLKFreq
 .text.HAL_RCC_GetPCLK1Freq
                0x0000000008002918       0x28 ./Drivers/STM32F1xx_HAL_Driver/Src/stm32f1xx_hal_rcc.o
                0x0000000008002918                HAL_RCC_GetPCLK1Freq
 .text.HAL_RCC_GetPCLK2Freq
                0x0000000008002940       0x28 ./Drivers/STM32F1xx_HAL_Driver/Src/stm32f1xx_hal_rcc.o
                0x0000000008002940                HAL_RCC_GetPCLK2Freq
 .text.RCC_Delay
                0x0000000008002968       0x3c ./Drivers/STM32F1xx_HAL_Driver/Src/stm32f1xx_hal_rcc.o
 .text.HAL_TIM_Base_Init
                0x00000000080029a4       0x9e ./Drivers/STM32F1xx_HAL_Driver/Src/stm32f1xx_hal_tim.o
                0x00000000080029a4                HAL_TIM_Base_Init
 *fill*         0x0000000008002a42        0x2 
 .text.HAL_TIM_Base_Start_IT
                0x0000000008002a44       0xa4 ./Drivers/STM32F1xx_HAL_Driver/Src/stm32f1xx_hal_tim.o
                0x0000000008002a44                HAL_TIM_Base_Start_IT
 .text.HAL_TIM_IRQHandler
                0x0000000008002ae8      0x210 ./Drivers/STM32F1xx_HAL_Driver/Src/stm32f1xx_hal_tim.o
                0x0000000008002ae8                HAL_TIM_IRQHandler
 .text.HAL_TIM_ConfigClockSource
                0x0000000008002cf8      0x18e ./Drivers/STM32F1xx_HAL_Driver/Src/stm32f1xx_hal_tim.o
                0x0000000008002cf8                HAL_TIM_ConfigClockSource
 .text.HAL_TIM_OC_DelayElapsedCallback
                0x0000000008002e86       0x12 ./Drivers/STM32F1xx_HAL_Driver/Src/stm32f1xx_hal_tim.o
                0x0000000008002e86                HAL_TIM_OC_DelayElapsedCallback
 .text.HAL_TIM_IC_CaptureCallback
                0x0000000008002e98       0x12 ./Drivers/STM32F1xx_HAL_Driver/Src/stm32f1xx_hal_tim.o
                0x0000000008002e98                HAL_TIM_IC_CaptureCallback
 .text.HAL_TIM_PWM_PulseFinishedCallback
                0x0000000008002eaa       0x12 ./Drivers/STM32F1xx_HAL_Driver/Src/stm32f1xx_hal_tim.o
                0x0000000008002eaa                HAL_TIM_PWM_PulseFinishedCallback
 .text.HAL_TIM_TriggerCallback
                0x0000000008002ebc       0x12 ./Drivers/STM32F1xx_HAL_Driver/Src/stm32f1xx_hal_tim.o
                0x0000000008002ebc                HAL_TIM_TriggerCallback
 *fill*         0x0000000008002ece        0x2 
 .text.TIM_Base_SetConfig
                0x0000000008002ed0       0xc4 ./Drivers/STM32F1xx_HAL_Driver/Src/stm32f1xx_hal_tim.o
                0x0000000008002ed0                TIM_Base_SetConfig
 .text.TIM_TI1_ConfigInputStage
                0x0000000008002f94       0x5c ./Drivers/STM32F1xx_HAL_Driver/Src/stm32f1xx_hal_tim.o
 .text.TIM_TI2_ConfigInputStage
                0x0000000008002ff0       0x5e ./Drivers/STM32F1xx_HAL_Driver/Src/stm32f1xx_hal_tim.o
 .text.TIM_ITRx_SetConfig
                0x000000000800304e       0x34 ./Drivers/STM32F1xx_HAL_Driver/Src/stm32f1xx_hal_tim.o
 .text.TIM_ETR_SetConfig
                0x0000000008003082       0x3e ./Drivers/STM32F1xx_HAL_Driver/Src/stm32f1xx_hal_tim.o
                0x0000000008003082                TIM_ETR_SetConfig
 .text.HAL_TIMEx_MasterConfigSynchronization
                0x00000000080030c0       0xbc ./Drivers/STM32F1xx_HAL_Driver/Src/stm32f1xx_hal_tim_ex.o
                0x00000000080030c0                HAL_TIMEx_MasterConfigSynchronization
 .text.HAL_TIMEx_CommutCallback
                0x000000000800317c       0x12 ./Drivers/STM32F1xx_HAL_Driver/Src/stm32f1xx_hal_tim_ex.o
                0x000000000800317c                HAL_TIMEx_CommutCallback
 .text.HAL_TIMEx_BreakCallback
                0x000000000800318e       0x12 ./Drivers/STM32F1xx_HAL_Driver/Src/stm32f1xx_hal_tim_ex.o
                0x000000000800318e                HAL_TIMEx_BreakCallback
 .text.HAL_UART_Init
                0x00000000080031a0       0xa0 ./Drivers/STM32F1xx_HAL_Driver/Src/stm32f1xx_hal_uart.o
                0x00000000080031a0                HAL_UART_Init
 .text.HAL_UART_Transmit
                0x0000000008003240      0x106 ./Drivers/STM32F1xx_HAL_Driver/Src/stm32f1xx_hal_uart.o
                0x0000000008003240                HAL_UART_Transmit
 .text.HAL_UART_Receive_IT
                0x0000000008003346       0x4a ./Drivers/STM32F1xx_HAL_Driver/Src/stm32f1xx_hal_uart.o
                0x0000000008003346                HAL_UART_Receive_IT
 .text.HAL_UART_IRQHandler
                0x0000000008003390      0x524 ./Drivers/STM32F1xx_HAL_Driver/Src/stm32f1xx_hal_uart.o
                0x0000000008003390                HAL_UART_IRQHandler
 .text.HAL_UART_TxCpltCallback
                0x00000000080038b4       0x12 ./Drivers/STM32F1xx_HAL_Driver/Src/stm32f1xx_hal_uart.o
                0x00000000080038b4                HAL_UART_TxCpltCallback
 .text.HAL_UART_ErrorCallback
                0x00000000080038c6       0x12 ./Drivers/STM32F1xx_HAL_Driver/Src/stm32f1xx_hal_uart.o
                0x00000000080038c6                HAL_UART_ErrorCallback
 .text.HAL_UARTEx_RxEventCallback
                0x00000000080038d8       0x16 ./Drivers/STM32F1xx_HAL_Driver/Src/stm32f1xx_hal_uart.o
                0x00000000080038d8                HAL_UARTEx_RxEventCallback
 .text.UART_WaitOnFlagUntilTimeout
                0x00000000080038ee       0xdc ./Drivers/STM32F1xx_HAL_Driver/Src/stm32f1xx_hal_uart.o
 .text.UART_Start_Receive_IT
                0x00000000080039ca       0x72 ./Drivers/STM32F1xx_HAL_Driver/Src/stm32f1xx_hal_uart.o
                0x00000000080039ca                UART_Start_Receive_IT
 .text.UART_EndRxTransfer
                0x0000000008003a3c       0xc4 ./Drivers/STM32F1xx_HAL_Driver/Src/stm32f1xx_hal_uart.o
 .text.UART_DMAAbortOnError
                0x0000000008003b00       0x28 ./Drivers/STM32F1xx_HAL_Driver/Src/stm32f1xx_hal_uart.o
 .text.UART_Transmit_IT
                0x0000000008003b28       0x9e ./Drivers/STM32F1xx_HAL_Driver/Src/stm32f1xx_hal_uart.o
 .text.UART_EndTransmit_IT
                0x0000000008003bc6       0x30 ./Drivers/STM32F1xx_HAL_Driver/Src/stm32f1xx_hal_uart.o
 .text.UART_Receive_IT
                0x0000000008003bf6      0x17c ./Drivers/STM32F1xx_HAL_Driver/Src/stm32f1xx_hal_uart.o
 *fill*         0x0000000008003d72        0x2 
 .text.UART_SetConfig
                0x0000000008003d74      0x11c ./Drivers/STM32F1xx_HAL_Driver/Src/stm32f1xx_hal_uart.o
 .text._ZN5HX711C2Ev
                0x0000000008003e90       0x46 ./Lib/HX711/HX711.o
                0x0000000008003e90                HX711::HX711()
                0x0000000008003e90                HX711::HX711()
 .text._ZN5HX711D2Ev
                0x0000000008003ed6       0x14 ./Lib/HX711/HX711.o
                0x0000000008003ed6                HX711::~HX711()
                0x0000000008003ed6                HX711::~HX711()
 .text._ZN5HX7115resetEv
                0x0000000008003eea       0x3c ./Lib/HX711/HX711.o
                0x0000000008003eea                HX711::reset()
 .text._ZN5HX71110power_downEv
                0x0000000008003f26       0x22 ./Lib/HX711/HX711.o
                0x0000000008003f26                HX711::power_down()
 .text._ZN5HX7118power_upEv
                0x0000000008003f48       0x1c ./Lib/HX711/HX711.o
                0x0000000008003f48                HX711::power_up()
 .text.PN532_begin
                0x0000000008003f64       0x34 ./Lib/PN532/PN532.o
                0x0000000008003f64                PN532_begin
 .text.PN532_wakeup
                0x0000000008003f98       0x40 ./Lib/PN532/PN532.o
                0x0000000008003f98                PN532_wakeup
 .text.PN532_PrintHexChar
                0x0000000008003fd8       0xcc ./Lib/PN532/PN532.o
                0x0000000008003fd8                PN532_PrintHexChar
 .text.PN532_sendCommandCheckAck
                0x00000000080040a4       0x98 ./Lib/PN532/PN532.o
                0x00000000080040a4                PN532_sendCommandCheckAck
 .text.PN532_SAMConfig
                0x000000000800413c       0x78 ./Lib/PN532/PN532.o
                0x000000000800413c                PN532_SAMConfig
 .text.PN532_readPassiveTargetID
                0x00000000080041b4       0x6c ./Lib/PN532/PN532.o
                0x00000000080041b4                PN532_readPassiveTargetID
 .text.PN532_readDetectedPassiveTargetID
                0x0000000008004220       0x86 ./Lib/PN532/PN532.o
                0x0000000008004220                PN532_readDetectedPassiveTargetID
 *fill*         0x00000000080042a6        0x2 
 .text.PN532_mifareclassic_AuthenticateBlock
                0x00000000080042a8      0x114 ./Lib/PN532/PN532.o
                0x00000000080042a8                PN532_mifareclassic_AuthenticateBlock
 .text.PN532_mifareclassic_ReadDataBlock
                0x00000000080043bc       0x86 ./Lib/PN532/PN532.o
                0x00000000080043bc                PN532_mifareclassic_ReadDataBlock
 .text.PN532_mifareclassic_WriteDataBlock
                0x0000000008004442       0x7e ./Lib/PN532/PN532.o
                0x0000000008004442                PN532_mifareclassic_WriteDataBlock
 .text.PN532_readack
                0x00000000080044c0       0x3c ./Lib/PN532/PN532.o
 .text.PN532_isready
                0x00000000080044fc       0x18 ./Lib/PN532/PN532.o
 .text.PN532_waitready
                0x0000000008004514       0x5c ./Lib/PN532/PN532.o
 .text.PN532_readdata
                0x0000000008004570       0x74 ./Lib/PN532/PN532.o
 .text.PN532_writecommand
                0x00000000080045e4      0x178 ./Lib/PN532/PN532.o
 .text.utils_buffer_init
                0x000000000800475c       0x40 ./Lib/utils/utils_buffer.o
                0x000000000800475c                utils_buffer_init
 .text.utils_buffer_push
                0x000000000800479c       0x64 ./Lib/utils/utils_buffer.o
                0x000000000800479c                utils_buffer_push
 .text.utils_buffer_pop
                0x0000000008004800       0x54 ./Lib/utils/utils_buffer.o
                0x0000000008004800                utils_buffer_pop
 .text.utils_buffer_is_available
                0x0000000008004854       0x58 ./Lib/utils/utils_buffer.o
                0x0000000008004854                utils_buffer_is_available
 .text.utils_buffer_is_full
                0x00000000080048ac       0x50 ./Lib/utils/utils_buffer.o
                0x00000000080048ac                utils_buffer_is_full
 .text.level_to_color
                0x00000000080048fc       0x20 ./Lib/utils/utils_logger.o
 .text.level_to_str
                0x000000000800491c       0x20 ./Lib/utils/utils_logger.o
 .text.utils_log_log
                0x000000000800493c       0x94 ./Lib/utils/utils_logger.o
                0x000000000800493c                utils_log_log
 .text.utils_log_raw
                0x00000000080049d0       0x34 ./Lib/utils/utils_logger.o
                0x00000000080049d0                utils_log_raw
 .text.__errno  0x0000000008004a04        0xc /opt/st/stm32cubeide_1.10.1/plugins/com.st.stm32cube.ide.mcu.externaltools.gnu-tools-for-stm32.10.3-2021.10.linux64_1.0.0.202111181127/tools/bin/../lib/gcc/arm-none-eabi/10.3.1/../../../../arm-none-eabi/lib/thumb/v7-m/nofp/libc_nano.a(lib_a-errno.o)
                0x0000000008004a04                __errno
 .text.__libc_init_array
                0x0000000008004a10       0x48 /opt/st/stm32cubeide_1.10.1/plugins/com.st.stm32cube.ide.mcu.externaltools.gnu-tools-for-stm32.10.3-2021.10.linux64_1.0.0.202111181127/tools/bin/../lib/gcc/arm-none-eabi/10.3.1/../../../../arm-none-eabi/lib/thumb/v7-m/nofp/libc_nano.a(lib_a-init.o)
                0x0000000008004a10                __libc_init_array
 .text.memcmp   0x0000000008004a58       0x20 /opt/st/stm32cubeide_1.10.1/plugins/com.st.stm32cube.ide.mcu.externaltools.gnu-tools-for-stm32.10.3-2021.10.linux64_1.0.0.202111181127/tools/bin/../lib/gcc/arm-none-eabi/10.3.1/../../../../arm-none-eabi/lib/thumb/v7-m/nofp/libc_nano.a(lib_a-memcmp.o)
                0x0000000008004a58                memcmp
 .text.memcpy   0x0000000008004a78       0x1c /opt/st/stm32cubeide_1.10.1/plugins/com.st.stm32cube.ide.mcu.externaltools.gnu-tools-for-stm32.10.3-2021.10.linux64_1.0.0.202111181127/tools/bin/../lib/gcc/arm-none-eabi/10.3.1/../../../../arm-none-eabi/lib/thumb/v7-m/nofp/libc_nano.a(lib_a-memcpy-stub.o)
                0x0000000008004a78                memcpy
 .text.memset   0x0000000008004a94       0x10 /opt/st/stm32cubeide_1.10.1/plugins/com.st.stm32cube.ide.mcu.externaltools.gnu-tools-for-stm32.10.3-2021.10.linux64_1.0.0.202111181127/tools/bin/../lib/gcc/arm-none-eabi/10.3.1/../../../../arm-none-eabi/lib/thumb/v7-m/nofp/libc_nano.a(lib_a-memset.o)
                0x0000000008004a94                memset
 .text.snprintf
                0x0000000008004aa4       0x68 /opt/st/stm32cubeide_1.10.1/plugins/com.st.stm32cube.ide.mcu.externaltools.gnu-tools-for-stm32.10.3-2021.10.linux64_1.0.0.202111181127/tools/bin/../lib/gcc/arm-none-eabi/10.3.1/../../../../arm-none-eabi/lib/thumb/v7-m/nofp/libc_nano.a(lib_a-snprintf.o)
                0x0000000008004aa4                snprintf
                0x0000000008004aa4                sniprintf
 .text._vsnprintf_r
                0x0000000008004b0c       0x56 /opt/st/stm32cubeide_1.10.1/plugins/com.st.stm32cube.ide.mcu.externaltools.gnu-tools-for-stm32.10.3-2021.10.linux64_1.0.0.202111181127/tools/bin/../lib/gcc/arm-none-eabi/10.3.1/../../../../arm-none-eabi/lib/thumb/v7-m/nofp/libc_nano.a(lib_a-vsnprintf.o)
                0x0000000008004b0c                _vsnprintf_r
                0x0000000008004b0c                _vsniprintf_r
 *fill*         0x0000000008004b62        0x2 
 .text.vsnprintf
                0x0000000008004b64       0x1c /opt/st/stm32cubeide_1.10.1/plugins/com.st.stm32cube.ide.mcu.externaltools.gnu-tools-for-stm32.10.3-2021.10.linux64_1.0.0.202111181127/tools/bin/../lib/gcc/arm-none-eabi/10.3.1/../../../../arm-none-eabi/lib/thumb/v7-m/nofp/libc_nano.a(lib_a-vsnprintf.o)
                0x0000000008004b64                vsnprintf
                0x0000000008004b64                vsniprintf
 .text.__ssputs_r
                0x0000000008004b80       0xb6 /opt/st/stm32cubeide_1.10.1/plugins/com.st.stm32cube.ide.mcu.externaltools.gnu-tools-for-stm32.10.3-2021.10.linux64_1.0.0.202111181127/tools/bin/../lib/gcc/arm-none-eabi/10.3.1/../../../../arm-none-eabi/lib/thumb/v7-m/nofp/libc_nano.a(lib_a-nano-svfprintf.o)
                0x0000000008004b80                __ssputs_r
 *fill*         0x0000000008004c36        0x2 
 .text._svfprintf_r
                0x0000000008004c38      0x200 /opt/st/stm32cubeide_1.10.1/plugins/com.st.stm32cube.ide.mcu.externaltools.gnu-tools-for-stm32.10.3-2021.10.linux64_1.0.0.202111181127/tools/bin/../lib/gcc/arm-none-eabi/10.3.1/../../../../arm-none-eabi/lib/thumb/v7-m/nofp/libc_nano.a(lib_a-nano-svfprintf.o)
                0x0000000008004c38                _svfprintf_r
                0x0000000008004c38                _svfiprintf_r
 .text._printf_common
                0x0000000008004e38       0xde /opt/st/stm32cubeide_1.10.1/plugins/com.st.stm32cube.ide.mcu.externaltools.gnu-tools-for-stm32.10.3-2021.10.linux64_1.0.0.202111181127/tools/bin/../lib/gcc/arm-none-eabi/10.3.1/../../../../arm-none-eabi/lib/thumb/v7-m/nofp/libc_nano.a(lib_a-nano-vfprintf_i.o)
                0x0000000008004e38                _printf_common
 *fill*         0x0000000008004f16        0x2 
 .text._printf_i
                0x0000000008004f18      0x24c /opt/st/stm32cubeide_1.10.1/plugins/com.st.stm32cube.ide.mcu.externaltools.gnu-tools-for-stm32.10.3-2021.10.linux64_1.0.0.202111181127/tools/bin/../lib/gcc/arm-none-eabi/10.3.1/../../../../arm-none-eabi/lib/thumb/v7-m/nofp/libc_nano.a(lib_a-nano-vfprintf_i.o)
                0x0000000008004f18                _printf_i
 .text.memchr   0x0000000008005164       0x1c /opt/st/stm32cubeide_1.10.1/plugins/com.st.stm32cube.ide.mcu.externaltools.gnu-tools-for-stm32.10.3-2021.10.linux64_1.0.0.202111181127/tools/bin/../lib/gcc/arm-none-eabi/10.3.1/../../../../arm-none-eabi/lib/thumb/v7-m/nofp/libc_nano.a(lib_a-memchr-stub.o)
                0x0000000008005164                memchr
 .text.memmove  0x0000000008005180       0x34 /opt/st/stm32cubeide_1.10.1/plugins/com.st.stm32cube.ide.mcu.externaltools.gnu-tools-for-stm32.10.3-2021.10.linux64_1.0.0.202111181127/tools/bin/../lib/gcc/arm-none-eabi/10.3.1/../../../../arm-none-eabi/lib/thumb/v7-m/nofp/libc_nano.a(lib_a-memmove.o)
                0x0000000008005180                memmove
 .text._free_r  0x00000000080051b4       0x90 /opt/st/stm32cubeide_1.10.1/plugins/com.st.stm32cube.ide.mcu.externaltools.gnu-tools-for-stm32.10.3-2021.10.linux64_1.0.0.202111181127/tools/bin/../lib/gcc/arm-none-eabi/10.3.1/../../../../arm-none-eabi/lib/thumb/v7-m/nofp/libc_nano.a(lib_a-nano-freer.o)
                0x00000000080051b4                _free_r
 .text.sbrk_aligned
                0x0000000008005244       0x40 /opt/st/stm32cubeide_1.10.1/plugins/com.st.stm32cube.ide.mcu.externaltools.gnu-tools-for-stm32.10.3-2021.10.linux64_1.0.0.202111181127/tools/bin/../lib/gcc/arm-none-eabi/10.3.1/../../../../arm-none-eabi/lib/thumb/v7-m/nofp/libc_nano.a(lib_a-nano-mallocr.o)
 .text._malloc_r
                0x0000000008005284       0xe8 /opt/st/stm32cubeide_1.10.1/plugins/com.st.stm32cube.ide.mcu.externaltools.gnu-tools-for-stm32.10.3-2021.10.linux64_1.0.0.202111181127/tools/bin/../lib/gcc/arm-none-eabi/10.3.1/../../../../arm-none-eabi/lib/thumb/v7-m/nofp/libc_nano.a(lib_a-nano-mallocr.o)
                0x0000000008005284                _malloc_r
 .text._realloc_r
                0x000000000800536c       0x5e /opt/st/stm32cubeide_1.10.1/plugins/com.st.stm32cube.ide.mcu.externaltools.gnu-tools-for-stm32.10.3-2021.10.linux64_1.0.0.202111181127/tools/bin/../lib/gcc/arm-none-eabi/10.3.1/../../../../arm-none-eabi/lib/thumb/v7-m/nofp/libc_nano.a(lib_a-nano-reallocr.o)
                0x000000000800536c                _realloc_r
 *fill*         0x00000000080053ca        0x2 
 .text._sbrk_r  0x00000000080053cc       0x20 /opt/st/stm32cubeide_1.10.1/plugins/com.st.stm32cube.ide.mcu.externaltools.gnu-tools-for-stm32.10.3-2021.10.linux64_1.0.0.202111181127/tools/bin/../lib/gcc/arm-none-eabi/10.3.1/../../../../arm-none-eabi/lib/thumb/v7-m/nofp/libc_nano.a(lib_a-sbrkr.o)
                0x00000000080053cc                _sbrk_r
 .text.__malloc_lock
                0x00000000080053ec        0xc /opt/st/stm32cubeide_1.10.1/plugins/com.st.stm32cube.ide.mcu.externaltools.gnu-tools-for-stm32.10.3-2021.10.linux64_1.0.0.202111181127/tools/bin/../lib/gcc/arm-none-eabi/10.3.1/../../../../arm-none-eabi/lib/thumb/v7-m/nofp/libc_nano.a(lib_a-mlock.o)
                0x00000000080053ec                __malloc_lock
 .text.__malloc_unlock
                0x00000000080053f8        0xc /opt/st/stm32cubeide_1.10.1/plugins/com.st.stm32cube.ide.mcu.externaltools.gnu-tools-for-stm32.10.3-2021.10.linux64_1.0.0.202111181127/tools/bin/../lib/gcc/arm-none-eabi/10.3.1/../../../../arm-none-eabi/lib/thumb/v7-m/nofp/libc_nano.a(lib_a-mlock.o)
                0x00000000080053f8                __malloc_unlock
 .text._malloc_usable_size_r
                0x0000000008005404       0x10 /opt/st/stm32cubeide_1.10.1/plugins/com.st.stm32cube.ide.mcu.externaltools.gnu-tools-for-stm32.10.3-2021.10.linux64_1.0.0.202111181127/tools/bin/../lib/gcc/arm-none-eabi/10.3.1/../../../../arm-none-eabi/lib/thumb/v7-m/nofp/libc_nano.a(lib_a-nano-msizer.o)
                0x0000000008005404                _malloc_usable_size_r
 .text.__retarget_lock_acquire_recursive
                0x0000000008005414        0x2 /opt/st/stm32cubeide_1.10.1/plugins/com.st.stm32cube.ide.mcu.externaltools.gnu-tools-for-stm32.10.3-2021.10.linux64_1.0.0.202111181127/tools/bin/../lib/gcc/arm-none-eabi/10.3.1/../../../../arm-none-eabi/lib/thumb/v7-m/nofp/libc_nano.a(lib_a-lock.o)
                0x0000000008005414                __retarget_lock_acquire_recursive
 .text.__retarget_lock_release_recursive
                0x0000000008005416        0x2 /opt/st/stm32cubeide_1.10.1/plugins/com.st.stm32cube.ide.mcu.externaltools.gnu-tools-for-stm32.10.3-2021.10.linux64_1.0.0.202111181127/tools/bin/../lib/gcc/arm-none-eabi/10.3.1/../../../../arm-none-eabi/lib/thumb/v7-m/nofp/libc_nano.a(lib_a-lock.o)
                0x0000000008005416                __retarget_lock_release_recursive
 *(.glue_7)
 .glue_7        0x0000000008005418        0x0 linker stubs
 *(.glue_7t)
 .glue_7t       0x0000000008005418        0x0 linker stubs
 *(.eh_frame)
 .eh_frame      0x0000000008005418        0x0 /opt/st/stm32cubeide_1.10.1/plugins/com.st.stm32cube.ide.mcu.externaltools.gnu-tools-for-stm32.10.3-2021.10.linux64_1.0.0.202111181127/tools/bin/../lib/gcc/arm-none-eabi/10.3.1/thumb/v7-m/nofp/crtbegin.o
 *(.init)
 .init          0x0000000008005418        0x4 /opt/st/stm32cubeide_1.10.1/plugins/com.st.stm32cube.ide.mcu.externaltools.gnu-tools-for-stm32.10.3-2021.10.linux64_1.0.0.202111181127/tools/bin/../lib/gcc/arm-none-eabi/10.3.1/thumb/v7-m/nofp/crti.o
                0x0000000008005418                _init
 .init          0x000000000800541c        0x8 /opt/st/stm32cubeide_1.10.1/plugins/com.st.stm32cube.ide.mcu.externaltools.gnu-tools-for-stm32.10.3-2021.10.linux64_1.0.0.202111181127/tools/bin/../lib/gcc/arm-none-eabi/10.3.1/thumb/v7-m/nofp/crtn.o
 *(.fini)
 .fini          0x0000000008005424        0x4 /opt/st/stm32cubeide_1.10.1/plugins/com.st.stm32cube.ide.mcu.externaltools.gnu-tools-for-stm32.10.3-2021.10.linux64_1.0.0.202111181127/tools/bin/../lib/gcc/arm-none-eabi/10.3.1/thumb/v7-m/nofp/crti.o
                0x0000000008005424                _fini
 .fini          0x0000000008005428        0x8 /opt/st/stm32cubeide_1.10.1/plugins/com.st.stm32cube.ide.mcu.externaltools.gnu-tools-for-stm32.10.3-2021.10.linux64_1.0.0.202111181127/tools/bin/../lib/gcc/arm-none-eabi/10.3.1/thumb/v7-m/nofp/crtn.o
                0x0000000008005430                . = ALIGN (0x4)
                0x0000000008005430                _etext = .

.vfp11_veneer   0x0000000008005430        0x0
 .vfp11_veneer  0x0000000008005430        0x0 linker stubs

.v4_bx          0x0000000008005430        0x0
 .v4_bx         0x0000000008005430        0x0 linker stubs

.iplt           0x0000000008005430        0x0
 .iplt          0x0000000008005430        0x0 /opt/st/stm32cubeide_1.10.1/plugins/com.st.stm32cube.ide.mcu.externaltools.gnu-tools-for-stm32.10.3-2021.10.linux64_1.0.0.202111181127/tools/bin/../lib/gcc/arm-none-eabi/10.3.1/thumb/v7-m/nofp/crtbegin.o

.rodata         0x0000000008005430      0x6d0
                0x0000000008005430                . = ALIGN (0x4)
 *(.rodata)
 .rodata        0x0000000008005430       0x17 ./Core/Src/Device/rfid.o
 *fill*         0x0000000008005447        0x1 
 .rodata        0x0000000008005448       0x47 ./Core/Src/Tp/rs485.o
 *fill*         0x000000000800548f        0x1 
 .rodata        0x0000000008005490      0x377 ./Lib/PN532/PN532.o
 *fill*         0x0000000008005807        0x1 
 .rodata        0x0000000008005808       0x86 ./Lib/utils/utils_logger.o
 *(.rodata*)
 *fill*         0x000000000800588e        0x2 
 .rodata.CRC_16Acorn
                0x0000000008005890      0x200 ./Core/Src/App/crc.o
 .rodata.RFID_key
                0x0000000008005a90        0x6 ./Core/Src/Device/rfid.o
 *fill*         0x0000000008005a96        0x2 
 .rodata.AHBPrescTable
                0x0000000008005a98       0x10 ./Core/Src/system_stm32f1xx.o
                0x0000000008005a98                AHBPrescTable
 .rodata.APBPrescTable
                0x0000000008005aa8        0x8 ./Core/Src/system_stm32f1xx.o
                0x0000000008005aa8                APBPrescTable
 .rodata.aPLLMULFactorTable.1
                0x0000000008005ab0       0x10 ./Drivers/STM32F1xx_HAL_Driver/Src/stm32f1xx_hal_rcc.o
 .rodata.aPredivFactorTable.0
                0x0000000008005ac0        0x2 ./Drivers/STM32F1xx_HAL_Driver/Src/stm32f1xx_hal_rcc.o
 *fill*         0x0000000008005ac2        0x2 
 .rodata.pn532ack
                0x0000000008005ac4        0x6 ./Lib/PN532/PN532.o
 .rodata._svfprintf_r.str1.1
                0x0000000008005aca       0x11 /opt/st/stm32cubeide_1.10.1/plugins/com.st.stm32cube.ide.mcu.externaltools.gnu-tools-for-stm32.10.3-2021.10.linux64_1.0.0.202111181127/tools/bin/../lib/gcc/arm-none-eabi/10.3.1/../../../../arm-none-eabi/lib/thumb/v7-m/nofp/libc_nano.a(lib_a-nano-svfprintf.o)
 .rodata._printf_i.str1.1
                0x0000000008005adb       0x22 /opt/st/stm32cubeide_1.10.1/plugins/com.st.stm32cube.ide.mcu.externaltools.gnu-tools-for-stm32.10.3-2021.10.linux64_1.0.0.202111181127/tools/bin/../lib/gcc/arm-none-eabi/10.3.1/../../../../arm-none-eabi/lib/thumb/v7-m/nofp/libc_nano.a(lib_a-nano-vfprintf_i.o)
                0x0000000008005b00                . = ALIGN (0x4)
 *fill*         0x0000000008005afd        0x3 

.rel.dyn        0x0000000008005b00        0x0
 .rel.iplt      0x0000000008005b00        0x0 /opt/st/stm32cubeide_1.10.1/plugins/com.st.stm32cube.ide.mcu.externaltools.gnu-tools-for-stm32.10.3-2021.10.linux64_1.0.0.202111181127/tools/bin/../lib/gcc/arm-none-eabi/10.3.1/thumb/v7-m/nofp/crtbegin.o

.ARM.extab      0x0000000008005b00        0x0
                0x0000000008005b00                . = ALIGN (0x4)
 *(.ARM.extab* .gnu.linkonce.armextab.*)
                0x0000000008005b00                . = ALIGN (0x4)

.ARM            0x0000000008005b00        0x0
                0x0000000008005b00                . = ALIGN (0x4)
                0x0000000008005b00                __exidx_start = .
 *(.ARM.exidx*)
                0x0000000008005b00                __exidx_end = .
                0x0000000008005b00                . = ALIGN (0x4)

.preinit_array  0x0000000008005b00        0x0
                0x0000000008005b00                . = ALIGN (0x4)
                0x0000000008005b00                PROVIDE (__preinit_array_start = .)
 *(.preinit_array*)
                0x0000000008005b00                PROVIDE (__preinit_array_end = .)
                0x0000000008005b00                . = ALIGN (0x4)

.init_array     0x0000000008005b00        0x8
                0x0000000008005b00                . = ALIGN (0x4)
                0x0000000008005b00                PROVIDE (__init_array_start = .)
 *(SORT_BY_NAME(.init_array.*))
 *(.init_array*)
 .init_array    0x0000000008005b00        0x4 /opt/st/stm32cubeide_1.10.1/plugins/com.st.stm32cube.ide.mcu.externaltools.gnu-tools-for-stm32.10.3-2021.10.linux64_1.0.0.202111181127/tools/bin/../lib/gcc/arm-none-eabi/10.3.1/thumb/v7-m/nofp/crtbegin.o
 .init_array    0x0000000008005b04        0x4 ./Core/Src/Device/loadcell.o
                0x0000000008005b08                PROVIDE (__init_array_end = .)
                0x0000000008005b08                . = ALIGN (0x4)

.fini_array     0x0000000008005b08        0x8
                0x0000000008005b08                . = ALIGN (0x4)
                [!provide]                        PROVIDE (__fini_array_start = .)
 *(SORT_BY_NAME(.fini_array.*))
 *(.fini_array*)
 .fini_array    0x0000000008005b08        0x4 /opt/st/stm32cubeide_1.10.1/plugins/com.st.stm32cube.ide.mcu.externaltools.gnu-tools-for-stm32.10.3-2021.10.linux64_1.0.0.202111181127/tools/bin/../lib/gcc/arm-none-eabi/10.3.1/thumb/v7-m/nofp/crtbegin.o
 .fini_array    0x0000000008005b0c        0x4 ./Core/Src/Device/loadcell.o
                [!provide]                        PROVIDE (__fini_array_end = .)
                0x0000000008005b10                . = ALIGN (0x4)
                0x0000000008005b10                _sidata = LOADADDR (.data)

.data           0x0000000020000000      0x2e0 load address 0x0000000008005b10
                0x0000000020000000                . = ALIGN (0x4)
                0x0000000020000000                _sdata = .
 *(.data)
 *(.data*)
 .data.DIPSWITCH_gpioTable
                0x0000000020000000       0x28 ./Core/Src/Device/dipswitch.o
 .data._ZL16LOADCELL_ioTable
                0x0000000020000028       0x28 ./Core/Src/Device/loadcell.o
 .data.RFID_ioReset
                0x0000000020000050       0x14 ./Core/Src/Device/rfid.o
 .data.RFID_handle
                0x0000000020000064       0x7c ./Core/Src/Device/rfid.o
 .data.htim3    0x00000000200000e0       0x48 ./Core/Src/Hal/timer.o
                0x00000000200000e0                htim3
 .data.huart1   0x0000000020000128       0x48 ./Core/Src/Hal/uart.o
                0x0000000020000128                huart1
 .data.huart2   0x0000000020000170       0x48 ./Core/Src/Hal/uart.o
                0x0000000020000170                huart2
 .data.huart3   0x00000000200001b8       0x48 ./Core/Src/Hal/uart.o
                0x00000000200001b8                huart3
 .data.uart_table
                0x0000000020000200       0x30 ./Core/Src/Hal/uart.o
 .data.SystemCoreClock
                0x0000000020000230        0x4 ./Core/Src/system_stm32f1xx.o
                0x0000000020000230                SystemCoreClock
 .data.uwTickPrio
                0x0000000020000234        0x4 ./Drivers/STM32F1xx_HAL_Driver/Src/stm32f1xx_hal.o
                0x0000000020000234                uwTickPrio
 .data.uwTickFreq
                0x0000000020000238        0x1 ./Drivers/STM32F1xx_HAL_Driver/Src/stm32f1xx_hal.o
                0x0000000020000238                uwTickFreq
 *fill*         0x0000000020000239        0x3 
 .data.color_str
                0x000000002000023c       0x1c ./Lib/utils/utils_logger.o
 .data.level_str
                0x0000000020000258       0x20 ./Lib/utils/utils_logger.o
 .data.level    0x0000000020000278        0x1 ./Lib/utils/utils_logger.o
 *fill*         0x0000000020000279        0x3 
 .data._impure_ptr
                0x000000002000027c        0x4 /opt/st/stm32cubeide_1.10.1/plugins/com.st.stm32cube.ide.mcu.externaltools.gnu-tools-for-stm32.10.3-2021.10.linux64_1.0.0.202111181127/tools/bin/../lib/gcc/arm-none-eabi/10.3.1/../../../../arm-none-eabi/lib/thumb/v7-m/nofp/libc_nano.a(lib_a-impure.o)
                0x000000002000027c                _impure_ptr
 .data.impure_data
                0x0000000020000280       0x60 /opt/st/stm32cubeide_1.10.1/plugins/com.st.stm32cube.ide.mcu.externaltools.gnu-tools-for-stm32.10.3-2021.10.linux64_1.0.0.202111181127/tools/bin/../lib/gcc/arm-none-eabi/10.3.1/../../../../arm-none-eabi/lib/thumb/v7-m/nofp/libc_nano.a(lib_a-impure.o)
 *(.RamFunc)
 *(.RamFunc*)
                0x00000000200002e0                . = ALIGN (0x4)
                0x00000000200002e0                _edata = .

.igot.plt       0x00000000200002e0        0x0 load address 0x0000000008005df0
 .igot.plt      0x00000000200002e0        0x0 /opt/st/stm32cubeide_1.10.1/plugins/com.st.stm32cube.ide.mcu.externaltools.gnu-tools-for-stm32.10.3-2021.10.linux64_1.0.0.202111181127/tools/bin/../lib/gcc/arm-none-eabi/10.3.1/thumb/v7-m/nofp/crtbegin.o
                0x00000000200002e0                . = ALIGN (0x4)

.bss            0x00000000200002e0     0x2c5c load address 0x0000000008005df0
                0x00000000200002e0                _sbss = .
                0x00000000200002e0                __bss_start__ = _sbss
 *(.bss)
 .bss           0x00000000200002e0       0x1c /opt/st/stm32cubeide_1.10.1/plugins/com.st.stm32cube.ide.mcu.externaltools.gnu-tools-for-stm32.10.3-2021.10.linux64_1.0.0.202111181127/tools/bin/../lib/gcc/arm-none-eabi/10.3.1/thumb/v7-m/nofp/crtbegin.o
 *(.bss*)
 .bss.COMMANDHANDLER_rxRs485Message
                0x00000000200002fc      0x105 ./Core/Src/App/commandhandler.o
 *fill*         0x0000000020000401        0x3 
 .bss._ZL14LOADCELL_hx711
                0x0000000020000404       0x18 ./Core/Src/Device/loadcell.o
 .bss.fn_table  0x000000002000041c       0x28 ./Core/Src/Hal/timer.o
 .bss.fn_table_len
                0x0000000020000444        0x4 ./Core/Src/Hal/timer.o
 .bss.uart_buffer
                0x0000000020000448     0x1830 ./Core/Src/Hal/uart.o
 .bss.RS485_message
                0x0000000020001c78      0x105 ./Core/Src/Tp/rs485.o
 *fill*         0x0000000020001d7d        0x3 
 .bss.RS485_rxQueue
                0x0000000020001d80      0x519 ./Core/Src/Tp/rs485.o
 .bss.RS485_rxQueueTail
                0x0000000020002299        0x1 ./Core/Src/Tp/rs485.o
 .bss.RS485_rxQueueHead
                0x000000002000229a        0x1 ./Core/Src/Tp/rs485.o
 *fill*         0x000000002000229b        0x1 
 .bss.RS485_rxBuffer
                0x000000002000229c      0x400 ./Core/Src/Tp/rs485.o
 .bss.RS485_rxBufferLen
                0x000000002000269c        0x4 ./Core/Src/Tp/rs485.o
 .bss.RS485_MessagexBuffer
                0x00000000200026a0       0x80 ./Core/Src/Tp/rs485.o
 .bss.RS485_rxTimeCnt
                0x0000000020002720        0x4 ./Core/Src/Tp/rs485.o
 .bss.__sbrk_heap_end
                0x0000000020002724        0x4 ./Core/Src/sysmem.o
 .bss.uwTick    0x0000000020002728        0x4 ./Drivers/STM32F1xx_HAL_Driver/Src/stm32f1xx_hal.o
                0x0000000020002728                uwTick
 .bss.log_buffer
                0x000000002000272c      0x400 ./Lib/utils/utils_logger.o
 .bss.message_buffer
                0x0000000020002b2c      0x400 ./Lib/utils/utils_logger.o
 .bss.__malloc_free_list
                0x0000000020002f2c        0x4 /opt/st/stm32cubeide_1.10.1/plugins/com.st.stm32cube.ide.mcu.externaltools.gnu-tools-for-stm32.10.3-2021.10.linux64_1.0.0.202111181127/tools/bin/../lib/gcc/arm-none-eabi/10.3.1/../../../../arm-none-eabi/lib/thumb/v7-m/nofp/libc_nano.a(lib_a-nano-mallocr.o)
                0x0000000020002f2c                __malloc_free_list
 .bss.__malloc_sbrk_start
                0x0000000020002f30        0x4 /opt/st/stm32cubeide_1.10.1/plugins/com.st.stm32cube.ide.mcu.externaltools.gnu-tools-for-stm32.10.3-2021.10.linux64_1.0.0.202111181127/tools/bin/../lib/gcc/arm-none-eabi/10.3.1/../../../../arm-none-eabi/lib/thumb/v7-m/nofp/libc_nano.a(lib_a-nano-mallocr.o)
                0x0000000020002f30                __malloc_sbrk_start
 .bss.errno     0x0000000020002f34        0x4 /opt/st/stm32cubeide_1.10.1/plugins/com.st.stm32cube.ide.mcu.externaltools.gnu-tools-for-stm32.10.3-2021.10.linux64_1.0.0.202111181127/tools/bin/../lib/gcc/arm-none-eabi/10.3.1/../../../../arm-none-eabi/lib/thumb/v7-m/nofp/libc_nano.a(lib_a-reent.o)
                0x0000000020002f34                errno
 .bss.__lock___malloc_recursive_mutex
                0x0000000020002f38        0x1 /opt/st/stm32cubeide_1.10.1/plugins/com.st.stm32cube.ide.mcu.externaltools.gnu-tools-for-stm32.10.3-2021.10.linux64_1.0.0.202111181127/tools/bin/../lib/gcc/arm-none-eabi/10.3.1/../../../../arm-none-eabi/lib/thumb/v7-m/nofp/libc_nano.a(lib_a-lock.o)
                0x0000000020002f38                __lock___malloc_recursive_mutex
 *(COMMON)
                0x0000000020002f3c                . = ALIGN (0x4)
 *fill*         0x0000000020002f39        0x3 
                0x0000000020002f3c                _ebss = .
                0x0000000020002f3c                __bss_end__ = _ebss

._user_heap_stack
                0x0000000020002f3c      0x604 load address 0x0000000008005df0
                0x0000000020002f40                . = ALIGN (0x8)
 *fill*         0x0000000020002f3c        0x4 
                [!provide]                        PROVIDE (end = .)
                0x0000000020002f40                PROVIDE (_end = .)
                0x0000000020003140                . = (. + _Min_Heap_Size)
 *fill*         0x0000000020002f40      0x200 
                0x0000000020003540                . = (. + _Min_Stack_Size)
 *fill*         0x0000000020003140      0x400 
                0x0000000020003540                . = ALIGN (0x8)

/DISCARD/
 libc.a(*)
 libm.a(*)
 libgcc.a(*)

.ARM.attributes
                0x0000000000000000       0x29
 *(.ARM.attributes)
 .ARM.attributes
                0x0000000000000000       0x1d /opt/st/stm32cubeide_1.10.1/plugins/com.st.stm32cube.ide.mcu.externaltools.gnu-tools-for-stm32.10.3-2021.10.linux64_1.0.0.202111181127/tools/bin/../lib/gcc/arm-none-eabi/10.3.1/thumb/v7-m/nofp/crti.o
 .ARM.attributes
                0x000000000000001d       0x2d /opt/st/stm32cubeide_1.10.1/plugins/com.st.stm32cube.ide.mcu.externaltools.gnu-tools-for-stm32.10.3-2021.10.linux64_1.0.0.202111181127/tools/bin/../lib/gcc/arm-none-eabi/10.3.1/thumb/v7-m/nofp/crtbegin.o
 .ARM.attributes
                0x000000000000004a       0x2d ./Core/Src/App/commandhandler.o
 .ARM.attributes
                0x0000000000000077       0x2d ./Core/Src/App/crc.o
 .ARM.attributes
                0x00000000000000a4       0x2d ./Core/Src/Device/dipswitch.o
 .ARM.attributes
                0x00000000000000d1       0x2d ./Core/Src/Device/loadcell.o
 .ARM.attributes
                0x00000000000000fe       0x2d ./Core/Src/Device/rfid.o
 .ARM.attributes
                0x000000000000012b       0x2d ./Core/Src/Hal/clock.o
 .ARM.attributes
                0x0000000000000158       0x2d ./Core/Src/Hal/gpio.o
 .ARM.attributes
                0x0000000000000185       0x2d ./Core/Src/Hal/timer.o
 .ARM.attributes
                0x00000000000001b2       0x2d ./Core/Src/Hal/uart.o
 .ARM.attributes
                0x00000000000001df       0x2d ./Core/Src/Tp/rs485.o
 .ARM.attributes
                0x000000000000020c       0x2d ./Core/Src/main.o
 .ARM.attributes
                0x0000000000000239       0x2d ./Core/Src/stm32f1xx_hal_msp.o
 .ARM.attributes
                0x0000000000000266       0x2d ./Core/Src/stm32f1xx_it.o
 .ARM.attributes
                0x0000000000000293       0x2d ./Core/Src/sysmem.o
 .ARM.attributes
                0x00000000000002c0       0x2d ./Core/Src/system_stm32f1xx.o
 .ARM.attributes
                0x00000000000002ed       0x21 ./Core/Startup/startup_stm32f103c8tx.o
 .ARM.attributes
                0x000000000000030e       0x2d ./Drivers/STM32F1xx_HAL_Driver/Src/stm32f1xx_hal.o
 .ARM.attributes
                0x000000000000033b       0x2d ./Drivers/STM32F1xx_HAL_Driver/Src/stm32f1xx_hal_cortex.o
 .ARM.attributes
                0x0000000000000368       0x2d ./Drivers/STM32F1xx_HAL_Driver/Src/stm32f1xx_hal_dma.o
 .ARM.attributes
                0x0000000000000395       0x2d ./Drivers/STM32F1xx_HAL_Driver/Src/stm32f1xx_hal_gpio.o
 .ARM.attributes
                0x00000000000003c2       0x2d ./Drivers/STM32F1xx_HAL_Driver/Src/stm32f1xx_hal_rcc.o
 .ARM.attributes
                0x00000000000003ef       0x2d ./Drivers/STM32F1xx_HAL_Driver/Src/stm32f1xx_hal_tim.o
 .ARM.attributes
                0x000000000000041c       0x2d ./Drivers/STM32F1xx_HAL_Driver/Src/stm32f1xx_hal_tim_ex.o
 .ARM.attributes
                0x0000000000000449       0x2d ./Drivers/STM32F1xx_HAL_Driver/Src/stm32f1xx_hal_uart.o
 .ARM.attributes
                0x0000000000000476       0x2d ./Lib/HX711/HX711.o
 .ARM.attributes
                0x00000000000004a3       0x2d ./Lib/PN532/PN532.o
 .ARM.attributes
                0x00000000000004d0       0x2d ./Lib/utils/utils_buffer.o
 .ARM.attributes
                0x00000000000004fd       0x2d ./Lib/utils/utils_logger.o
 .ARM.attributes
                0x000000000000052a       0x2d /opt/st/stm32cubeide_1.10.1/plugins/com.st.stm32cube.ide.mcu.externaltools.gnu-tools-for-stm32.10.3-2021.10.linux64_1.0.0.202111181127/tools/bin/../lib/gcc/arm-none-eabi/10.3.1/../../../../arm-none-eabi/lib/thumb/v7-m/nofp/libc_nano.a(lib_a-errno.o)
 .ARM.attributes
                0x0000000000000557       0x2d /opt/st/stm32cubeide_1.10.1/plugins/com.st.stm32cube.ide.mcu.externaltools.gnu-tools-for-stm32.10.3-2021.10.linux64_1.0.0.202111181127/tools/bin/../lib/gcc/arm-none-eabi/10.3.1/../../../../arm-none-eabi/lib/thumb/v7-m/nofp/libc_nano.a(lib_a-impure.o)
 .ARM.attributes
                0x0000000000000584       0x2d /opt/st/stm32cubeide_1.10.1/plugins/com.st.stm32cube.ide.mcu.externaltools.gnu-tools-for-stm32.10.3-2021.10.linux64_1.0.0.202111181127/tools/bin/../lib/gcc/arm-none-eabi/10.3.1/../../../../arm-none-eabi/lib/thumb/v7-m/nofp/libc_nano.a(lib_a-init.o)
 .ARM.attributes
                0x00000000000005b1       0x2d /opt/st/stm32cubeide_1.10.1/plugins/com.st.stm32cube.ide.mcu.externaltools.gnu-tools-for-stm32.10.3-2021.10.linux64_1.0.0.202111181127/tools/bin/../lib/gcc/arm-none-eabi/10.3.1/../../../../arm-none-eabi/lib/thumb/v7-m/nofp/libc_nano.a(lib_a-memcmp.o)
 .ARM.attributes
                0x00000000000005de       0x2d /opt/st/stm32cubeide_1.10.1/plugins/com.st.stm32cube.ide.mcu.externaltools.gnu-tools-for-stm32.10.3-2021.10.linux64_1.0.0.202111181127/tools/bin/../lib/gcc/arm-none-eabi/10.3.1/../../../../arm-none-eabi/lib/thumb/v7-m/nofp/libc_nano.a(lib_a-memcpy-stub.o)
 .ARM.attributes
                0x000000000000060b       0x2d /opt/st/stm32cubeide_1.10.1/plugins/com.st.stm32cube.ide.mcu.externaltools.gnu-tools-for-stm32.10.3-2021.10.linux64_1.0.0.202111181127/tools/bin/../lib/gcc/arm-none-eabi/10.3.1/../../../../arm-none-eabi/lib/thumb/v7-m/nofp/libc_nano.a(lib_a-memset.o)
 .ARM.attributes
                0x0000000000000638       0x2d /opt/st/stm32cubeide_1.10.1/plugins/com.st.stm32cube.ide.mcu.externaltools.gnu-tools-for-stm32.10.3-2021.10.linux64_1.0.0.202111181127/tools/bin/../lib/gcc/arm-none-eabi/10.3.1/../../../../arm-none-eabi/lib/thumb/v7-m/nofp/libc_nano.a(lib_a-snprintf.o)
 .ARM.attributes
                0x0000000000000665       0x2d /opt/st/stm32cubeide_1.10.1/plugins/com.st.stm32cube.ide.mcu.externaltools.gnu-tools-for-stm32.10.3-2021.10.linux64_1.0.0.202111181127/tools/bin/../lib/gcc/arm-none-eabi/10.3.1/../../../../arm-none-eabi/lib/thumb/v7-m/nofp/libc_nano.a(lib_a-vsnprintf.o)
 .ARM.attributes
                0x0000000000000692       0x2d /opt/st/stm32cubeide_1.10.1/plugins/com.st.stm32cube.ide.mcu.externaltools.gnu-tools-for-stm32.10.3-2021.10.linux64_1.0.0.202111181127/tools/bin/../lib/gcc/arm-none-eabi/10.3.1/../../../../arm-none-eabi/lib/thumb/v7-m/nofp/libc_nano.a(lib_a-nano-svfprintf.o)
 .ARM.attributes
                0x00000000000006bf       0x2d /opt/st/stm32cubeide_1.10.1/plugins/com.st.stm32cube.ide.mcu.externaltools.gnu-tools-for-stm32.10.3-2021.10.linux64_1.0.0.202111181127/tools/bin/../lib/gcc/arm-none-eabi/10.3.1/../../../../arm-none-eabi/lib/thumb/v7-m/nofp/libc_nano.a(lib_a-nano-vfprintf_i.o)
 .ARM.attributes
                0x00000000000006ec       0x2d /opt/st/stm32cubeide_1.10.1/plugins/com.st.stm32cube.ide.mcu.externaltools.gnu-tools-for-stm32.10.3-2021.10.linux64_1.0.0.202111181127/tools/bin/../lib/gcc/arm-none-eabi/10.3.1/../../../../arm-none-eabi/lib/thumb/v7-m/nofp/libc_nano.a(lib_a-memchr-stub.o)
 .ARM.attributes
                0x0000000000000719       0x2d /opt/st/stm32cubeide_1.10.1/plugins/com.st.stm32cube.ide.mcu.externaltools.gnu-tools-for-stm32.10.3-2021.10.linux64_1.0.0.202111181127/tools/bin/../lib/gcc/arm-none-eabi/10.3.1/../../../../arm-none-eabi/lib/thumb/v7-m/nofp/libc_nano.a(lib_a-memmove.o)
 .ARM.attributes
                0x0000000000000746       0x2d /opt/st/stm32cubeide_1.10.1/plugins/com.st.stm32cube.ide.mcu.externaltools.gnu-tools-for-stm32.10.3-2021.10.linux64_1.0.0.202111181127/tools/bin/../lib/gcc/arm-none-eabi/10.3.1/../../../../arm-none-eabi/lib/thumb/v7-m/nofp/libc_nano.a(lib_a-nano-freer.o)
 .ARM.attributes
                0x0000000000000773       0x2d /opt/st/stm32cubeide_1.10.1/plugins/com.st.stm32cube.ide.mcu.externaltools.gnu-tools-for-stm32.10.3-2021.10.linux64_1.0.0.202111181127/tools/bin/../lib/gcc/arm-none-eabi/10.3.1/../../../../arm-none-eabi/lib/thumb/v7-m/nofp/libc_nano.a(lib_a-nano-mallocr.o)
 .ARM.attributes
                0x00000000000007a0       0x2d /opt/st/stm32cubeide_1.10.1/plugins/com.st.stm32cube.ide.mcu.externaltools.gnu-tools-for-stm32.10.3-2021.10.linux64_1.0.0.202111181127/tools/bin/../lib/gcc/arm-none-eabi/10.3.1/../../../../arm-none-eabi/lib/thumb/v7-m/nofp/libc_nano.a(lib_a-nano-reallocr.o)
 .ARM.attributes
                0x00000000000007cd       0x2d /opt/st/stm32cubeide_1.10.1/plugins/com.st.stm32cube.ide.mcu.externaltools.gnu-tools-for-stm32.10.3-2021.10.linux64_1.0.0.202111181127/tools/bin/../lib/gcc/arm-none-eabi/10.3.1/../../../../arm-none-eabi/lib/thumb/v7-m/nofp/libc_nano.a(lib_a-sbrkr.o)
 .ARM.attributes
                0x00000000000007fa       0x2d /opt/st/stm32cubeide_1.10.1/plugins/com.st.stm32cube.ide.mcu.externaltools.gnu-tools-for-stm32.10.3-2021.10.linux64_1.0.0.202111181127/tools/bin/../lib/gcc/arm-none-eabi/10.3.1/../../../../arm-none-eabi/lib/thumb/v7-m/nofp/libc_nano.a(lib_a-mlock.o)
 .ARM.attributes
                0x0000000000000827       0x2d /opt/st/stm32cubeide_1.10.1/plugins/com.st.stm32cube.ide.mcu.externaltools.gnu-tools-for-stm32.10.3-2021.10.linux64_1.0.0.202111181127/tools/bin/../lib/gcc/arm-none-eabi/10.3.1/../../../../arm-none-eabi/lib/thumb/v7-m/nofp/libc_nano.a(lib_a-nano-msizer.o)
 .ARM.attributes
                0x0000000000000854       0x2d /opt/st/stm32cubeide_1.10.1/plugins/com.st.stm32cube.ide.mcu.externaltools.gnu-tools-for-stm32.10.3-2021.10.linux64_1.0.0.202111181127/tools/bin/../lib/gcc/arm-none-eabi/10.3.1/../../../../arm-none-eabi/lib/thumb/v7-m/nofp/libc_nano.a(lib_a-reent.o)
 .ARM.attributes
                0x0000000000000881       0x2d /opt/st/stm32cubeide_1.10.1/plugins/com.st.stm32cube.ide.mcu.externaltools.gnu-tools-for-stm32.10.3-2021.10.linux64_1.0.0.202111181127/tools/bin/../lib/gcc/arm-none-eabi/10.3.1/../../../../arm-none-eabi/lib/thumb/v7-m/nofp/libc_nano.a(lib_a-lock.o)
 .ARM.attributes
                0x00000000000008ae       0x1d /opt/st/stm32cubeide_1.10.1/plugins/com.st.stm32cube.ide.mcu.externaltools.gnu-tools-for-stm32.10.3-2021.10.linux64_1.0.0.202111181127/tools/bin/../lib/gcc/arm-none-eabi/10.3.1/thumb/v7-m/nofp/crtn.o
OUTPUT(rs485-slave-103c8t6.elf elf32-littlearm)
LOAD linker stubs
LOAD /opt/st/stm32cubeide_1.10.1/plugins/com.st.stm32cube.ide.mcu.externaltools.gnu-tools-for-stm32.10.3-2021.10.linux64_1.0.0.202111181127/tools/bin/../lib/gcc/arm-none-eabi/10.3.1/../../../../arm-none-eabi/lib/thumb/v7-m/nofp/libc.a
LOAD /opt/st/stm32cubeide_1.10.1/plugins/com.st.stm32cube.ide.mcu.externaltools.gnu-tools-for-stm32.10.3-2021.10.linux64_1.0.0.202111181127/tools/bin/../lib/gcc/arm-none-eabi/10.3.1/../../../../arm-none-eabi/lib/thumb/v7-m/nofp/libm.a
LOAD /opt/st/stm32cubeide_1.10.1/plugins/com.st.stm32cube.ide.mcu.externaltools.gnu-tools-for-stm32.10.3-2021.10.linux64_1.0.0.202111181127/tools/bin/../lib/gcc/arm-none-eabi/10.3.1/thumb/v7-m/nofp/libgcc.a

.debug_info     0x0000000000000000    0x120bb
 .debug_info    0x0000000000000000      0x44c ./Core/Src/App/commandhandler.o
 .debug_info    0x000000000000044c      0x141 ./Core/Src/App/crc.o
 .debug_info    0x000000000000058d      0x2c7 ./Core/Src/Device/dipswitch.o
 .debug_info    0x0000000000000854      0xb19 ./Core/Src/Device/loadcell.o
 .debug_info    0x000000000000136d      0xb01 ./Core/Src/Device/rfid.o
 .debug_info    0x0000000000001e6e      0x305 ./Core/Src/Hal/clock.o
 .debug_info    0x0000000000002173      0x1d0 ./Core/Src/Hal/gpio.o
 .debug_info    0x0000000000002343      0x8f4 ./Core/Src/Hal/timer.o
 .debug_info    0x0000000000002c37      0x99b ./Core/Src/Hal/uart.o
 .debug_info    0x00000000000035d2      0x6d0 ./Core/Src/Tp/rs485.o
 .debug_info    0x0000000000003ca2      0x183 ./Core/Src/main.o
 .debug_info    0x0000000000003e25     0x10a4 ./Core/Src/stm32f1xx_hal_msp.o
 .debug_info    0x0000000000004ec9      0x9f3 ./Core/Src/stm32f1xx_it.o
 .debug_info    0x00000000000058bc      0x171 ./Core/Src/sysmem.o
 .debug_info    0x0000000000005a2d      0x23d ./Core/Src/system_stm32f1xx.o
 .debug_info    0x0000000000005c6a       0x22 ./Core/Startup/startup_stm32f103c8tx.o
 .debug_info    0x0000000000005c8c      0x734 ./Drivers/STM32F1xx_HAL_Driver/Src/stm32f1xx_hal.o
 .debug_info    0x00000000000063c0      0xb20 ./Drivers/STM32F1xx_HAL_Driver/Src/stm32f1xx_hal_cortex.o
 .debug_info    0x0000000000006ee0      0x744 ./Drivers/STM32F1xx_HAL_Driver/Src/stm32f1xx_hal_dma.o
 .debug_info    0x0000000000007624      0x615 ./Drivers/STM32F1xx_HAL_Driver/Src/stm32f1xx_hal_gpio.o
 .debug_info    0x0000000000007c39      0x865 ./Drivers/STM32F1xx_HAL_Driver/Src/stm32f1xx_hal_rcc.o
 .debug_info    0x000000000000849e     0x2bab ./Drivers/STM32F1xx_HAL_Driver/Src/stm32f1xx_hal_tim.o
 .debug_info    0x000000000000b049     0x15c7 ./Drivers/STM32F1xx_HAL_Driver/Src/stm32f1xx_hal_tim_ex.o
 .debug_info    0x000000000000c610     0x31b2 ./Drivers/STM32F1xx_HAL_Driver/Src/stm32f1xx_hal_uart.o
 .debug_info    0x000000000000f7c2     0x1226 ./Lib/HX711/HX711.o
 .debug_info    0x00000000000109e8     0x1011 ./Lib/PN532/PN532.o
 .debug_info    0x00000000000119f9      0x348 ./Lib/utils/utils_buffer.o
 .debug_info    0x0000000000011d41      0x37a ./Lib/utils/utils_logger.o

.debug_abbrev   0x0000000000000000     0x34bd
 .debug_abbrev  0x0000000000000000      0x1bb ./Core/Src/App/commandhandler.o
 .debug_abbrev  0x00000000000001bb       0x9e ./Core/Src/App/crc.o
 .debug_abbrev  0x0000000000000259      0x19b ./Core/Src/Device/dipswitch.o
 .debug_abbrev  0x00000000000003f4      0x2cc ./Core/Src/Device/loadcell.o
 .debug_abbrev  0x00000000000006c0      0x31a ./Core/Src/Device/rfid.o
 .debug_abbrev  0x00000000000009da      0x1aa ./Core/Src/Hal/clock.o
 .debug_abbrev  0x0000000000000b84       0xc4 ./Core/Src/Hal/gpio.o
 .debug_abbrev  0x0000000000000c48      0x23b ./Core/Src/Hal/timer.o
 .debug_abbrev  0x0000000000000e83      0x239 ./Core/Src/Hal/uart.o
 .debug_abbrev  0x00000000000010bc      0x1ef ./Core/Src/Tp/rs485.o
 .debug_abbrev  0x00000000000012ab       0xf4 ./Core/Src/main.o
 .debug_abbrev  0x000000000000139f      0x20a ./Core/Src/stm32f1xx_hal_msp.o
 .debug_abbrev  0x00000000000015a9      0x18b ./Core/Src/stm32f1xx_it.o
 .debug_abbrev  0x0000000000001734       0xbb ./Core/Src/sysmem.o
 .debug_abbrev  0x00000000000017ef      0x13b ./Core/Src/system_stm32f1xx.o
 .debug_abbrev  0x000000000000192a       0x12 ./Core/Startup/startup_stm32f103c8tx.o
 .debug_abbrev  0x000000000000193c      0x1fb ./Drivers/STM32F1xx_HAL_Driver/Src/stm32f1xx_hal.o
 .debug_abbrev  0x0000000000001b37      0x2ed ./Drivers/STM32F1xx_HAL_Driver/Src/stm32f1xx_hal_cortex.o
 .debug_abbrev  0x0000000000001e24      0x1fe ./Drivers/STM32F1xx_HAL_Driver/Src/stm32f1xx_hal_dma.o
 .debug_abbrev  0x0000000000002022      0x1bb ./Drivers/STM32F1xx_HAL_Driver/Src/stm32f1xx_hal_gpio.o
 .debug_abbrev  0x00000000000021dd      0x2a8 ./Drivers/STM32F1xx_HAL_Driver/Src/stm32f1xx_hal_rcc.o
 .debug_abbrev  0x0000000000002485      0x264 ./Drivers/STM32F1xx_HAL_Driver/Src/stm32f1xx_hal_tim.o
 .debug_abbrev  0x00000000000026e9      0x26c ./Drivers/STM32F1xx_HAL_Driver/Src/stm32f1xx_hal_tim_ex.o
 .debug_abbrev  0x0000000000002955      0x2df ./Drivers/STM32F1xx_HAL_Driver/Src/stm32f1xx_hal_uart.o
 .debug_abbrev  0x0000000000002c34      0x345 ./Lib/HX711/HX711.o
 .debug_abbrev  0x0000000000002f79      0x25d ./Lib/PN532/PN532.o
 .debug_abbrev  0x00000000000031d6      0x157 ./Lib/utils/utils_buffer.o
 .debug_abbrev  0x000000000000332d      0x190 ./Lib/utils/utils_logger.o

.debug_aranges  0x0000000000000000     0x1200
 .debug_aranges
                0x0000000000000000       0x58 ./Core/Src/App/commandhandler.o
 .debug_aranges
                0x0000000000000058       0x20 ./Core/Src/App/crc.o
 .debug_aranges
                0x0000000000000078       0x30 ./Core/Src/Device/dipswitch.o
 .debug_aranges
                0x00000000000000a8       0x58 ./Core/Src/Device/loadcell.o
 .debug_aranges
                0x0000000000000100       0xb8 ./Core/Src/Device/rfid.o
 .debug_aranges
                0x00000000000001b8       0x40 ./Core/Src/Hal/clock.o
 .debug_aranges
                0x00000000000001f8       0x20 ./Core/Src/Hal/gpio.o
 .debug_aranges
                0x0000000000000218       0x38 ./Core/Src/Hal/timer.o
 .debug_aranges
                0x0000000000000250       0x58 ./Core/Src/Hal/uart.o
 .debug_aranges
                0x00000000000002a8       0x68 ./Core/Src/Tp/rs485.o
 .debug_aranges
                0x0000000000000310       0x28 ./Core/Src/main.o
 .debug_aranges
                0x0000000000000338       0x50 ./Core/Src/stm32f1xx_hal_msp.o
 .debug_aranges
                0x0000000000000388       0x80 ./Core/Src/stm32f1xx_it.o
 .debug_aranges
                0x0000000000000408       0x20 ./Core/Src/sysmem.o
 .debug_aranges
                0x0000000000000428       0x28 ./Core/Src/system_stm32f1xx.o
 .debug_aranges
                0x0000000000000450       0x28 ./Core/Startup/startup_stm32f103c8tx.o
 .debug_aranges
                0x0000000000000478       0xe0 ./Drivers/STM32F1xx_HAL_Driver/Src/stm32f1xx_hal.o
 .debug_aranges
                0x0000000000000558      0x100 ./Drivers/STM32F1xx_HAL_Driver/Src/stm32f1xx_hal_cortex.o
 .debug_aranges
                0x0000000000000658       0x80 ./Drivers/STM32F1xx_HAL_Driver/Src/stm32f1xx_hal_dma.o
 .debug_aranges
                0x00000000000006d8       0x58 ./Drivers/STM32F1xx_HAL_Driver/Src/stm32f1xx_hal_gpio.o
 .debug_aranges
                0x0000000000000730       0x90 ./Drivers/STM32F1xx_HAL_Driver/Src/stm32f1xx_hal_rcc.o
 .debug_aranges
                0x00000000000007c0      0x3d0 ./Drivers/STM32F1xx_HAL_Driver/Src/stm32f1xx_hal_tim.o
 .debug_aranges
                0x0000000000000b90      0x168 ./Drivers/STM32F1xx_HAL_Driver/Src/stm32f1xx_hal_tim_ex.o
 .debug_aranges
                0x0000000000000cf8      0x208 ./Drivers/STM32F1xx_HAL_Driver/Src/stm32f1xx_hal_uart.o
 .debug_aranges
                0x0000000000000f00      0x138 ./Lib/HX711/HX711.o
 .debug_aranges
                0x0000000000001038      0x138 ./Lib/PN532/PN532.o
 .debug_aranges
                0x0000000000001170       0x50 ./Lib/utils/utils_buffer.o
 .debug_aranges
                0x00000000000011c0       0x40 ./Lib/utils/utils_logger.o

.debug_ranges   0x0000000000000000     0x1078
 .debug_ranges  0x0000000000000000       0x48 ./Core/Src/App/commandhandler.o
 .debug_ranges  0x0000000000000048       0x10 ./Core/Src/App/crc.o
 .debug_ranges  0x0000000000000058       0x20 ./Core/Src/Device/dipswitch.o
 .debug_ranges  0x0000000000000078       0x48 ./Core/Src/Device/loadcell.o
 .debug_ranges  0x00000000000000c0       0xa8 ./Core/Src/Device/rfid.o
 .debug_ranges  0x0000000000000168       0x30 ./Core/Src/Hal/clock.o
 .debug_ranges  0x0000000000000198       0x10 ./Core/Src/Hal/gpio.o
 .debug_ranges  0x00000000000001a8       0x28 ./Core/Src/Hal/timer.o
 .debug_ranges  0x00000000000001d0       0x48 ./Core/Src/Hal/uart.o
 .debug_ranges  0x0000000000000218       0x58 ./Core/Src/Tp/rs485.o
 .debug_ranges  0x0000000000000270       0x18 ./Core/Src/main.o
 .debug_ranges  0x0000000000000288       0x40 ./Core/Src/stm32f1xx_hal_msp.o
 .debug_ranges  0x00000000000002c8       0x70 ./Core/Src/stm32f1xx_it.o
 .debug_ranges  0x0000000000000338       0x10 ./Core/Src/sysmem.o
 .debug_ranges  0x0000000000000348       0x18 ./Core/Src/system_stm32f1xx.o
 .debug_ranges  0x0000000000000360       0x20 ./Core/Startup/startup_stm32f103c8tx.o
 .debug_ranges  0x0000000000000380       0xd0 ./Drivers/STM32F1xx_HAL_Driver/Src/stm32f1xx_hal.o
 .debug_ranges  0x0000000000000450       0xf0 ./Drivers/STM32F1xx_HAL_Driver/Src/stm32f1xx_hal_cortex.o
 .debug_ranges  0x0000000000000540       0x70 ./Drivers/STM32F1xx_HAL_Driver/Src/stm32f1xx_hal_dma.o
 .debug_ranges  0x00000000000005b0       0x48 ./Drivers/STM32F1xx_HAL_Driver/Src/stm32f1xx_hal_gpio.o
 .debug_ranges  0x00000000000005f8       0x80 ./Drivers/STM32F1xx_HAL_Driver/Src/stm32f1xx_hal_rcc.o
 .debug_ranges  0x0000000000000678      0x3c0 ./Drivers/STM32F1xx_HAL_Driver/Src/stm32f1xx_hal_tim.o
 .debug_ranges  0x0000000000000a38      0x158 ./Drivers/STM32F1xx_HAL_Driver/Src/stm32f1xx_hal_tim_ex.o
 .debug_ranges  0x0000000000000b90      0x228 ./Drivers/STM32F1xx_HAL_Driver/Src/stm32f1xx_hal_uart.o
 .debug_ranges  0x0000000000000db8      0x128 ./Lib/HX711/HX711.o
 .debug_ranges  0x0000000000000ee0      0x128 ./Lib/PN532/PN532.o
 .debug_ranges  0x0000000000001008       0x40 ./Lib/utils/utils_buffer.o
 .debug_ranges  0x0000000000001048       0x30 ./Lib/utils/utils_logger.o

.debug_macro    0x0000000000000000    0x1ce65
 .debug_macro   0x0000000000000000      0x221 ./Core/Src/App/commandhandler.o
 .debug_macro   0x0000000000000221      0xa6c ./Core/Src/App/commandhandler.o
 .debug_macro   0x0000000000000c8d       0x22 ./Core/Src/App/commandhandler.o
 .debug_macro   0x0000000000000caf       0x22 ./Core/Src/App/commandhandler.o
 .debug_macro   0x0000000000000cd1       0x8e ./Core/Src/App/commandhandler.o
 .debug_macro   0x0000000000000d5f       0x51 ./Core/Src/App/commandhandler.o
 .debug_macro   0x0000000000000db0      0x103 ./Core/Src/App/commandhandler.o
 .debug_macro   0x0000000000000eb3       0x6a ./Core/Src/App/commandhandler.o
 .debug_macro   0x0000000000000f1d      0x1df ./Core/Src/App/commandhandler.o
 .debug_macro   0x00000000000010fc       0x52 ./Core/Src/App/commandhandler.o
 .debug_macro   0x000000000000114e       0x18 ./Core/Src/App/commandhandler.o
 .debug_macro   0x0000000000001166       0x3c ./Core/Src/App/commandhandler.o
 .debug_macro   0x00000000000011a2       0x34 ./Core/Src/App/commandhandler.o
 .debug_macro   0x00000000000011d6       0x16 ./Core/Src/App/commandhandler.o
 .debug_macro   0x00000000000011ec       0x97 ./Core/Src/App/commandhandler.o
 .debug_macro   0x0000000000001283      0x341 ./Core/Src/App/commandhandler.o
 .debug_macro   0x00000000000015c4       0xfd ./Core/Src/App/commandhandler.o
 .debug_macro   0x00000000000016c1       0x10 ./Core/Src/App/commandhandler.o
 .debug_macro   0x00000000000016d1       0x16 ./Core/Src/App/commandhandler.o
 .debug_macro   0x00000000000016e7       0x43 ./Core/Src/App/commandhandler.o
 .debug_macro   0x000000000000172a       0x34 ./Core/Src/App/commandhandler.o
 .debug_macro   0x000000000000175e       0x10 ./Core/Src/App/commandhandler.o
 .debug_macro   0x000000000000176e       0x58 ./Core/Src/App/commandhandler.o
 .debug_macro   0x00000000000017c6       0x71 ./Core/Src/App/commandhandler.o
 .debug_macro   0x0000000000001837       0x1c ./Core/Src/App/commandhandler.o
 .debug_macro   0x0000000000001853      0x12a ./Core/Src/App/commandhandler.o
 .debug_macro   0x000000000000197d       0x10 ./Core/Src/App/commandhandler.o
 .debug_macro   0x000000000000198d       0x1c ./Core/Src/App/commandhandler.o
 .debug_macro   0x00000000000019a9       0x52 ./Core/Src/App/commandhandler.o
 .debug_macro   0x00000000000019fb       0x22 ./Core/Src/App/commandhandler.o
 .debug_macro   0x0000000000001a1d       0x10 ./Core/Src/App/commandhandler.o
 .debug_macro   0x0000000000001a2d       0x52 ./Core/Src/App/commandhandler.o
 .debug_macro   0x0000000000001a7f       0xd5 ./Core/Src/App/commandhandler.o
 .debug_macro   0x0000000000001b54       0x1c ./Core/Src/App/commandhandler.o
 .debug_macro   0x0000000000001b70       0x3d ./Core/Src/App/commandhandler.o
 .debug_macro   0x0000000000001bad       0x16 ./Core/Src/App/commandhandler.o
 .debug_macro   0x0000000000001bc3      0x145 ./Core/Src/App/commandhandler.o
 .debug_macro   0x0000000000001d08       0x2e ./Core/Src/App/commandhandler.o
 .debug_macro   0x0000000000001d36       0x6d ./Core/Src/App/crc.o
 .debug_macro   0x0000000000001da3      0x343 ./Core/Src/Device/dipswitch.o
 .debug_macro   0x00000000000020e6      0x227 ./Core/Src/Device/dipswitch.o
 .debug_macro   0x000000000000230d       0x2e ./Core/Src/Device/dipswitch.o
 .debug_macro   0x000000000000233b       0x22 ./Core/Src/Device/dipswitch.o
 .debug_macro   0x000000000000235d       0x1c ./Core/Src/Device/dipswitch.o
 .debug_macro   0x0000000000002379       0x22 ./Core/Src/Device/dipswitch.o
 .debug_macro   0x000000000000239b       0xbd ./Core/Src/Device/dipswitch.o
 .debug_macro   0x0000000000002458      0xd23 ./Core/Src/Device/dipswitch.o
 .debug_macro   0x000000000000317b     0xe09e ./Core/Src/Device/dipswitch.o
 .debug_macro   0x0000000000011219       0x6d ./Core/Src/Device/dipswitch.o
 .debug_macro   0x0000000000011286     0x348d ./Core/Src/Device/dipswitch.o
 .debug_macro   0x0000000000014713      0x174 ./Core/Src/Device/dipswitch.o
 .debug_macro   0x0000000000014887       0x5c ./Core/Src/Device/dipswitch.o
 .debug_macro   0x00000000000148e3      0x5bc ./Core/Src/Device/dipswitch.o
 .debug_macro   0x0000000000014e9f      0x289 ./Core/Src/Device/dipswitch.o
 .debug_macro   0x0000000000015128      0x1cb ./Core/Src/Device/dipswitch.o
 .debug_macro   0x00000000000152f3      0x114 ./Core/Src/Device/dipswitch.o
 .debug_macro   0x0000000000015407      0x1b2 ./Core/Src/Device/dipswitch.o
 .debug_macro   0x00000000000155b9       0x27 ./Core/Src/Device/dipswitch.o
 .debug_macro   0x00000000000155e0      0x136 ./Core/Src/Device/dipswitch.o
 .debug_macro   0x0000000000015716      0x1bc ./Core/Src/Device/dipswitch.o
 .debug_macro   0x00000000000158d2       0x34 ./Core/Src/Device/dipswitch.o
 .debug_macro   0x0000000000015906       0x3c ./Core/Src/Device/dipswitch.o
 .debug_macro   0x0000000000015942       0x57 ./Core/Src/Device/dipswitch.o
 .debug_macro   0x0000000000015999       0x87 ./Core/Src/Device/dipswitch.o
 .debug_macro   0x0000000000015a20      0x240 ./Core/Src/Device/dipswitch.o
 .debug_macro   0x0000000000015c60       0x78 ./Core/Src/Device/dipswitch.o
 .debug_macro   0x0000000000015cd8      0x140 ./Core/Src/Device/dipswitch.o
 .debug_macro   0x0000000000015e18      0x217 ./Core/Src/Device/dipswitch.o
 .debug_macro   0x000000000001602f      0x8ed ./Core/Src/Device/dipswitch.o
 .debug_macro   0x000000000001691c      0x28e ./Core/Src/Device/dipswitch.o
 .debug_macro   0x0000000000016baa       0x83 ./Core/Src/Device/dipswitch.o
 .debug_macro   0x0000000000016c2d       0x35 ./Core/Src/Device/dipswitch.o
 .debug_macro   0x0000000000016c62      0x36b ./Core/Src/Device/loadcell.o
 .debug_macro   0x0000000000016fcd      0xb44 ./Core/Src/Device/loadcell.o
 .debug_macro   0x0000000000017b11       0x1c ./Core/Src/Device/loadcell.o
 .debug_macro   0x0000000000017b2d      0xd23 ./Core/Src/Device/loadcell.o
 .debug_macro   0x0000000000018850      0x17b ./Core/Src/Device/loadcell.o
 .debug_macro   0x00000000000189cb       0x34 ./Core/Src/Device/loadcell.o
 .debug_macro   0x00000000000189ff       0x35 ./Core/Src/Device/loadcell.o
 .debug_macro   0x0000000000018a34      0x364 ./Core/Src/Device/loadcell.o
 .debug_macro   0x0000000000018d98       0x43 ./Core/Src/Device/loadcell.o
 .debug_macro   0x0000000000018ddb       0x16 ./Core/Src/Device/loadcell.o
 .debug_macro   0x0000000000018df1      0x137 ./Core/Src/Device/loadcell.o
 .debug_macro   0x0000000000018f28       0x16 ./Core/Src/Device/loadcell.o
 .debug_macro   0x0000000000018f3e       0x52 ./Core/Src/Device/loadcell.o
 .debug_macro   0x0000000000018f90      0x3cf ./Core/Src/Device/rfid.o
 .debug_macro   0x000000000001935f       0x10 ./Core/Src/Device/rfid.o
 .debug_macro   0x000000000001936f       0x20 ./Core/Src/Device/rfid.o
 .debug_macro   0x000000000001938f       0x1c ./Core/Src/Device/rfid.o
 .debug_macro   0x00000000000193ab       0x3a ./Core/Src/Device/rfid.o
 .debug_macro   0x00000000000193e5       0x22 ./Core/Src/Device/rfid.o
 .debug_macro   0x0000000000019407       0x52 ./Core/Src/Device/rfid.o
 .debug_macro   0x0000000000019459      0x27f ./Core/Src/Device/rfid.o
 .debug_macro   0x00000000000196d8      0x333 ./Core/Src/Hal/clock.o
 .debug_macro   0x0000000000019a0b      0x339 ./Core/Src/Hal/gpio.o
 .debug_macro   0x0000000000019d44      0x362 ./Core/Src/Hal/timer.o
 .debug_macro   0x000000000001a0a6      0x35b ./Core/Src/Hal/uart.o
 .debug_macro   0x000000000001a401       0x10 ./Core/Src/Hal/uart.o
 .debug_macro   0x000000000001a411      0x264 ./Core/Src/Tp/rs485.o
 .debug_macro   0x000000000001a675       0x28 ./Core/Src/Tp/rs485.o
 .debug_macro   0x000000000001a69d      0x38b ./Core/Src/main.o
 .debug_macro   0x000000000001aa28       0x10 ./Core/Src/main.o
 .debug_macro   0x000000000001aa38      0x1c1 ./Core/Src/stm32f1xx_hal_msp.o
 .debug_macro   0x000000000001abf9      0x1cb ./Core/Src/stm32f1xx_it.o
 .debug_macro   0x000000000001adc4       0xff ./Core/Src/sysmem.o
 .debug_macro   0x000000000001aec3      0x23b ./Core/Src/sysmem.o
 .debug_macro   0x000000000001b0fe      0x1b7 ./Core/Src/system_stm32f1xx.o
 .debug_macro   0x000000000001b2b5      0x1db ./Drivers/STM32F1xx_HAL_Driver/Src/stm32f1xx_hal.o
 .debug_macro   0x000000000001b490      0x1b7 ./Drivers/STM32F1xx_HAL_Driver/Src/stm32f1xx_hal_cortex.o
 .debug_macro   0x000000000001b647      0x1b7 ./Drivers/STM32F1xx_HAL_Driver/Src/stm32f1xx_hal_dma.o
 .debug_macro   0x000000000001b7fe      0x222 ./Drivers/STM32F1xx_HAL_Driver/Src/stm32f1xx_hal_gpio.o
 .debug_macro   0x000000000001ba20      0x1c9 ./Drivers/STM32F1xx_HAL_Driver/Src/stm32f1xx_hal_rcc.o
 .debug_macro   0x000000000001bbe9      0x1b8 ./Drivers/STM32F1xx_HAL_Driver/Src/stm32f1xx_hal_tim.o
 .debug_macro   0x000000000001bda1      0x1b7 ./Drivers/STM32F1xx_HAL_Driver/Src/stm32f1xx_hal_tim_ex.o
 .debug_macro   0x000000000001bf58      0x1b8 ./Drivers/STM32F1xx_HAL_Driver/Src/stm32f1xx_hal_uart.o
 .debug_macro   0x000000000001c110      0x35f ./Lib/HX711/HX711.o
 .debug_macro   0x000000000001c46f       0x97 ./Lib/HX711/HX711.o
 .debug_macro   0x000000000001c506      0x104 ./Lib/HX711/HX711.o
 .debug_macro   0x000000000001c60a       0x56 ./Lib/HX711/HX711.o
 .debug_macro   0x000000000001c660      0x3a3 ./Lib/PN532/PN532.o
 .debug_macro   0x000000000001ca03       0x16 ./Lib/PN532/PN532.o
 .debug_macro   0x000000000001ca19      0x20a ./Lib/utils/utils_buffer.o
 .debug_macro   0x000000000001cc23      0x1f6 ./Lib/utils/utils_logger.o
 .debug_macro   0x000000000001ce19       0x4c ./Lib/utils/utils_logger.o

.debug_line     0x0000000000000000    0x15ec2
 .debug_line    0x0000000000000000      0x7a8 ./Core/Src/App/commandhandler.o
 .debug_line    0x00000000000007a8      0x3da ./Core/Src/App/crc.o
 .debug_line    0x0000000000000b82      0x92c ./Core/Src/Device/dipswitch.o
 .debug_line    0x00000000000014ae      0x9d7 ./Core/Src/Device/loadcell.o
 .debug_line    0x0000000000001e85      0xcff ./Core/Src/Device/rfid.o
 .debug_line    0x0000000000002b84      0x91d ./Core/Src/Hal/clock.o
 .debug_line    0x00000000000034a1      0x871 ./Core/Src/Hal/gpio.o
 .debug_line    0x0000000000003d12      0x968 ./Core/Src/Hal/timer.o
 .debug_line    0x000000000000467a      0xa99 ./Core/Src/Hal/uart.o
 .debug_line    0x0000000000005113      0x8f1 ./Core/Src/Tp/rs485.o
 .debug_line    0x0000000000005a04      0x955 ./Core/Src/main.o
 .debug_line    0x0000000000006359      0x7d7 ./Core/Src/stm32f1xx_hal_msp.o
 .debug_line    0x0000000000006b30      0x79f ./Core/Src/stm32f1xx_it.o
 .debug_line    0x00000000000072cf      0x4bd ./Core/Src/sysmem.o
 .debug_line    0x000000000000778c      0x6fb ./Core/Src/system_stm32f1xx.o
 .debug_line    0x0000000000007e87       0x86 ./Core/Startup/startup_stm32f103c8tx.o
 .debug_line    0x0000000000007f0d      0x928 ./Drivers/STM32F1xx_HAL_Driver/Src/stm32f1xx_hal.o
 .debug_line    0x0000000000008835      0xb10 ./Drivers/STM32F1xx_HAL_Driver/Src/stm32f1xx_hal_cortex.o
 .debug_line    0x0000000000009345      0xd81 ./Drivers/STM32F1xx_HAL_Driver/Src/stm32f1xx_hal_dma.o
 .debug_line    0x000000000000a0c6      0x9c1 ./Drivers/STM32F1xx_HAL_Driver/Src/stm32f1xx_hal_gpio.o
 .debug_line    0x000000000000aa87      0xd34 ./Drivers/STM32F1xx_HAL_Driver/Src/stm32f1xx_hal_rcc.o
 .debug_line    0x000000000000b7bb     0x33b3 ./Drivers/STM32F1xx_HAL_Driver/Src/stm32f1xx_hal_tim.o
 .debug_line    0x000000000000eb6e     0x187e ./Drivers/STM32F1xx_HAL_Driver/Src/stm32f1xx_hal_tim_ex.o
 .debug_line    0x00000000000103ec     0x2859 ./Drivers/STM32F1xx_HAL_Driver/Src/stm32f1xx_hal_uart.o
 .debug_line    0x0000000000012c45      0xf79 ./Lib/HX711/HX711.o
 .debug_line    0x0000000000013bbe     0x15ac ./Lib/PN532/PN532.o
 .debug_line    0x000000000001516a      0x751 ./Lib/utils/utils_buffer.o
 .debug_line    0x00000000000158bb      0x607 ./Lib/utils/utils_logger.o

.debug_str      0x0000000000000000    0x8fac9
 .debug_str     0x0000000000000000     0x7fc6 ./Core/Src/App/commandhandler.o
                                       0x81cb (size before relaxing)
 .debug_str     0x0000000000007fc6       0x64 ./Core/Src/App/crc.o
                                       0x3c3a (size before relaxing)
 .debug_str     0x000000000000802a    0x80e0e ./Core/Src/Device/dipswitch.o
                                      0x88c80 (size before relaxing)
 .debug_str     0x0000000000088e38     0x11e2 ./Core/Src/Device/loadcell.o
                                      0x89b56 (size before relaxing)
 .debug_str     0x000000000008a01a     0x14b3 ./Core/Src/Device/rfid.o
                                      0x8a204 (size before relaxing)
 .debug_str     0x000000000008b4cd      0x1d4 ./Core/Src/Hal/clock.o
                                      0x88cff (size before relaxing)
 .debug_str     0x000000000008b6a1       0x73 ./Core/Src/Hal/gpio.o
                                      0x88b84 (size before relaxing)
 .debug_str     0x000000000008b714      0x67b ./Core/Src/Hal/timer.o
                                      0x8951f (size before relaxing)
 .debug_str     0x000000000008bd8f      0x39b ./Core/Src/Hal/uart.o
                                      0x8940a (size before relaxing)
 .debug_str     0x000000000008c12a      0x20d ./Core/Src/Tp/rs485.o
                                       0x8495 (size before relaxing)
 .debug_str     0x000000000008c337       0x36 ./Core/Src/main.o
                                      0x88d5e (size before relaxing)
 .debug_str     0x000000000008c36d      0x4e9 ./Core/Src/stm32f1xx_hal_msp.o
                                      0x85a3a (size before relaxing)
 .debug_str     0x000000000008c856      0x136 ./Core/Src/stm32f1xx_it.o
                                      0x85592 (size before relaxing)
 .debug_str     0x000000000008c98c      0x4da ./Core/Src/sysmem.o
                                       0x5d64 (size before relaxing)
 .debug_str     0x000000000008ce66       0x7e ./Core/Src/system_stm32f1xx.o
                                      0x84e35 (size before relaxing)
 .debug_str     0x000000000008cee4       0x36 ./Core/Startup/startup_stm32f103c8tx.o
                                         0x7e (size before relaxing)
 .debug_str     0x000000000008cf1a      0x314 ./Drivers/STM32F1xx_HAL_Driver/Src/stm32f1xx_hal.o
                                      0x85568 (size before relaxing)
 .debug_str     0x000000000008d22e      0x295 ./Drivers/STM32F1xx_HAL_Driver/Src/stm32f1xx_hal_cortex.o
                                      0x854b4 (size before relaxing)
 .debug_str     0x000000000008d4c3      0x230 ./Drivers/STM32F1xx_HAL_Driver/Src/stm32f1xx_hal_dma.o
                                      0x851de (size before relaxing)
 .debug_str     0x000000000008d6f3      0x2f4 ./Drivers/STM32F1xx_HAL_Driver/Src/stm32f1xx_hal_gpio.o
                                      0x851bb (size before relaxing)
 .debug_str     0x000000000008d9e7      0x21e ./Drivers/STM32F1xx_HAL_Driver/Src/stm32f1xx_hal_rcc.o
                                      0x85264 (size before relaxing)
 .debug_str     0x000000000008dc05      0xda3 ./Drivers/STM32F1xx_HAL_Driver/Src/stm32f1xx_hal_tim.o
                                      0x86256 (size before relaxing)
 .debug_str     0x000000000008e9a8      0x493 ./Drivers/STM32F1xx_HAL_Driver/Src/stm32f1xx_hal_tim_ex.o
                                      0x85a72 (size before relaxing)
 .debug_str     0x000000000008ee3b      0x5c5 ./Drivers/STM32F1xx_HAL_Driver/Src/stm32f1xx_hal_uart.o
                                      0x858d5 (size before relaxing)
 .debug_str     0x000000000008f400       0x99 ./Lib/HX711/HX711.o
                                      0x89a5c (size before relaxing)