../Core/Src/Tp/rs485.c:45:6:RS485_init	8	static
../Core/Src/Tp/rs485.c:51:6:RS485_run	24	static
../Core/Src/Tp/rs485.c:66:6:RS485_send	24	static
../Core/Src/Tp/rs485.c:73:6:RS485_receive	16	static
../Core/Src/Tp/rs485.c:84:13:RS485_interrupt1ms	4	static
../Core/Src/Tp/rs485.c:96:13:RS485_parse	48	static
../Core/Src/Tp/rs485.c:146:17:RS485_calCheckSum	16	static
../Core/Src/Tp/rs485.c:151:13:RS485_serialize	40	static
../Core/Src/Tp/rs485.c:172:13:RS485_cutBuffer	32	static
../Core/Src/Tp/rs485.c:181:13:RS485_onUartCallback	16	static
