../Core/Src/Device/rfid.c:87:6:RFID_init	16	static
../Core/Src/Device/rfid.c:94:6:RFID_run	8	static
../Core/Src/Device/rfid.c:99:6:RFID_get	24	static
../Core/Src/Device/rfid.c:103:6:RFID_isPlaced	4	static
../Core/Src/Device/rfid.c:107:6:RFID_isDetected	4	static
../Core/Src/Device/rfid.c:111:6:RFID_clearDetected	4	static
../Core/Src/Device/rfid.c:115:14:RFID_set	40	static
../Core/Src/Device/rfid.c:141:6:RFID_isError	4	static
../Core/Src/Device/rfid.c:145:14:RFID_getError	4	static
../Core/Src/Device/rfid.c:149:6:RFID_test	32	static
../Core/Src/Device/rfid.c:160:13:RFID_runById	80	static
../Core/Src/Device/rfid.c:196:13:SPI_CS1_write	16	static
../Core/Src/Device/rfid.c:199:13:SPI_CS1_writeThenRead	32	static
../Core/Src/Device/rfid.c:202:13:SPI_CS2_write	16	static
../Core/Src/Device/rfid.c:205:13:SPI_CS2_writeThenRead	32	static
../Core/Src/Device/rfid.c:208:13:SPI_CS3_write	16	static
../Core/Src/Device/rfid.c:211:13:SPI_CS3_writeThenRead	32	static
../Core/Src/Device/rfid.c:214:13:RFID_buildToBlockData	32	static
../Core/Src/Device/rfid.c:227:13:RFID_parseFromBlockData	32	static
../Core/Src/Device/rfid.c:249:17:RFID_getBlockDataKey	32	static
../Core/Src/Device/rfid.c:261:16:RFID_getIdKey	24	static
