../Core/Src/Device/rfid.c:73:6:RFID_init	8	static
../Core/Src/Device/rfid.c:79:6:RFID_run	8	static
../Core/Src/Device/rfid.c:84:6:RFID_get	24	static
../Core/Src/Device/rfid.c:88:6:RFID_isPlaced	4	static
../Core/Src/Device/rfid.c:92:6:RFID_isDetected	4	static
../Core/Src/Device/rfid.c:96:6:RFID_clearDetected	4	static
../Core/Src/Device/rfid.c:100:14:RFID_set	40	static
../Core/Src/Device/rfid.c:126:6:RFID_isError	4	static
../Core/Src/Device/rfid.c:130:14:RFID_getError	4	static
../Core/Src/Device/rfid.c:134:6:RFID_test	32	static
../Core/Src/Device/rfid.c:147:13:RFID_runById	72	static
../Core/Src/Device/rfid.c:185:13:RFID_portInterfaceWrite	16	static
../Core/Src/Device/rfid.c:189:13:RFID_portInterfaceRead	32	static
../Core/Src/Device/rfid.c:205:13:RFID_portInterfaceIsAvailable	8	static
../Core/Src/Device/rfid.c:209:13:RFID_portInterfaceCleanup	16	static
../Core/Src/Device/rfid.c:226:13:RFID_portInterfaceReset	16	static
../Core/Src/Device/rfid.c:230:13:RFID_buildToBlockData	32	static
../Core/Src/Device/rfid.c:243:13:RFID_parseFromBlockData	32	static
../Core/Src/Device/rfid.c:265:17:RFID_getBlockDataKey	32	static
../Core/Src/Device/rfid.c:277:16:RFID_getIdKey	24	static
