../Lib/HX711/HX711.cpp:13:1:HX711::HX711()	16	static
../Lib/HX711/HX711.cpp:19:1:HX711::~HX711()	16	static
../Lib/HX711/HX711.cpp:24:6:void HX711::begin(uint8_t, uint8_t, bool)	16	static
../Lib/HX711/HX711.cpp:38:6:void HX711::reset()	16	static
../Lib/HX711/HX711.cpp:50:6:bool HX711::is_ready()	16	static
../Lib/HX711/HX711.cpp:56:6:void HX711::wait_ready(uint32_t)	16	static
../Lib/HX711/HX711.cpp:65:6:bool HX711::wait_ready_retry(uint8_t, uint32_t)	24	static
../Lib/HX711/HX711.cpp:76:6:bool HX711::wait_ready_timeout(uint32_t, uint32_t)	32	static
../Lib/HX711/HX711.cpp:97:7:float HX711::read()	24	static,ignoring_inline_asm
../Lib/HX711/HX711.cpp:158:7:float HX711::read_average(uint8_t)	24	static
../Lib/HX711/HX711.cpp:171:7:float HX711::read_median(uint8_t)	88	static
../Lib/HX711/HX711.cpp:187:7:float HX711::read_medavg(uint8_t)	96	static
../Lib/HX711/HX711.cpp:212:7:float HX711::read_runavg(uint8_t, float)	32	static
../Lib/HX711/HX711.cpp:231:6:void HX711::set_raw_mode()	16	static
../Lib/HX711/HX711.cpp:237:6:void HX711::set_average_mode()	16	static
../Lib/HX711/HX711.cpp:243:6:void HX711::set_median_mode()	16	static
../Lib/HX711/HX711.cpp:249:6:void HX711::set_medavg_mode()	16	static
../Lib/HX711/HX711.cpp:256:6:void HX711::set_runavg_mode()	16	static
../Lib/HX711/HX711.cpp:262:9:uint8_t HX711::get_mode()	16	static
../Lib/HX711/HX711.cpp:268:7:float HX711::get_value(uint8_t)	24	static
../Lib/HX711/HX711.cpp:294:7:float HX711::get_units(uint8_t)	24	static
../Lib/HX711/HX711.cpp:305:6:void HX711::tare(uint8_t)	16	static
../Lib/HX711/HX711.cpp:311:7:float HX711::get_tare()	16	static
../Lib/HX711/HX711.cpp:317:6:bool HX711::tare_set()	16	static
../Lib/HX711/HX711.cpp:331:6:bool HX711::set_gain(uint8_t, bool)	16	static
../Lib/HX711/HX711.cpp:347:9:uint8_t HX711::get_gain()	16	static
../Lib/HX711/HX711.cpp:357:6:bool HX711::set_scale(float)	16	static
../Lib/HX711/HX711.cpp:365:7:float HX711::get_scale()	16	static
../Lib/HX711/HX711.cpp:371:6:void HX711::set_offset(long int)	16	static
../Lib/HX711/HX711.cpp:377:6:long int HX711::get_offset()	16	static
../Lib/HX711/HX711.cpp:384:6:void HX711::calibrate_scale(uint16_t, uint8_t)	32	static
../Lib/HX711/HX711.cpp:394:6:void HX711::power_down()	16	static
../Lib/HX711/HX711.cpp:402:6:void HX711::power_up()	16	static
../Lib/HX711/HX711.cpp:412:10:uint32_t HX711::last_read()	16	static
../Lib/HX711/HX711.cpp:423:6:void HX711::_insertSort(float*, uint8_t)	40	static
../Lib/HX711/HX711.cpp:444:9:uint8_t HX711::_shiftIn()	24	static
